Component: ARM Compiler 5.06 update 6 (build 750) Tool: armlink [4d35ed]

==============================================================================

Section Cross References

    main.o(i.Breath_Task) refers to led.o(i.LED) for LED
    main.o(i.Breath_Task) refers to tasks.o(i.vTaskDelay) for vTaskDelay
    main.o(i.Recv_Task) refers to queue.o(i.xQueueSemaphoreTake) for xQueueSemaphoreTake
    main.o(i.Recv_Task) refers to usart.o(i.USART_Printf) for USART_Printf
    main.o(i.Recv_Task) refers to usart.o(.bss) for xSemap
    main.o(i.Recv_Task) refers to usart.o(.constdata) for g_USART_Buf
    main.o(i.Start_Task) refers to port.o(i.vPortEnterCritical) for vPortEnterCritical
    main.o(i.Start_Task) refers to tasks.o(i.xTaskCreate) for xTaskCreate
    main.o(i.Start_Task) refers to tasks.o(i.vTaskDelete) for vTaskDelete
    main.o(i.Start_Task) refers to port.o(i.vPortExitCritical) for vPortExitCritical
    main.o(i.Start_Task) refers to main.o(.data) for Breath_Handler
    main.o(i.Start_Task) refers to main.o(i.Breath_Task) for Breath_Task
    main.o(i.Start_Task) refers to main.o(i.Recv_Task) for Recv_Task
    main.o(i.Start_Task) refers to main.o(i.W25Q64_SPI_TASK) for W25Q64_SPI_TASK
    main.o(i.W25Q64_SPI_TASK) refers to spi.o(i.W25Q64_SPI_Init) for W25Q64_SPI_Init
    main.o(i.W25Q64_SPI_TASK) refers to strlen.o(.text) for strlen
    main.o(i.W25Q64_SPI_TASK) refers to rt_memclr_w.o(.text) for __aeabi_memclr4
    main.o(i.W25Q64_SPI_TASK) refers to spi.o(i.W25Q64_ReadID) for W25Q64_ReadID
    main.o(i.W25Q64_SPI_TASK) refers to usart.o(i.USART_Printf) for USART_Printf
    main.o(i.W25Q64_SPI_TASK) refers to spi.o(i.W25Q64_SectorErase) for W25Q64_SectorErase
    main.o(i.W25Q64_SPI_TASK) refers to spi.o(i.W25Q64_PageProgram) for W25Q64_PageProgram
    main.o(i.W25Q64_SPI_TASK) refers to spi.o(i.W25Q64_ReadData) for W25Q64_ReadData
    main.o(i.W25Q64_SPI_TASK) refers to strcmpv7m.o(.text) for strcmp
    main.o(i.main) refers to misc.o(i.NVIC_PriorityGroupConfig) for NVIC_PriorityGroupConfig
    main.o(i.main) refers to init.o(i.DWT_INIT) for DWT_INIT
    main.o(i.main) refers to led.o(i.LED_Configuration) for LED_Configuration
    main.o(i.main) refers to usart.o(i.USART_xSemapxMutex_Configuration) for USART_xSemapxMutex_Configuration
    main.o(i.main) refers to usart.o(i.USART1_Configuration) for USART1_Configuration
    main.o(i.main) refers to usart.o(i.UART7_Configuration) for UART7_Configuration
    main.o(i.main) refers to usart.o(i.USART4_Configuration) for USART4_Configuration
    main.o(i.main) refers to usart.o(i.UART6_Configuration) for UART6_Configuration
    main.o(i.main) refers to usart.o(i.USART_Print) for USART_Print
    main.o(i.main) refers to tasks.o(i.xTaskCreate) for xTaskCreate
    main.o(i.main) refers to tasks.o(i.vTaskStartScheduler) for vTaskStartScheduler
    main.o(i.main) refers to main.o(.data) for Start_Handler
    main.o(i.main) refers to main.o(i.Start_Task) for Start_Task
    main.o(i.vApplicationMallocFailedHook) refers to usart.o(i.USART_Print) for USART_Print
    main.o(i.vApplicationStackOverflowHook) refers to usart.o(i.USART_Print) for USART_Print
    system_n32h47x_48x.o(i.SystemCoreClockUpdate) refers to system_n32h47x_48x.o(.data) for SystemCoreClock
    system_n32h47x_48x.o(i.SystemInit) refers to system_n32h47x_48x.o(i.SetSysClock) for SetSysClock
    system_n32h47x_48x.o(i.SystemInit) refers to system_n32h47x_48x.o(i.SetStartupVolt) for SetStartupVolt
    startup_n32h487.o(STACK) refers (Special) to heapauxi.o(.text) for __use_two_region_memory
    startup_n32h487.o(HEAP) refers (Special) to heapauxi.o(.text) for __use_two_region_memory
    startup_n32h487.o(RESET) refers (Special) to heapauxi.o(.text) for __use_two_region_memory
    startup_n32h487.o(RESET) refers to startup_n32h487.o(STACK) for __initial_sp
    startup_n32h487.o(RESET) refers to startup_n32h487.o(.text) for Reset_Handler
    startup_n32h487.o(RESET) refers to n32h47x_48x_it.o(i.NMI_Handler) for NMI_Handler
    startup_n32h487.o(RESET) refers to n32h47x_48x_it.o(i.HardFault_Handler) for HardFault_Handler
    startup_n32h487.o(RESET) refers to n32h47x_48x_it.o(i.MemManage_Handler) for MemManage_Handler
    startup_n32h487.o(RESET) refers to n32h47x_48x_it.o(i.BusFault_Handler) for BusFault_Handler
    startup_n32h487.o(RESET) refers to n32h47x_48x_it.o(i.UsageFault_Handler) for UsageFault_Handler
    startup_n32h487.o(RESET) refers to port.o(.emb_text) for SVC_Handler
    startup_n32h487.o(RESET) refers to n32h47x_48x_it.o(i.DebugMon_Handler) for DebugMon_Handler
    startup_n32h487.o(RESET) refers to port.o(i.SysTick_Handler) for SysTick_Handler
    startup_n32h487.o(RESET) refers to usart.o(i.USART1_IRQHandler) for USART1_IRQHandler
    startup_n32h487.o(RESET) refers to usart.o(i.USART4_IRQHandler) for USART4_IRQHandler
    startup_n32h487.o(RESET) refers to usart.o(i.UART6_IRQHandler) for UART6_IRQHandler
[...]
    _printf_sizespec                         0x00000000   Number         0  printf_stubs.o ABSOLUTE
    _printf_widthprec                        0x00000000   Number         0  printf_stubs.o ABSOLUTE
    __ARM_exceptions_init                     - Undefined Weak Reference
    __alloca_initialize                       - Undefined Weak Reference
    __arm_preinit_                            - Undefined Weak Reference
    __cpp_initialize__aeabi_                  - Undefined Weak Reference
    __cxa_finalize                            - Undefined Weak Reference
    __sigvec_lookup                           - Undefined Weak Reference
    __user_heap_extent                        - Undefined Weak Reference
    _atexit_init                              - Undefined Weak Reference
    _call_atexit_fns                          - Undefined Weak Reference
    _clock_init                               - Undefined Weak Reference
    _fp_trap_init                             - Undefined Weak Reference
    _fp_trap_shutdown                         - Undefined Weak Reference
    _get_lc_collate                           - Undefined Weak Reference
    _get_lc_monetary                          - Undefined Weak Reference
    _get_lc_time                              - Undefined Weak Reference
    _getenv_init                              - Undefined Weak Reference
    _handle_redirection                       - Undefined Weak Reference
    _mutex_acquire                            - Undefined Weak Reference
    _mutex_free                               - Undefined Weak Reference
    _mutex_release                            - Undefined Weak Reference
    _printf_mbtowc                            - Undefined Weak Reference
    _printf_wc                                - Undefined Weak Reference
    _rand_init                                - Undefined Weak Reference
    _signal_finish                            - Undefined Weak Reference
    _signal_init                              - Undefined Weak Reference
    __Vectors_Size                           0x00000218   Number         0  startup_n32h487.o ABSOLUTE
    __Vectors                                0x08000000   Data           4  startup_n32h487.o(RESET)
    __Vectors_End                            0x08000218   Data           0  startup_n32h487.o(RESET)
    __main                                   0x08000219   Thumb Code     8  __main.o(!!!main)
    __scatterload                            0x08000221   Thumb Code     0  __scatter.o(!!!scatter)
    __scatterload_rt2                        0x08000221   Thumb Code    44  __scatter.o(!!!scatter)
    __scatterload_rt2_thumb_only             0x08000221   Thumb Code     0  __scatter.o(!!!scatter)
    __scatterload_null                       0x0800022f   Thumb Code     0  __scatter.o(!!!scatter)
    __scatterload_copy                       0x08000255   Thumb Code    26  __scatter_copy.o(!!handler_copy)
    __scatterload_zeroinit                   0x08000271   Thumb Code    28  __scatter_zi.o(!!handler_zi)
    _printf_n                                0x0800028d   Thumb Code     0  _printf_n.o(.ARM.Collect$$_printf_percent$$00000001)
    _printf_percent                          0x0800028d   Thumb Code     0  _printf_percent.o(.ARM.Collect$$_printf_percent$$00000000)
    _printf_p                                0x08000293   Thumb Code     0  _printf_p.o(.ARM.Collect$$_printf_percent$$00000002)
    _printf_f                                0x08000299   Thumb Code     0  _printf_f.o(.ARM.Collect$$_printf_percent$$00000003)
    _printf_e                                0x0800029f   Thumb Code     0  _printf_e.o(.ARM.Collect$$_printf_percent$$00000004)
    _printf_g                                0x080002a5   Thumb Code     0  _printf_g.o(.ARM.Collect$$_printf_percent$$00000005)
    _printf_a                                0x080002ab   Thumb Code     0  _printf_a.o(.ARM.Collect$$_printf_percent$$00000006)
    _printf_ll                               0x080002b1   Thumb Code     0  _printf_ll.o(.ARM.Collect$$_printf_percent$$00000007)
    _printf_i                                0x080002bb   Thumb Code     0  _printf_i.o(.ARM.Collect$$_printf_percent$$00000008)
    _printf_d                                0x080002c1   Thumb Code     0  _printf_d.o(.ARM.Collect$$_printf_percent$$00000009)
    _printf_u                                0x080002c7   Thumb Code     0  _printf_u.o(.ARM.Collect$$_printf_percent$$0000000A)
    _printf_o                                0x080002cd   Thumb Code     0  _printf_o.o(.ARM.Collect$$_printf_percent$$0000000B)
    _printf_x                                0x080002d3   Thumb Code     0  _printf_x.o(.ARM.Collect$$_printf_percent$$0000000C)
    _printf_lli                              0x080002d9   Thumb Code     0  _printf_lli.o(.ARM.Collect$$_printf_percent$$0000000D)
    _printf_lld                              0x080002df   Thumb Code     0  _printf_lld.o(.ARM.Collect$$_printf_percent$$0000000E)
    _printf_llu                              0x080002e5   Thumb Code     0  _printf_llu.o(.ARM.Collect$$_printf_percent$$0000000F)
    _printf_llo                              0x080002eb   Thumb Code     0  _printf_llo.o(.ARM.Collect$$_printf_percent$$00000010)
    _printf_llx                              0x080002f1   Thumb Code     0  _printf_llx.o(.ARM.Collect$$_printf_percent$$00000011)
    _printf_l                                0x080002f7   Thumb Code     0  _printf_l.o(.ARM.Collect$$_printf_percent$$00000012)
    _printf_c                                0x08000301   Thumb Code     0  _printf_c.o(.ARM.Collect$$_printf_percent$$00000013)
    _printf_s                                0x08000307   Thumb Code     0  _printf_s.o(.ARM.Collect$$_printf_percent$$00000014)
    _printf_lc                               0x0800030d   Thumb Code     0  _printf_lc.o(.ARM.Collect$$_printf_percent$$00000015)
    _printf_ls                               0x08000313   Thumb Code     0  _printf_ls.o(.ARM.Collect$$_printf_percent$$00000016)
    _printf_percent_end                      0x08000319   Thumb Code     0  _printf_percent_end.o(.ARM.Collect$$_printf_percent$$00000017)
    __rt_lib_init                            0x0800031d   Thumb Code     0  libinit.o(.ARM.Collect$$libinit$$00000000)
    __rt_lib_init_fp_1                       0x0800031f   Thumb Code     0  libinit2.o(.ARM.Collect$$libinit$$00000001)
    __rt_lib_init_heap_1                     0x08000323   Thumb Code     0  libinit2.o(.ARM.Collect$$libinit$$0000000A)
    __rt_lib_init_lc_common                  0x08000323   Thumb Code     0  libinit2.o(.ARM.Collect$$libinit$$0000000F)
    __rt_lib_init_preinit_1                  0x08000323   Thumb Code     0  libinit2.o(.ARM.Collect$$libinit$$00000004)
    __rt_lib_init_rand_1                     0x08000323   Thumb Code     0  libinit2.o(.ARM.Collect$$libinit$$0000000E)
    __rt_lib_init_user_alloc_1               0x08000323   Thumb Code     0  libinit2.o(.ARM.Collect$$libinit$$0000000C)
    __rt_lib_init_lc_collate_1               0x08000329   Thumb Code     0  libinit2.o(.ARM.Collect$$libinit$$00000011)
    __rt_lib_init_lc_ctype_2                 0x08000329   Thumb Code     0  libinit2.o(.ARM.Collect$$libinit$$00000012)
    __rt_lib_init_lc_ctype_1                 0x08000335   Thumb Code     0  libinit2.o(.ARM.Collect$$libinit$$00000013)
    __rt_lib_init_lc_monetary_1              0x08000335   Thumb Code     0  libinit2.o(.ARM.Collect$$libinit$$00000015)
    __rt_lib_init_lc_numeric_2               0x08000335   Thumb Code     0  libinit2.o(.ARM.Collect$$libinit$$00000016)
    __rt_lib_init_alloca_1                   0x0800033f   Thumb Code     0  libinit2.o(.ARM.Collect$$libinit$$0000002E)
    __rt_lib_init_argv_1                     0x0800033f   Thumb Code     0  libinit2.o(.ARM.Collect$$libinit$$0000002C)
    __rt_lib_init_atexit_1                   0x0800033f   Thumb Code     0  libinit2.o(.ARM.Collect$$libinit$$0000001B)
    __rt_lib_init_clock_1                    0x0800033f   Thumb Code     0  libinit2.o(.ARM.Collect$$libinit$$00000021)
    __rt_lib_init_cpp_1                      0x0800033f   Thumb Code     0  libinit2.o(.ARM.Collect$$libinit$$00000032)
    __rt_lib_init_exceptions_1               0x0800033f   Thumb Code     0  libinit2.o(.ARM.Collect$$libinit$$00000030)
    __rt_lib_init_fp_trap_1                  0x0800033f   Thumb Code     0  libinit2.o(.ARM.Collect$$libinit$$0000001F)
    __rt_lib_init_getenv_1                   0x0800033f   Thumb Code     0  libinit2.o(.ARM.Collect$$libinit$$00000023)
    __rt_lib_init_lc_numeric_1               0x0800033f   Thumb Code     0  libinit2.o(.ARM.Collect$$libinit$$00000017)
    __rt_lib_init_lc_time_1                  0x0800033f   Thumb Code     0  libinit2.o(.ARM.Collect$$libinit$$00000019)
    __rt_lib_init_return                     0x0800033f   Thumb Code     0  libinit2.o(.ARM.Collect$$libinit$$00000033)
    __rt_lib_init_signal_1                   0x0800033f   Thumb Code     0  libinit2.o(.ARM.Collect$$libinit$$0000001D)
    __rt_lib_init_stdio_1                    0x0800033f   Thumb Code     0  libinit2.o(.ARM.Collect$$libinit$$00000025)
    __rt_lib_shutdown                        0x08000341   Thumb Code     0  libshutdown.o(.ARM.Collect$$libshutdown$$00000000)
    __rt_lib_shutdown_cpp_1                  0x08000343   Thumb Code     0  libshutdown2.o(.ARM.Collect$$libshutdown$$00000002)
    __rt_lib_shutdown_fp_trap_1              0x08000343   Thumb Code     0  libshutdown2.o(.ARM.Collect$$libshutdown$$00000007)
    __rt_lib_shutdown_heap_1                 0x08000343   Thumb Code     0  libshutdown2.o(.ARM.Collect$$libshutdown$$0000000F)
    __rt_lib_shutdown_return                 0x08000343   Thumb Code     0  libshutdown2.o(.ARM.Collect$$libshutdown$$00000010)
    __rt_lib_shutdown_signal_1               0x08000343   Thumb Code     0  libshutdown2.o(.ARM.Collect$$libshutdown$$0000000A)
    __rt_lib_shutdown_stdio_1                0x08000343   Thumb Code     0  libshutdown2.o(.ARM.Collect$$libshutdown$$00000004)
    __rt_lib_shutdown_user_alloc_1           0x08000343   Thumb Code     0  libshutdown2.o(.ARM.Collect$$libshutdown$$0000000C)
    __rt_entry                               0x08000345   Thumb Code     0  __rtentry.o(.ARM.Collect$$rtentry$$00000000)
    __rt_entry_presh_1                       0x08000345   Thumb Code     0  __rtentry2.o(.ARM.Collect$$rtentry$$00000002)
    __rt_entry_sh                            0x08000345   Thumb Code     0  __rtentry4.o(.ARM.Collect$$rtentry$$00000004)
    __rt_entry_li                            0x0800034b   Thumb Code     0  __rtentry2.o(.ARM.Collect$$rtentry$$0000000A)
    __rt_entry_postsh_1                      0x0800034b   Thumb Code     0  __rtentry2.o(.ARM.Collect$$rtentry$$00000009)
    __rt_entry_main                          0x0800034f   Thumb Code     0  __rtentry2.o(.ARM.Collect$$rtentry$$0000000D)
    __rt_entry_postli_1                      0x0800034f   Thumb Code     0  __rtentry2.o(.ARM.Collect$$rtentry$$0000000C)
    __rt_exit                                0x08000357   Thumb Code     0  rtexit.o(.ARM.Collect$$rtexit$$00000000)
    __rt_exit_ls                             0x08000359   Thumb Code     0  rtexit2.o(.ARM.Collect$$rtexit$$00000003)
    __rt_exit_prels_1                        0x08000359   Thumb Code     0  rtexit2.o(.ARM.Collect$$rtexit$$00000002)
    __rt_exit_exit                           0x0800035d   Thumb Code     0  rtexit2.o(.ARM.Collect$$rtexit$$00000004)
    SVC_Handler                              0x08000365   Thumb Code    28  port.o(.emb_text)
    __asm___6_port_c_39a90d8d__prvStartFirstTask 0x08000385   Thumb Code    36  port.o(.emb_text)
    __asm___6_port_c_39a90d8d__prvEnableVFP  0x080003ad   Thumb Code    16  port.o(.emb_text)
    PendSV_Handler                           0x080003c1   Thumb Code    88  port.o(.emb_text)
    vPortGetIPSR                             0x0800041d   Thumb Code     6  port.o(.emb_text)
    Reset_Handler                            0x08000425   Thumb Code     8  startup_n32h487.o(.text)
    ADC1_2_IRQHandler                        0x0800043f   Thumb Code     0  startup_n32h487.o(.text)
    ADC3_ADC4_IRQHandler                     0x0800043f   Thumb Code     0  startup_n32h487.o(.text)
    ATIM1_BRK_IRQHandler                     0x0800043f   Thumb Code     0  startup_n32h487.o(.text)
    ATIM1_CC_IRQHandler                      0x0800043f   Thumb Code     0  startup_n32h487.o(.text)
    ATIM1_TRG_COM_IRQHandler                 0x0800043f   Thumb Code     0  startup_n32h487.o(.text)
    ATIM1_UP_IRQHandler                      0x0800043f   Thumb Code     0  startup_n32h487.o(.text)
    ATIM2_BRK_IRQHandler                     0x0800043f   Thumb Code     0  startup_n32h487.o(.text)
    ATIM2_CC_IRQHandler                      0x0800043f   Thumb Code     0  startup_n32h487.o(.text)
    ATIM2_TRG_COM_IRQHandler                 0x0800043f   Thumb Code     0  startup_n32h487.o(.text)
    ATIM2_UP_IRQHandler                      0x0800043f   Thumb Code     0  startup_n32h487.o(.text)
    ATIM3_BRK_IRQHandler                     0x0800043f   Thumb Code     0  startup_n32h487.o(.text)
    ATIM3_CC_IRQHandler                      0x0800043f   Thumb Code     0  startup_n32h487.o(.text)
    ATIM3_TRG_COM_IRQHandler                 0x0800043f   Thumb Code     0  startup_n32h487.o(.text)
    ATIM3_UP_IRQHandler                      0x0800043f   Thumb Code     0  startup_n32h487.o(.text)
    BTIM1_IRQHandler                         0x0800043f   Thumb Code     0  startup_n32h487.o(.text)
    BTIM2_IRQHandler                         0x0800043f   Thumb Code     0  startup_n32h487.o(.text)
    Cordic_IRQ_IRQHandler                    0x0800043f   Thumb Code     0  startup_n32h487.o(.text)
    DAC1_2_3_4_Underflow_IRQHandler          0x0800043f   Thumb Code     0  startup_n32h487.o(.text)
    DAC5_6_7_8_Underflow_IRQHandler          0x0800043f   Thumb Code     0  startup_n32h487.o(.text)
    DMA1_Channel1_IRQHandler                 0x0800043f   Thumb Code     0  startup_n32h487.o(.text)
    DMA1_Channel2_IRQHandler                 0x0800043f   Thumb Code     0  startup_n32h487.o(.text)
    DMA1_Channel3_IRQHandler                 0x0800043f   Thumb Code     0  startup_n32h487.o(.text)
    DMA1_Channel4_IRQHandler                 0x0800043f   Thumb Code     0  startup_n32h487.o(.text)
    DMA1_Channel5_IRQHandler                 0x0800043f   Thumb Code     0  startup_n32h487.o(.text)
    DMA1_Channel6_IRQHandler                 0x0800043f   Thumb Code     0  startup_n32h487.o(.text)
    DMA1_Channel7_IRQHandler                 0x0800043f   Thumb Code     0  startup_n32h487.o(.text)
    DMA1_Channel8_IRQHandler                 0x0800043f   Thumb Code     0  startup_n32h487.o(.text)
    DMA2_Channel1_IRQHandler                 0x0800043f   Thumb Code     0  startup_n32h487.o(.text)
    DMA2_Channel2_IRQHandler                 0x0800043f   Thumb Code     0  startup_n32h487.o(.text)
    DMA2_Channel3_IRQHandler                 0x0800043f   Thumb Code     0  startup_n32h487.o(.text)
    DMA2_Channel4_IRQHandler                 0x0800043f   Thumb Code     0  startup_n32h487.o(.text)
    DMA2_Channel5_IRQHandler                 0x0800043f   Thumb Code     0  startup_n32h487.o(.text)
    DMA2_Channel6_IRQHandler                 0x0800043f   Thumb Code     0  startup_n32h487.o(.text)
    DMA2_Channel7_IRQHandler                 0x0800043f   Thumb Code     0  startup_n32h487.o(.text)
    DMA2_Channel8_IRQHandler                 0x0800043f   Thumb Code     0  startup_n32h487.o(.text)
    DVP_IRQHandler                           0x0800043f   Thumb Code     0  startup_n32h487.o(.text)
    ETH_IRQHandler                           0x0800043f   Thumb Code     0  startup_n32h487.o(.text)
    ETH_WKUP_IRQHandler                      0x0800043f   Thumb Code     0  startup_n32h487.o(.text)
    EXTI0_IRQHandler                         0x0800043f   Thumb Code     0  startup_n32h487.o(.text)
    EXTI15_10_IRQHandler                     0x0800043f   Thumb Code     0  startup_n32h487.o(.text)
    EXTI1_IRQHandler                         0x0800043f   Thumb Code     0  startup_n32h487.o(.text)
    EXTI2_IRQHandler                         0x0800043f   Thumb Code     0  startup_n32h487.o(.text)
    EXTI3_IRQHandler                         0x0800043f   Thumb Code     0  startup_n32h487.o(.text)
    EXTI4_IRQHandler                         0x0800043f   Thumb Code     0  startup_n32h487.o(.text)
    EXTI9_5_IRQHandler                       0x0800043f   Thumb Code     0  startup_n32h487.o(.text)
    FDCAN1_INT0_IRQHandler                   0x0800043f   Thumb Code     0  startup_n32h487.o(.text)
    FDCAN1_INT1_IRQHandler                   0x0800043f   Thumb Code     0  startup_n32h487.o(.text)
    FDCAN2_INT0_IRQHandler                   0x0800043f   Thumb Code     0  startup_n32h487.o(.text)
    FDCAN2_INT1_IRQHandler                   0x0800043f   Thumb Code     0  startup_n32h487.o(.text)
    FDCAN3_INT0_IRQHandler                   0x0800043f   Thumb Code     0  startup_n32h487.o(.text)
    FDCAN3_INT1_IRQHandler                   0x0800043f   Thumb Code     0  startup_n32h487.o(.text)
    FEMC_IRQHandler                          0x0800043f   Thumb Code     0  startup_n32h487.o(.text)
    FLASH_IRQHandler                         0x0800043f   Thumb Code     0  startup_n32h487.o(.text)
    FMAC_IRQ_IRQHandler                      0x0800043f   Thumb Code     0  startup_n32h487.o(.text)
    GTIM10_IRQHandler                        0x0800043f   Thumb Code     0  startup_n32h487.o(.text)
    GTIM1_IRQHandler                         0x0800043f   Thumb Code     0  startup_n32h487.o(.text)
    GTIM2_IRQHandler                         0x0800043f   Thumb Code     0  startup_n32h487.o(.text)
    GTIM3_IRQHandler                         0x0800043f   Thumb Code     0  startup_n32h487.o(.text)
    GTIM4_IRQHandler                         0x0800043f   Thumb Code     0  startup_n32h487.o(.text)
    GTIM5_IRQHandler                         0x0800043f   Thumb Code     0  startup_n32h487.o(.text)
    GTIM6_IRQHandler                         0x0800043f   Thumb Code     0  startup_n32h487.o(.text)
    GTIM7_IRQHandler                         0x0800043f   Thumb Code     0  startup_n32h487.o(.text)
    GTIM8_IRQHandler                         0x0800043f   Thumb Code     0  startup_n32h487.o(.text)
    GTIM9_IRQHandler                         0x0800043f   Thumb Code     0  startup_n32h487.o(.text)
    I2C1_ER_IRQHandler                       0x0800043f   Thumb Code     0  startup_n32h487.o(.text)
    I2C1_EV_IRQHandler                       0x0800043f   Thumb Code     0  startup_n32h487.o(.text)
    I2C2_ER_IRQHandler                       0x0800043f   Thumb Code     0  startup_n32h487.o(.text)
    I2C2_EV_IRQHandler                       0x0800043f   Thumb Code     0  startup_n32h487.o(.text)
    I2C3_ER_IRQHandler                       0x0800043f   Thumb Code     0  startup_n32h487.o(.text)
    I2C3_EV_IRQHandler                       0x0800043f   Thumb Code     0  startup_n32h487.o(.text)
    I2C4_ER_IRQHandler                       0x0800043f   Thumb Code     0  startup_n32h487.o(.text)
    I2C4_EV_IRQHandler                       0x0800043f   Thumb Code     0  startup_n32h487.o(.text)
    LPTIM1_WKUP_IRQHandler                   0x0800043f   Thumb Code     0  startup_n32h487.o(.text)
    LPTIM2_WKUP_IRQHandler                   0x0800043f   Thumb Code     0  startup_n32h487.o(.text)
    PVD_IRQHandler                           0x0800043f   Thumb Code     0  startup_n32h487.o(.text)
    RCC_IRQHandler                           0x0800043f   Thumb Code     0  startup_n32h487.o(.text)
    RTCAlarm_IRQHandler                      0x0800043f   Thumb Code     0  startup_n32h487.o(.text)
    RTC_TAMPER_IRQHandler                    0x0800043f   Thumb Code     0  startup_n32h487.o(.text)
    RTC_WKUP_IRQHandler                      0x0800043f   Thumb Code     0  startup_n32h487.o(.text)
    SAC_IRQHandler                           0x0800043f   Thumb Code     0  startup_n32h487.o(.text)
    SDIO_IRQHandler                          0x0800043f   Thumb Code     0  startup_n32h487.o(.text)
    SMPU_IRQHandler                          0x0800043f   Thumb Code     0  startup_n32h487.o(.text)
    SPI1_IRQHandler                          0x0800043f   Thumb Code     0  startup_n32h487.o(.text)
    SPI2_I2S2_IRQHandler                     0x0800043f   Thumb Code     0  startup_n32h487.o(.text)
    SPI3_I2S3_IRQHandler                     0x0800043f   Thumb Code     0  startup_n32h487.o(.text)
    SPI4_IRQHandler                          0x0800043f   Thumb Code     0  startup_n32h487.o(.text)
    SPI5_IRQHandler                          0x0800043f   Thumb Code     0  startup_n32h487.o(.text)
    SPI6_IRQHandler                          0x0800043f   Thumb Code     0  startup_n32h487.o(.text)
    SRAM_ERR_IRQHandler                      0x0800043f   Thumb Code     0  startup_n32h487.o(.text)
    UART5_IRQHandler                         0x0800043f   Thumb Code     0  startup_n32h487.o(.text)
    UART8_IRQHandler                         0x0800043f   Thumb Code     0  startup_n32h487.o(.text)
    UCDR_IRQHandler                          0x0800043f   Thumb Code     0  startup_n32h487.o(.text)
    USART2_IRQHandler                        0x0800043f   Thumb Code     0  startup_n32h487.o(.text)
    USART3_IRQHandler                        0x0800043f   Thumb Code     0  startup_n32h487.o(.text)
    USB_FS_HP_IRQHandler                     0x0800043f   Thumb Code     0  startup_n32h487.o(.text)
    USB_FS_LP_IRQHandler                     0x0800043f   Thumb Code     0  startup_n32h487.o(.text)
    USB_FS_WKUP_IRQHandler                   0x0800043f   Thumb Code     0  startup_n32h487.o(.text)
    USB_HS_EPx_IN_IRQHandler                 0x0800043f   Thumb Code     0  startup_n32h487.o(.text)
    USB_HS_EPx_OUT_IRQHandler                0x0800043f   Thumb Code     0  startup_n32h487.o(.text)
    USB_HS_IRQHandler                        0x0800043f   Thumb Code     0  startup_n32h487.o(.text)
    USB_HS_WKUP_IRQHandler                   0x0800043f   Thumb Code     0  startup_n32h487.o(.text)
    WWDG_IRQHandler                          0x0800043f   Thumb Code     0  startup_n32h487.o(.text)
    XSPI_IRQHandler                          0x0800043f   Thumb Code     0  startup_n32h487.o(.text)
    __user_initial_stackheap                 0x08000441   Thumb Code     0  startup_n32h487.o(.text)
    __aeabi_uldivmod                         0x08000465   Thumb Code     0  lludivv7m.o(.text)
    _ll_udiv                                 0x08000465   Thumb Code   238  lludivv7m.o(.text)
    vsnprintf                                0x08000555   Thumb Code    48  vsnprintf.o(.text)
    _printf_pre_padding                      0x08000589   Thumb Code    44  _printf_pad.o(.text)
    _printf_post_padding                     0x080005b5   Thumb Code    34  _printf_pad.o(.text)
    _printf_truncate_signed                  0x080005d7   Thumb Code    18  _printf_truncate.o(.text)
    _printf_truncate_unsigned                0x080005e9   Thumb Code    18  _printf_truncate.o(.text)
    _printf_str                              0x080005fb   Thumb Code    82  _printf_str.o(.text)
    _printf_int_dec                          0x0800064d   Thumb Code   104  _printf_dec.o(.text)
    _printf_longlong_hex                     0x080006c5   Thumb Code    86  _printf_hex_int_ll_ptr.o(.text)
    _printf_int_hex                          0x0800071b   Thumb Code    28  _printf_hex_int_ll_ptr.o(.text)
    _printf_ll_hex                           0x08000737   Thumb Code    12  _printf_hex_int_ll_ptr.o(.text)
    _printf_hex_ptr                          0x08000743   Thumb Code    18  _printf_hex_int_ll_ptr.o(.text)
    __printf                                 0x08000759   Thumb Code   388  __printf_flags_ss_wp.o(.text)
    strlen                                   0x080008e1   Thumb Code    62  strlen.o(.text)
    __aeabi_memcpy                           0x0800091f   Thumb Code     0  rt_memcpy_v6.o(.text)
    __rt_memcpy                              0x0800091f   Thumb Code   138  rt_memcpy_v6.o(.text)
    _memcpy_lastbytes                        0x08000985   Thumb Code     0  rt_memcpy_v6.o(.text)
    __aeabi_memcpy4                          0x080009a9   Thumb Code     0  rt_memcpy_w.o(.text)
    __aeabi_memcpy8                          0x080009a9   Thumb Code     0  rt_memcpy_w.o(.text)
    __rt_memcpy_w                            0x080009a9   Thumb Code   100  rt_memcpy_w.o(.text)
    _memcpy_lastbytes_aligned                0x080009f1   Thumb Code     0  rt_memcpy_w.o(.text)
    __aeabi_memset                           0x08000a0d   Thumb Code    16  aeabi_memset.o(.text)
    __aeabi_memclr                           0x08000a1d   Thumb Code     0  rt_memclr.o(.text)
    __rt_memclr                              0x08000a1d   Thumb Code    68  rt_memclr.o(.text)
    _memset                                  0x08000a21   Thumb Code     0  rt_memclr.o(.text)
    __aeabi_memclr4                          0x08000a61   Thumb Code     0  rt_memclr_w.o(.text)
    __aeabi_memclr8                          0x08000a61   Thumb Code     0  rt_memclr_w.o(.text)
    __rt_memclr_w                            0x08000a61   Thumb Code    78  rt_memclr_w.o(.text)
    _memset_w                                0x08000a65   Thumb Code     0  rt_memclr_w.o(.text)
    strcmp                                   0x08000ab1   Thumb Code   128  strcmpv7m.o(.text)
    __use_two_region_memory                  0x08000b31   Thumb Code     2  heapauxi.o(.text)
    __rt_heap_escrow                         0x08000b33   Thumb Code     2  heapauxi.o(.text)
    __rt_heap_expand                         0x08000b35   Thumb Code     2  heapauxi.o(.text)
    _printf_int_common                       0x08000b37   Thumb Code   178  _printf_intcommon.o(.text)
    _printf_charcount                        0x08000be9   Thumb Code    40  _printf_charcount.o(.text)
    _printf_char_common                      0x08000c1b   Thumb Code    32  _printf_char_common.o(.text)
    _sputc                                   0x08000c41   Thumb Code    10  _sputc.o(.text)
    _snputc                                  0x08000c4b   Thumb Code    16  _snputc.o(.text)
    _printf_cs_common                        0x08000c5b   Thumb Code    20  _printf_char.o(.text)
    _printf_char                             0x08000c6f   Thumb Code    16  _printf_char.o(.text)
    _printf_string                           0x08000c7f   Thumb Code     8  _printf_char.o(.text)
    _printf_wctomb                           0x08000c89   Thumb Code   182  _printf_wctomb.o(.text)
    _printf_longlong_dec                     0x08000d45   Thumb Code   108  _printf_longlong_dec.o(.text)
    _printf_longlong_oct                     0x08000dc1   Thumb Code    66  _printf_oct_int_ll.o(.text)
    _printf_int_oct                          0x08000e03   Thumb Code    24  _printf_oct_int_ll.o(.text)
    _printf_ll_oct                           0x08000e1b   Thumb Code    12  _printf_oct_int_ll.o(.text)
    _ll_udiv10                               0x08000e31   Thumb Code   138  lludiv10.o(.text)
    __lib_sel_fp_printf                      0x08000ebb   Thumb Code     2  _printf_fp_dec.o(.text)
    _printf_fp_dec_real                      0x0800106d   Thumb Code   620  _printf_fp_dec.o(.text)
    _printf_fp_hex_real                      0x080012d9   Thumb Code   756  _printf_fp_hex.o(.text)
    _printf_lcs_common                       0x080015d5   Thumb Code    20  _printf_wchar.o(.text)
    _printf_wchar                            0x080015e9   Thumb Code    16  _printf_wchar.o(.text)
    _printf_wstring                          0x080015f9   Thumb Code     8  _printf_wchar.o(.text)
    _wcrtomb                                 0x08001601   Thumb Code    64  _wcrtomb.o(.text)
    __user_setup_stackheap                   0x08001641   Thumb Code    74  sys_stackheap_outer.o(.text)
    __rt_ctype_table                         0x0800168d   Thumb Code    16  rt_ctype_table.o(.text)
    __rt_locale                              0x0800169d   Thumb Code     8  rt_locale_intlibspace.o(.text)
    _printf_fp_infnan                        0x080016a5   Thumb Code   112  _printf_fp_infnan.o(.text)
    _btod_etento                             0x08001725   Thumb Code   224  bigflt0.o(.text)
    exit                                     0x08001809   Thumb Code    18  exit.o(.text)
    __user_libspace                          0x0800181d   Thumb Code     8  libspace.o(.text)
    __user_perproc_libspace                  0x0800181d   Thumb Code     0  libspace.o(.text)
    __user_perthread_libspace                0x0800181d   Thumb Code     0  libspace.o(.text)
    __I$use$semihosting                      0x08001825   Thumb Code     0  use_no_semi.o(.text)
    __use_no_semihosting_swi                 0x08001825   Thumb Code     2  use_no_semi.o(.text)
    __semihosting_library_function           0x08001827   Thumb Code     0  indicate_semi.o(.text)
    _sys_exit                                0x08001829   Thumb Code     8  sys_exit.o(.text)
    _btod_d2e                                0x08001835   Thumb Code    62  btod.o(CL$$btod_d2e)
    _d2e_denorm_low                          0x08001873   Thumb Code    70  btod.o(CL$$btod_d2e_denorm_low)
    _d2e_norm_op1                            0x080018b9   Thumb Code    96  btod.o(CL$$btod_d2e_norm_op1)
    __btod_div_common                        0x08001919   Thumb Code   696  btod.o(CL$$btod_div_common)
    _e2e                                     0x08001c51   Thumb Code   220  btod.o(CL$$btod_e2e)
    _btod_ediv                               0x08001d2d   Thumb Code    42  btod.o(CL$$btod_ediv)
    _btod_emul                               0x08001d57   Thumb Code    42  btod.o(CL$$btod_emul)
    __btod_mult_common                       0x08001d81   Thumb Code   580  btod.o(CL$$btod_mult_common)
    Breath_Task                              0x08001fc5   Thumb Code    20  main.o(i.Breath_Task)
    BusFault_Handler                         0x08001fd9   Thumb Code     4  n32h47x_48x_it.o(i.BusFault_Handler)
    DMA_DeInit                               0x08001fdd   Thumb Code   430  n32h47x_48x_dma.o(i.DMA_DeInit)
    DMA_EnableChannel                        0x08002195   Thumb Code    22  n32h47x_48x_dma.o(i.DMA_EnableChannel)
    DMA_GetCurrDataCounter                   0x080021ab   Thumb Code     8  n32h47x_48x_dma.o(i.DMA_GetCurrDataCounter)
    DMA_Init                                 0x080021b5   Thumb Code    86  n32h47x_48x_dma.o(i.DMA_Init)
    DMA_RequestRemap                         0x08002219   Thumb Code    12  n32h47x_48x_dma.o(i.DMA_RequestRemap)
    DMA_SetCurrDataCounter                   0x08002225   Thumb Code     4  n32h47x_48x_dma.o(i.DMA_SetCurrDataCounter)
    DMA_StructInit                           0x08002229   Thumb Code    36  n32h47x_48x_dma.o(i.DMA_StructInit)
    DWT_INIT                                 0x0800224d   Thumb Code    30  init.o(i.DWT_INIT)
    DebugMon_Handler                         0x08002275   Thumb Code     2  n32h47x_48x_it.o(i.DebugMon_Handler)
    GPIO_ConfigPinRemap                      0x08002279   Thumb Code    70  n32h47x_48x_gpio.o(i.GPIO_ConfigPinRemap)
    GPIO_INIT                                0x080022c9   Thumb Code    68  init.o(i.GPIO_INIT)
    GPIO_InitPeripheral                      0x0800230d   Thumb Code   160  n32h47x_48x_gpio.o(i.GPIO_InitPeripheral)
    GPIO_InitStruct                          0x080023ad   Thumb Code    18  n32h47x_48x_gpio.o(i.GPIO_InitStruct)
    GPIO_ResetBits                           0x080023bf   Thumb Code     4  n32h47x_48x_gpio.o(i.GPIO_ResetBits)
    GPIO_SetBits                             0x080023c3   Thumb Code     4  n32h47x_48x_gpio.o(i.GPIO_SetBits)
    GPIO_TogglePin                           0x080023c7   Thumb Code     8  n32h47x_48x_gpio.o(i.GPIO_TogglePin)
    GPIO_WriteBits                           0x080023cf   Thumb Code    10  n32h47x_48x_gpio.o(i.GPIO_WriteBits)
    GPIO_Write_Delayms                       0x080023d9   Thumb Code    32  init.o(i.GPIO_Write_Delayms)
    HardFault_Handler                        0x080023f9   Thumb Code     4  n32h47x_48x_it.o(i.HardFault_Handler)
    LED                                      0x080023fd   Thumb Code   110  led.o(i.LED)
    LED_Configuration                        0x08002471   Thumb Code   218  led.o(i.LED_Configuration)
    MemManage_Handler                        0x08002559   Thumb Code     4  n32h47x_48x_it.o(i.MemManage_Handler)
    NMI_Handler                              0x0800255d   Thumb Code     2  n32h47x_48x_it.o(i.NMI_Handler)
    NVIC_Init                                0x08002561   Thumb Code   100  misc.o(i.NVIC_Init)
    NVIC_PriorityGroupConfig                 0x080025d1   Thumb Code    10  misc.o(i.NVIC_PriorityGroupConfig)
    RCC_EnableAHB1PeriphClk                  0x080025e5   Thumb Code    26  n32h47x_48x_rcc.o(i.RCC_EnableAHB1PeriphClk)
    RCC_EnableAHBPeriphClk                   0x08002605   Thumb Code    26  n32h47x_48x_rcc.o(i.RCC_EnableAHBPeriphClk)
    RCC_EnableAPB1PeriphClk                  0x08002625   Thumb Code    26  n32h47x_48x_rcc.o(i.RCC_EnableAPB1PeriphClk)
    RCC_EnableAPB2PeriphClk                  0x08002645   Thumb Code    26  n32h47x_48x_rcc.o(i.RCC_EnableAPB2PeriphClk)
    RCC_GetClocksFreqValue                   0x08002665   Thumb Code   488  n32h47x_48x_rcc.o(i.RCC_GetClocksFreqValue)
    RCC_INIT                                 0x0800287d   Thumb Code   614  init.o(i.RCC_INIT)
    Recv_Task                                0x08002cd9   Thumb Code    36  main.o(i.Recv_Task)
    SPI_Enable                               0x08002d19   Thumb Code    24  n32h47x_48x_spi.o(i.SPI_Enable)
    SPI_I2S_GetStatus                        0x08002d31   Thumb Code    16  n32h47x_48x_spi.o(i.SPI_I2S_GetStatus)
    SPI_I2S_ReceiveData                      0x08002d41   Thumb Code     6  n32h47x_48x_spi.o(i.SPI_I2S_ReceiveData)
    SPI_I2S_TransmitData                     0x08002d47   Thumb Code     4  n32h47x_48x_spi.o(i.SPI_I2S_TransmitData)
    SPI_Init                                 0x08002d4b   Thumb Code    60  n32h47x_48x_spi.o(i.SPI_Init)
    Start_Task                               0x08002ef5   Thumb Code    82  main.o(i.Start_Task)
    SysTick_Handler                          0x08002f8d   Thumb Code    46  port.o(i.SysTick_Handler)
    SystemInit                               0x08002fc1   Thumb Code   130  system_n32h47x_48x.o(i.SystemInit)
    UART6_Configuration                      0x08003059   Thumb Code   218  usart.o(i.UART6_Configuration)
    UART6_IRQHandler                         0x08003155   Thumb Code    10  usart.o(i.UART6_IRQHandler)
    UART7_Configuration                      0x08003161   Thumb Code   218  usart.o(i.UART7_Configuration)
    UART7_IRQHandler                         0x0800325d   Thumb Code    10  usart.o(i.UART7_IRQHandler)
    USART1_Configuration                     0x08003269   Thumb Code   204  usart.o(i.USART1_Configuration)
    USART1_IRQHandler                        0x08003355   Thumb Code    10  usart.o(i.USART1_IRQHandler)
    USART4_Configuration                     0x08003361   Thumb Code   206  usart.o(i.USART4_Configuration)
    USART4_IRQHandler                        0x08003451   Thumb Code    10  usart.o(i.USART4_IRQHandler)
    USART_ClrFlag                            0x0800345b   Thumb Code    20  n32h47x_48x_usart.o(i.USART_ClrFlag)
    USART_ConfigInt                          0x0800346f   Thumb Code    58  n32h47x_48x_usart.o(i.USART_ConfigInt)
    USART_Enable                             0x080034a9   Thumb Code    22  n32h47x_48x_usart.o(i.USART_Enable)
    USART_EnableDMA                          0x080034bf   Thumb Code    18  n32h47x_48x_usart.o(i.USART_EnableDMA)
    USART_GetFlagStatus                      0x080034d1   Thumb Code    16  n32h47x_48x_usart.o(i.USART_GetFlagStatus)
    USART_GetIntStatus                       0x080034e1   Thumb Code    58  n32h47x_48x_usart.o(i.USART_GetIntStatus)
    USART_INIT                               0x0800351d   Thumb Code   334  init.o(i.USART_INIT)
    USART_IRQHandler                         0x08003675   Thumb Code   200  usart.o(i.USART_IRQHandler)
    USART_Init                               0x08003751   Thumb Code   228  n32h47x_48x_usart.o(i.USART_Init)
    USART_Print                              0x08003849   Thumb Code    64  usart.o(i.USART_Print)
    USART_Printf                             0x08003889   Thumb Code   106  usart.o(i.USART_Printf)
    USART_SendData                           0x0800392d   Thumb Code     8  n32h47x_48x_usart.o(i.USART_SendData)
    USART_SendStr                            0x08003935   Thumb Code    74  usart.o(i.USART_SendStr)
    USART_StructInit                         0x0800397f   Thumb Code    26  n32h47x_48x_usart.o(i.USART_StructInit)
    USART_xSemapxMutex_Configuration         0x08003999   Thumb Code    42  usart.o(i.USART_xSemapxMutex_Configuration)
    USARTx_IRQn                              0x080039cd   Thumb Code    86  init.o(i.USARTx_IRQn)
    UsageFault_Handler                       0x08003a45   Thumb Code     4  n32h47x_48x_it.o(i.UsageFault_Handler)
    W25Q64_PageProgram                       0x08003a49   Thumb Code    94  spi.o(i.W25Q64_PageProgram)
    W25Q64_ReadData                          0x08003aad   Thumb Code    78  spi.o(i.W25Q64_ReadData)
    W25Q64_ReadID                            0x08003b01   Thumb Code    84  spi.o(i.W25Q64_ReadID)
    W25Q64_SPI_Init                          0x08003b59   Thumb Code   154  spi.o(i.W25Q64_SPI_Init)
    W25Q64_SPI_SendReceiveByte               0x08003c01   Thumb Code    50  spi.o(i.W25Q64_SPI_SendReceiveByte)
    W25Q64_SPI_TASK                          0x08003c39   Thumb Code   340  main.o(i.W25Q64_SPI_TASK)
    W25Q64_SectorErase                       0x08003f5d   Thumb Code    58  spi.o(i.W25Q64_SectorErase)
    W25Q64_WaitForIdle                       0x08003f9d   Thumb Code    46  spi.o(i.W25Q64_WaitForIdle)
    W25Q64_WriteEnable                       0x08003fd1   Thumb Code    26  spi.o(i.W25Q64_WriteEnable)
    __ARM_fpclassify                         0x08003ff1   Thumb Code    48  fpclassify.o(i.__ARM_fpclassify)
    _is_digit                                0x08004021   Thumb Code    14  __printf_wp.o(i._is_digit)
    delay_ms                                 0x0800402f   Thumb Code    24  init.o(i.delay_ms)
    delay_us                                 0x08004049   Thumb Code    34  init.o(i.delay_us)
    main                                     0x08004079   Thumb Code    74  main.o(i.main)
    pvPortMalloc                             0x08004ae5   Thumb Code   348  heap_4.o(i.pvPortMalloc)
    pvTaskIncrementMutexHeldCount            0x08004c59   Thumb Code    26  tasks.o(i.pvTaskIncrementMutexHeldCount)
    pxPortInitialiseStack                    0x08004c79   Thumb Code    38  port.o(i.pxPortInitialiseStack)
    uxListRemove                             0x08004ca5   Thumb Code    40  list.o(i.uxListRemove)
    vApplicationIdleHook                     0x08004ccd   Thumb Code     4  main.o(i.vApplicationIdleHook)
    vApplicationMallocFailedHook             0x08004cd1   Thumb Code    12  main.o(i.vApplicationMallocFailedHook)
    vApplicationStackOverflowHook            0x08004cf1   Thumb Code    12  main.o(i.vApplicationStackOverflowHook)
    vListInitialise                          0x08004d15   Thumb Code    26  list.o(i.vListInitialise)
    vListInitialiseItem                      0x08004d2f   Thumb Code     6  list.o(i.vListInitialiseItem)
    vListInsert                              0x08004d35   Thumb Code    52  list.o(i.vListInsert)
    vListInsertEnd                           0x08004d69   Thumb Code    24  list.o(i.vListInsertEnd)
    vPortEnterCritical                       0x08004d81   Thumb Code    76  port.o(i.vPortEnterCritical)
    vPortExitCritical                        0x08004dd5   Thumb Code    56  port.o(i.vPortExitCritical)
    vPortFree                                0x08004e11   Thumb Code   150  heap_4.o(i.vPortFree)
    vPortSetupTimerInterrupt                 0x08004eb5   Thumb Code    36  port.o(i.vPortSetupTimerInterrupt)
    vPortValidateInterruptPriority           0x08004edd   Thumb Code   106  port.o(i.vPortValidateInterruptPriority)
    vQueueAddToRegistry                      0x08004f55   Thumb Code    38  queue.o(i.vQueueAddToRegistry)
    vQueueWaitForMessageRestricted           0x08004f81   Thumb Code    74  queue.o(i.vQueueWaitForMessageRestricted)
    vTaskDelay                               0x08004fcd   Thumb Code    82  tasks.o(i.vTaskDelay)
    vTaskDelete                              0x08005029   Thumb Code   202  tasks.o(i.vTaskDelete)
    vTaskInternalSetTimeOutState             0x0800511d   Thumb Code    14  tasks.o(i.vTaskInternalSetTimeOutState)
    vTaskMissedYield                         0x08005135   Thumb Code     8  tasks.o(i.vTaskMissedYield)
    vTaskPlaceOnEventList                    0x08005141   Thumb Code    52  tasks.o(i.vTaskPlaceOnEventList)
    vTaskPlaceOnEventListRestricted          0x08005179   Thumb Code    60  tasks.o(i.vTaskPlaceOnEventListRestricted)
    vTaskPriorityDisinheritAfterTimeout      0x080051b9   Thumb Code   216  tasks.o(i.vTaskPriorityDisinheritAfterTimeout)
    vTaskStartScheduler                      0x0800529d   Thumb Code   122  tasks.o(i.vTaskStartScheduler)
    vTaskSuspendAll                          0x08005339   Thumb Code    12  tasks.o(i.vTaskSuspendAll)
    vTaskSwitchContext                       0x08005349   Thumb Code   174  tasks.o(i.vTaskSwitchContext)
    xPortStartScheduler                      0x0800540d   Thumb Code   330  port.o(i.xPortStartScheduler)
    xQueueCreateMutex                        0x08005575   Thumb Code    34  queue.o(i.xQueueCreateMutex)
    xQueueGenericCreate                      0x08005597   Thumb Code   162  queue.o(i.xQueueGenericCreate)
    xQueueGenericReset                       0x08005639   Thumb Code   146  queue.o(i.xQueueGenericReset)
    xQueueGenericSend                        0x080056d1   Thumb Code   420  queue.o(i.xQueueGenericSend)
    xQueueGenericSendFromISR                 0x08005879   Thumb Code   288  queue.o(i.xQueueGenericSendFromISR)
    xQueueGiveFromISR                        0x08005999   Thumb Code   260  queue.o(i.xQueueGiveFromISR)
    xQueueReceive                            0x08005a9d   Thumb Code   356  queue.o(i.xQueueReceive)
    xQueueSemaphoreTake                      0x08005c05   Thumb Code   434  queue.o(i.xQueueSemaphoreTake)
    xTaskCheckForTimeOut                     0x08005dbd   Thumb Code   136  tasks.o(i.xTaskCheckForTimeOut)
    xTaskCreate                              0x08005e4d   Thumb Code    96  tasks.o(i.xTaskCreate)
    xTaskGetSchedulerState                   0x08005ead   Thumb Code    24  tasks.o(i.xTaskGetSchedulerState)
    xTaskGetTickCount                        0x08005ecd   Thumb Code     6  tasks.o(i.xTaskGetTickCount)
    xTaskIncrementTick                       0x08005ed9   Thumb Code   282  tasks.o(i.xTaskIncrementTick)
    xTaskPriorityDisinherit                  0x08006021   Thumb Code   174  tasks.o(i.xTaskPriorityDisinherit)
    xTaskPriorityInherit                     0x080060dd   Thumb Code   172  tasks.o(i.xTaskPriorityInherit)
    xTaskRemoveFromEventList                 0x08006195   Thumb Code   128  tasks.o(i.xTaskRemoveFromEventList)
    xTaskResumeAll                           0x0800622d   Thumb Code   224  tasks.o(i.xTaskResumeAll)
    xTimerCreateTimerTask                    0x08006331   Thumb Code    64  timers.o(i.xTimerCreateTimerTask)
    xTimerGenericCommand                     0x08006385   Thumb Code   126  timers.o(i.xTimerGenericCommand)
    _get_lc_numeric                          0x08006409   Thumb Code    44  lc_numeric_c.o(locale$$code)
    _get_lc_ctype                            0x08006435   Thumb Code    44  lc_ctype_c.o(locale$$code)
    _fp_init                                 0x08006461   Thumb Code    10  fpinit.o(x$fpl$fpinit)
    __fplib_config_fpu_vfp                   0x08006469   Thumb Code     0  fpinit.o(x$fpl$fpinit)
    __fplib_config_pureend_doubles           0x08006469   Thumb Code     0  fpinit.o(x$fpl$fpinit)
    _printf_fp_dec                           0x0800646b   Thumb Code     4  printf1.o(x$fpl$printf1)
    _printf_fp_hex                           0x0800646f   Thumb Code     4  printf2.o(x$fpl$printf2)
    __I$use$fp                               0x08006472   Number         0  usenofp.o(x$fpl$usenofp)
    g_USART_Name                             0x080064c0   Data          20  usart.o(.constdata)
    g_USART_Buf                              0x080064d4   Data          20  usart.o(.constdata)
    Region$$Table$$Base                      0x0800681c   Number         0  anon$$obj.o(Region$$Table)
    Region$$Table$$Limit                     0x0800683c   Number         0  anon$$obj.o(Region$$Table)
    __ctype                                  0x08006865   Data           0  lc_ctype_c.o(locale$$data)
    Start_Handler                            0x20000000   Data           4  main.o(.data)
    Breath_Handler                           0x20000004   Data           4  main.o(.data)
    Recv_Handler                             0x20000008   Data           4  main.o(.data)
    W25Q64_SPI_Handler                       0x2000000c   Data           4  main.o(.data)
    SystemCoreClock                          0x20000010   Data           4  system_n32h47x_48x.o(.data)
    pxCurrentTCB                             0x20000014   Data           4  tasks.o(.data)
    uxTopUsedPriority                        0x2000004c   Data           4  tasks.o(.data)
    xQueueRegistry                           0x20000094   Data          64  queue.o(.bss)
    LED_Init_Type                            0x200181c4   Data          60  led.o(.bss)
    USART_Init_Type                          0x20018200   Data         128  usart.o(.bss)
    USART_Use_Type                           0x20018280   Data          64  usart.o(.bss)
    USART1_RXBuf                             0x200182c0   Data        1024  usart.o(.bss)
    UART7_RXBuf                              0x200186c0   Data        1024  usart.o(.bss)
    USART4_RXBuf                             0x20018ac0   Data        1024  usart.o(.bss)
    UART6_RXBuf                              0x20018ec0   Data        1024  usart.o(.bss)
    USART2_RXBuf                             0x200192c0   Data        1024  usart.o(.bss)
    xSemap                                   0x200196c0   Data          20  usart.o(.bss)
    xMutex                                   0x200196d4   Data          20  usart.o(.bss)
    __libspace_start                         0x200196e8   Data          96  libspace.o(.bss)
    __temporary_stack_top$libspace           0x20019748   Data           0  libspace.o(.bss)



==============================================================================

Memory Map of the image

  Image Entry point : 0x08000219

  Load Region LR_IROM1 (Base: 0x08000000, Size: 0x000069fc, Max: 0x00080000, ABSOLUTE)

    Execution Region ER_IROM1 (Exec base: 0x08000000, Load base: 0x08000000, Size: 0x00006968, Max: 0x00080000, ABSOLUTE)

    Exec Addr    Load Addr    Size         Type   Attr      Idx    E Section Name        Object

    0x08000000   0x08000000   0x00000218   Data   RO          323    RESET               startup_n32h487.o
    0x08000218   0x08000218   0x00000008   Code   RO        12280  * !!!main             c_w.l(__main.o)
    0x08000220   0x08000220   0x00000034   Code   RO        12771    !!!scatter          c_w.l(__scatter.o)
    0x08000254   0x08000254   0x0000001a   Code   RO        12773    !!handler_copy      c_w.l(__scatter_copy.o)
    0x0800026e   0x0800026e   0x00000002   PAD
    0x08000270   0x08000270   0x0000001c   Code   RO        12775    !!handler_zi        c_w.l(__scatter_zi.o)
    0x0800028c   0x0800028c   0x00000000   Code   RO        12261    .ARM.Collect$$_printf_percent$$00000000  c_w.l(_printf_percent.o)
    0x0800028c   0x0800028c   0x00000006   Code   RO        12333    .ARM.Collect$$_printf_percent$$00000001  c_w.l(_printf_n.o)
    0x08000292   0x08000292   0x00000006   Code   RO        12334    .ARM.Collect$$_printf_percent$$00000002  c_w.l(_printf_p.o)
    0x08000298   0x08000298   0x00000006   Code   RO        12338    .ARM.Collect$$_printf_percent$$00000003  c_w.l(_printf_f.o)
    0x0800029e   0x0800029e   0x00000006   Code   RO        12339    .ARM.Collect$$_printf_percent$$00000004  c_w.l(_printf_e.o)
    0x080002a4   0x080002a4   0x00000006   Code   RO        12340    .ARM.Collect$$_printf_percent$$00000005  c_w.l(_printf_g.o)
    0x080002aa   0x080002aa   0x00000006   Code   RO        12341    .ARM.Collect$$_printf_percent$$00000006  c_w.l(_printf_a.o)
    0x080002b0   0x080002b0   0x0000000a   Code   RO        12346    .ARM.Collect$$_printf_percent$$00000007  c_w.l(_printf_ll.o)
    0x080002ba   0x080002ba   0x00000006   Code   RO        12336    .ARM.Collect$$_printf_percent$$00000008  c_w.l(_printf_i.o)
    0x080002c0   0x080002c0   0x00000006   Code   RO        12260    .ARM.Collect$$_printf_percent$$00000009  c_w.l(_printf_d.o)
    0x080002c6   0x080002c6   0x00000006   Code   RO        12337    .ARM.Collect$$_printf_percent$$0000000A  c_w.l(_printf_u.o)
    0x080002cc   0x080002cc   0x00000006   Code   RO        12335    .ARM.Collect$$_printf_percent$$0000000B  c_w.l(_printf_o.o)
    0x080002d2   0x080002d2   0x00000006   Code   RO        12259    .ARM.Collect$$_printf_percent$$0000000C  c_w.l(_printf_x.o)
    0x080002d8   0x080002d8   0x00000006   Code   RO        12343    .ARM.Collect$$_printf_percent$$0000000D  c_w.l(_printf_lli.o)
    0x080002de   0x080002de   0x00000006   Code   RO        12344    .ARM.Collect$$_printf_percent$$0000000E  c_w.l(_printf_lld.o)
    0x080002e4   0x080002e4   0x00000006   Code   RO        12345    .ARM.Collect$$_printf_percent$$0000000F  c_w.l(_printf_llu.o)
    0x080002ea   0x080002ea   0x00000006   Code   RO        12350    .ARM.Collect$$_printf_percent$$00000010  c_w.l(_printf_llo.o)
    0x080002f0   0x080002f0   0x00000006   Code   RO        12351    .ARM.Collect$$_printf_percent$$00000011  c_w.l(_printf_llx.o)
    0x080002f6   0x080002f6   0x0000000a   Code   RO        12347    .ARM.Collect$$_printf_percent$$00000012  c_w.l(_printf_l.o)
    0x08000300   0x08000300   0x00000006   Code   RO        12332    .ARM.Collect$$_printf_percent$$00000013  c_w.l(_printf_c.o)
    0x08000306   0x08000306   0x00000006   Code   RO        12258    .ARM.Collect$$_printf_percent$$00000014  c_w.l(_printf_s.o)
    0x0800030c   0x0800030c   0x00000006   Code   RO        12348    .ARM.Collect$$_printf_percent$$00000015  c_w.l(_printf_lc.o)
    0x08000312   0x08000312   0x00000006   Code   RO        12349    .ARM.Collect$$_printf_percent$$00000016  c_w.l(_printf_ls.o)
    0x08000318   0x08000318   0x00000004   Code   RO        12342    .ARM.Collect$$_printf_percent$$00000017  c_w.l(_printf_percent_end.o)
    0x0800031c   0x0800031c   0x00000002   Code   RO        12555    .ARM.Collect$$libinit$$00000000  c_w.l(libinit.o)
    0x0800031e   0x0800031e   0x00000004   Code   RO        12556    .ARM.Collect$$libinit$$00000001  c_w.l(libinit2.o)
    0x08000322   0x08000322   0x00000000   Code   RO        12559    .ARM.Collect$$libinit$$00000004  c_w.l(libinit2.o)
    0x08000322   0x08000322   0x00000000   Code   RO        12562    .ARM.Collect$$libinit$$0000000A  c_w.l(libinit2.o)
    0x08000322   0x08000322   0x00000000   Code   RO        12564    .ARM.Collect$$libinit$$0000000C  c_w.l(libinit2.o)
    0x08000322   0x08000322   0x00000000   Code   RO        12566    .ARM.Collect$$libinit$$0000000E  c_w.l(libinit2.o)
    0x08000322   0x08000322   0x00000006   Code   RO        12567    .ARM.Collect$$libinit$$0000000F  c_w.l(libinit2.o)
    0x08000328   0x08000328   0x00000000   Code   RO        12569    .ARM.Collect$$libinit$$00000011  c_w.l(libinit2.o)
    0x08000328   0x08000328   0x0000000c   Code   RO        12570    .ARM.Collect$$libinit$$00000012  c_w.l(libinit2.o)
    0x08000334   0x08000334   0x00000000   Code   RO        12571    .ARM.Collect$$libinit$$00000013  c_w.l(libinit2.o)
    0x08000334   0x08000334   0x00000000   Code   RO        12573    .ARM.Collect$$libinit$$00000015  c_w.l(libinit2.o)
    0x08000334   0x08000334   0x0000000a   Code   RO        12574    .ARM.Collect$$libinit$$00000016  c_w.l(libinit2.o)
    0x0800033e   0x0800033e   0x00000000   Code   RO        12575    .ARM.Collect$$libinit$$00000017  c_w.l(libinit2.o)
    0x0800033e   0x0800033e   0x00000000   Code   RO        12577    .ARM.Collect$$libinit$$00000019  c_w.l(libinit2.o)
    0x0800033e   0x0800033e   0x00000000   Code   RO        12579    .ARM.Collect$$libinit$$0000001B  c_w.l(libinit2.o)
    0x0800033e   0x0800033e   0x00000000   Code   RO        12581    .ARM.Collect$$libinit$$0000001D  c_w.l(libinit2.o)
    0x0800033e   0x0800033e   0x00000000   Code   RO        12583    .ARM.Collect$$libinit$$0000001F  c_w.l(libinit2.o)
    0x0800033e   0x0800033e   0x00000000   Code   RO        12585    .ARM.Collect$$libinit$$00000021  c_w.l(libinit2.o)
    0x0800033e   0x0800033e   0x00000000   Code   RO        12587    .ARM.Collect$$libinit$$00000023  c_w.l(libinit2.o)
    0x0800033e   0x0800033e   0x00000000   Code   RO        12589    .ARM.Collect$$libinit$$00000025  c_w.l(libinit2.o)
    0x0800033e   0x0800033e   0x00000000   Code   RO        12593    .ARM.Collect$$libinit$$0000002C  c_w.l(libinit2.o)
    0x0800033e   0x0800033e   0x00000000   Code   RO        12595    .ARM.Collect$$libinit$$0000002E  c_w.l(libinit2.o)
    0x0800033e   0x0800033e   0x00000000   Code   RO        12597    .ARM.Collect$$libinit$$00000030  c_w.l(libinit2.o)
    0x0800033e   0x0800033e   0x00000000   Code   RO        12599    .ARM.Collect$$libinit$$00000032  c_w.l(libinit2.o)
    0x0800033e   0x0800033e   0x00000002   Code   RO        12600    .ARM.Collect$$libinit$$00000033  c_w.l(libinit2.o)
    0x08000340   0x08000340   0x00000002   Code   RO        12752    .ARM.Collect$$libshutdown$$00000000  c_w.l(libshutdown.o)
    0x08000342   0x08000342   0x00000000   Code   RO        12602    .ARM.Collect$$libshutdown$$00000002  c_w.l(libshutdown2.o)
    0x08000342   0x08000342   0x00000000   Code   RO        12604    .ARM.Collect$$libshutdown$$00000004  c_w.l(libshutdown2.o)
    0x08000342   0x08000342   0x00000000   Code   RO        12607    .ARM.Collect$$libshutdown$$00000007  c_w.l(libshutdown2.o)
    0x08000342   0x08000342   0x00000000   Code   RO        12610    .ARM.Collect$$libshutdown$$0000000A  c_w.l(libshutdown2.o)
    0x08000342   0x08000342   0x00000000   Code   RO        12612    .ARM.Collect$$libshutdown$$0000000C  c_w.l(libshutdown2.o)
    0x08000342   0x08000342   0x00000000   Code   RO        12615    .ARM.Collect$$libshutdown$$0000000F  c_w.l(libshutdown2.o)
    0x08000342   0x08000342   0x00000002   Code   RO        12616    .ARM.Collect$$libshutdown$$00000010  c_w.l(libshutdown2.o)
    0x08000344   0x08000344   0x00000000   Code   RO        12302    .ARM.Collect$$rtentry$$00000000  c_w.l(__rtentry.o)
    0x08000344   0x08000344   0x00000000   Code   RO        12378    .ARM.Collect$$rtentry$$00000002  c_w.l(__rtentry2.o)
    0x08000344   0x08000344   0x00000006   Code   RO        12390    .ARM.Collect$$rtentry$$00000004  c_w.l(__rtentry4.o)
    0x0800034a   0x0800034a   0x00000000   Code   RO        12380    .ARM.Collect$$rtentry$$00000009  c_w.l(__rtentry2.o)
    0x0800034a   0x0800034a   0x00000004   Code   RO        12381    .ARM.Collect$$rtentry$$0000000A  c_w.l(__rtentry2.o)
    0x0800034e   0x0800034e   0x00000000   Code   RO        12383    .ARM.Collect$$rtentry$$0000000C  c_w.l(__rtentry2.o)
    0x0800034e   0x0800034e   0x00000008   Code   RO        12384    .ARM.Collect$$rtentry$$0000000D  c_w.l(__rtentry2.o)
    0x08000356   0x08000356   0x00000002   Code   RO        12631    .ARM.Collect$$rtexit$$00000000  c_w.l(rtexit.o)
    0x08000358   0x08000358   0x00000000   Code   RO        12690    .ARM.Collect$$rtexit$$00000002  c_w.l(rtexit2.o)
    0x08000358   0x08000358   0x00000004   Code   RO        12691    .ARM.Collect$$rtexit$$00000003  c_w.l(rtexit2.o)
    0x0800035c   0x0800035c   0x00000006   Code   RO        12692    .ARM.Collect$$rtexit$$00000004  c_w.l(rtexit2.o)
    0x08000362   0x08000362   0x00000002   PAD
    0x08000364   0x08000364   0x000000be   Code   RO        11627    .emb_text           port.o
    0x08000422   0x08000422   0x00000002   PAD
    0x08000424   0x08000424   0x00000040   Code   RO          324    .text               startup_n32h487.o
    0x08000464   0x08000464   0x000000ee   Code   RO        12195    .text               c_w.l(lludivv7m.o)
    0x08000552   0x08000552   0x00000002   PAD
    0x08000554   0x08000554   0x00000034   Code   RO        12201    .text               c_w.l(vsnprintf.o)
    0x08000588   0x08000588   0x0000004e   Code   RO        12209    .text               c_w.l(_printf_pad.o)
    0x080005d6   0x080005d6   0x00000024   Code   RO        12211    .text               c_w.l(_printf_truncate.o)
    0x080005fa   0x080005fa   0x00000052   Code   RO        12213    .text               c_w.l(_printf_str.o)
    0x0800064c   0x0800064c   0x00000078   Code   RO        12215    .text               c_w.l(_printf_dec.o)
    0x080006c4   0x080006c4   0x00000094   Code   RO        12235    .text               c_w.l(_printf_hex_int_ll_ptr.o)
    0x08000758   0x08000758   0x00000188   Code   RO        12255    .text               c_w.l(__printf_flags_ss_wp.o)
    0x080008e0   0x080008e0   0x0000003e   Code   RO        12262    .text               c_w.l(strlen.o)
    0x0800091e   0x0800091e   0x0000008a   Code   RO        12264    .text               c_w.l(rt_memcpy_v6.o)
    0x080009a8   0x080009a8   0x00000064   Code   RO        12266    .text               c_w.l(rt_memcpy_w.o)
    0x08000a0c   0x08000a0c   0x00000010   Code   RO        12270    .text               c_w.l(aeabi_memset.o)
    0x08000a1c   0x08000a1c   0x00000044   Code   RO        12272    .text               c_w.l(rt_memclr.o)
    0x08000a60   0x08000a60   0x0000004e   Code   RO        12274    .text               c_w.l(rt_memclr_w.o)
    0x08000aae   0x08000aae   0x00000002   PAD
    0x08000ab0   0x08000ab0   0x00000080   Code   RO        12276    .text               c_w.l(strcmpv7m.o)
    0x08000b30   0x08000b30   0x00000006   Code   RO        12278    .text               c_w.l(heapauxi.o)
    0x08000b36   0x08000b36   0x000000b2   Code   RO        12307    .text               c_w.l(_printf_intcommon.o)
    0x08000be8   0x08000be8   0x00000028   Code   RO        12309    .text               c_w.l(_printf_charcount.o)
    0x08000c10   0x08000c10   0x00000030   Code   RO        12311    .text               c_w.l(_printf_char_common.o)
    0x08000c40   0x08000c40   0x0000000a   Code   RO        12313    .text               c_w.l(_sputc.o)
    0x08000c4a   0x08000c4a   0x00000010   Code   RO        12315    .text               c_w.l(_snputc.o)
    0x08000c5a   0x08000c5a   0x0000002c   Code   RO        12317    .text               c_w.l(_printf_char.o)
    0x08000c86   0x08000c86   0x00000002   PAD
    0x08000c88   0x08000c88   0x000000bc   Code   RO        12321    .text               c_w.l(_printf_wctomb.o)
    0x08000d44   0x08000d44   0x0000007c   Code   RO        12324    .text               c_w.l(_printf_longlong_dec.o)
    0x08000dc0   0x08000dc0   0x00000070   Code   RO        12330    .text               c_w.l(_printf_oct_int_ll.o)
    0x08000e30   0x08000e30   0x0000008a   Code   RO        12394    .text               c_w.l(lludiv10.o)
    0x08000eba   0x08000eba   0x0000041e   Code   RO        12396    .text               c_w.l(_printf_fp_dec.o)
    0x080012d8   0x080012d8   0x000002fc   Code   RO        12398    .text               c_w.l(_printf_fp_hex.o)
    0x080015d4   0x080015d4   0x0000002c   Code   RO        12403    .text               c_w.l(_printf_wchar.o)
    0x08001600   0x08001600   0x00000040   Code   RO        12419    .text               c_w.l(_wcrtomb.o)
    0x08001640   0x08001640   0x0000004a   Code   RO        12432    .text               c_w.l(sys_stackheap_outer.o)
    0x0800168a   0x0800168a   0x00000002   PAD
    0x0800168c   0x0800168c   0x00000010   Code   RO        12434    .text               c_w.l(rt_ctype_table.o)
    0x0800169c   0x0800169c   0x00000008   Code   RO        12439    .text               c_w.l(rt_locale_intlibspace.o)
    0x080016a4   0x080016a4   0x00000080   Code   RO        12497    .text               c_w.l(_printf_fp_infnan.o)
    0x08001724   0x08001724   0x000000e4   Code   RO        12499    .text               c_w.l(bigflt0.o)
    0x08001808   0x08001808   0x00000012   Code   RO        12540    .text               c_w.l(exit.o)
    0x0800181a   0x0800181a   0x00000002   PAD
    0x0800181c   0x0800181c   0x00000008   Code   RO        12625    .text               c_w.l(libspace.o)
    0x08001824   0x08001824   0x00000002   Code   RO        12628    .text               c_w.l(use_no_semi.o)
    0x08001826   0x08001826   0x00000000   Code   RO        12630    .text               c_w.l(indicate_semi.o)
    0x08001826   0x08001826   0x00000002   PAD
    0x08001828   0x08001828   0x0000000c   Code   RO        12687    .text               c_w.l(sys_exit.o)
    0x08001834   0x08001834   0x0000003e   Code   RO        12502    CL$$btod_d2e        c_w.l(btod.o)
    0x08001872   0x08001872   0x00000046   Code   RO        12504    CL$$btod_d2e_denorm_low  c_w.l(btod.o)
    0x080018b8   0x080018b8   0x00000060   Code   RO        12503    CL$$btod_d2e_norm_op1  c_w.l(btod.o)
    0x08001918   0x08001918   0x00000338   Code   RO        12512    CL$$btod_div_common  c_w.l(btod.o)
    0x08001c50   0x08001c50   0x000000dc   Code   RO        12509    CL$$btod_e2e        c_w.l(btod.o)
    0x08001d2c   0x08001d2c   0x0000002a   Code   RO        12506    CL$$btod_ediv       c_w.l(btod.o)
    0x08001d56   0x08001d56   0x0000002a   Code   RO        12505    CL$$btod_emul       c_w.l(btod.o)
    0x08001d80   0x08001d80   0x00000244   Code   RO        12511    CL$$btod_mult_common  c_w.l(btod.o)
    0x08001fc4   0x08001fc4   0x00000014   Code   RO            4    i.Breath_Task       main.o
    0x08001fd8   0x08001fd8   0x00000004   Code   RO          198    i.BusFault_Handler  n32h47x_48x_it.o
    0x08001fdc   0x08001fdc   0x000001b8   Code   RO         1487    i.DMA_DeInit        n32h47x_48x_dma.o
    0x08002194   0x08002194   0x00000016   Code   RO         1488    i.DMA_EnableChannel  n32h47x_48x_dma.o
    0x080021aa   0x080021aa   0x00000008   Code   RO         1489    i.DMA_GetCurrDataCounter  n32h47x_48x_dma.o
    0x080021b2   0x080021b2   0x00000002   PAD
    0x080021b4   0x080021b4   0x00000064   Code   RO         1492    i.DMA_Init          n32h47x_48x_dma.o
    0x08002218   0x08002218   0x0000000c   Code   RO         1493    i.DMA_RequestRemap  n32h47x_48x_dma.o
    0x08002224   0x08002224   0x00000004   Code   RO         1494    i.DMA_SetCurrDataCounter  n32h47x_48x_dma.o
    0x08002228   0x08002228   0x00000024   Code   RO         1495    i.DMA_StructInit    n32h47x_48x_dma.o
    0x0800224c   0x0800224c   0x00000028   Code   RO        11972    i.DWT_INIT          init.o
    0x08002274   0x08002274   0x00000002   Code   RO          199    i.DebugMon_Handler  n32h47x_48x_it.o
    0x08002276   0x08002276   0x00000002   PAD
    0x08002278   0x08002278   0x00000050   Code   RO         3671    i.GPIO_ConfigPinRemap  n32h47x_48x_gpio.o
    0x080022c8   0x080022c8   0x00000044   Code   RO        11973    i.GPIO_INIT         init.o
    0x0800230c   0x0800230c   0x000000a0   Code   RO         3674    i.GPIO_InitPeripheral  n32h47x_48x_gpio.o
    0x080023ac   0x080023ac   0x00000012   Code   RO         3675    i.GPIO_InitStruct   n32h47x_48x_gpio.o
    0x080023be   0x080023be   0x00000004   Code   RO         3680    i.GPIO_ResetBits    n32h47x_48x_gpio.o
    0x080023c2   0x080023c2   0x00000004   Code   RO         3681    i.GPIO_SetBits      n32h47x_48x_gpio.o
    0x080023c6   0x080023c6   0x00000008   Code   RO         3682    i.GPIO_TogglePin    n32h47x_48x_gpio.o
    0x080023ce   0x080023ce   0x0000000a   Code   RO         3684    i.GPIO_WriteBits    n32h47x_48x_gpio.o
    0x080023d8   0x080023d8   0x00000020   Code   RO        11974    i.GPIO_Write_Delayms  init.o
    0x080023f8   0x080023f8   0x00000004   Code   RO          200    i.HardFault_Handler  n32h47x_48x_it.o
    0x080023fc   0x080023fc   0x00000074   Code   RO        11803    i.LED               led.o
    0x08002470   0x08002470   0x000000e8   Code   RO        11804    i.LED_Configuration  led.o
    0x08002558   0x08002558   0x00000004   Code   RO          201    i.MemManage_Handler  n32h47x_48x_it.o
    0x0800255c   0x0800255c   0x00000002   Code   RO          202    i.NMI_Handler       n32h47x_48x_it.o
    0x0800255e   0x0800255e   0x00000002   PAD
    0x08002560   0x08002560   0x00000070   Code   RO          331    i.NVIC_Init         misc.o
    0x080025d0   0x080025d0   0x00000014   Code   RO          332    i.NVIC_PriorityGroupConfig  misc.o
    0x080025e4   0x080025e4   0x00000020   Code   RO         4934    i.RCC_EnableAHB1PeriphClk  n32h47x_48x_rcc.o
    0x08002604   0x08002604   0x00000020   Code   RO         4935    i.RCC_EnableAHBPeriphClk  n32h47x_48x_rcc.o
    0x08002624   0x08002624   0x00000020   Code   RO         4937    i.RCC_EnableAPB1PeriphClk  n32h47x_48x_rcc.o
    0x08002644   0x08002644   0x00000020   Code   RO         4939    i.RCC_EnableAPB2PeriphClk  n32h47x_48x_rcc.o
    0x08002664   0x08002664   0x00000218   Code   RO         4957    i.RCC_GetClocksFreqValue  n32h47x_48x_rcc.o
    0x0800287c   0x0800287c   0x000002ec   Code   RO        11976    i.RCC_INIT          init.o
    0x08002b68   0x08002b68   0x00000170   Code   RO        11840    i.RS485_Mode        usart.o
    0x08002cd8   0x08002cd8   0x00000040   Code   RO            5    i.Recv_Task         main.o
    0x08002d18   0x08002d18   0x00000018   Code   RO         8701    i.SPI_Enable        n32h47x_48x_spi.o
    0x08002d30   0x08002d30   0x00000010   Code   RO         8713    i.SPI_I2S_GetStatus  n32h47x_48x_spi.o
    0x08002d40   0x08002d40   0x00000006   Code   RO         8714    i.SPI_I2S_ReceiveData  n32h47x_48x_spi.o
    0x08002d46   0x08002d46   0x00000004   Code   RO         8715    i.SPI_I2S_TransmitData  n32h47x_48x_spi.o
    0x08002d4a   0x08002d4a   0x0000003c   Code   RO         8716    i.SPI_Init          n32h47x_48x_spi.o
    0x08002d86   0x08002d86   0x00000002   PAD
    0x08002d88   0x08002d88   0x0000009c   Code   RO          278    i.SetStartupVolt    system_n32h47x_48x.o
    0x08002e24   0x08002e24   0x000000d0   Code   RO          279    i.SetSysClock       system_n32h47x_48x.o
    0x08002ef4   0x08002ef4   0x00000098   Code   RO            6    i.Start_Task        main.o
    0x08002f8c   0x08002f8c   0x00000034   Code   RO        11628    i.SysTick_Handler   port.o
    0x08002fc0   0x08002fc0   0x00000098   Code   RO          281    i.SystemInit        system_n32h47x_48x.o
    0x08003058   0x08003058   0x000000fc   Code   RO        11841    i.UART6_Configuration  usart.o
    0x08003154   0x08003154   0x0000000a   Code   RO        11842    i.UART6_IRQHandler  usart.o
    0x0800315e   0x0800315e   0x00000002   PAD
    0x08003160   0x08003160   0x000000fc   Code   RO        11843    i.UART7_Configuration  usart.o
    0x0800325c   0x0800325c   0x0000000a   Code   RO        11844    i.UART7_IRQHandler  usart.o
    0x08003266   0x08003266   0x00000002   PAD
    0x08003268   0x08003268   0x000000ec   Code   RO        11845    i.USART1_Configuration  usart.o
    0x08003354   0x08003354   0x0000000a   Code   RO        11846    i.USART1_IRQHandler  usart.o
    0x0800335e   0x0800335e   0x00000002   PAD
    0x08003360   0x08003360   0x000000f0   Code   RO        11847    i.USART4_Configuration  usart.o
    0x08003450   0x08003450   0x0000000a   Code   RO        11848    i.USART4_IRQHandler  usart.o
    0x0800345a   0x0800345a   0x00000014   Code   RO         9917    i.USART_ClrFlag     n32h47x_48x_usart.o
    0x0800346e   0x0800346e   0x0000003a   Code   RO         9919    i.USART_ConfigInt   n32h47x_48x_usart.o
    0x080034a8   0x080034a8   0x00000016   Code   RO         9926    i.USART_Enable      n32h47x_48x_usart.o
    0x080034be   0x080034be   0x00000012   Code   RO         9927    i.USART_EnableDMA   n32h47x_48x_usart.o
    0x080034d0   0x080034d0   0x00000010   Code   RO         9935    i.USART_GetFlagStatus  n32h47x_48x_usart.o
    0x080034e0   0x080034e0   0x0000003a   Code   RO         9936    i.USART_GetIntStatus  n32h47x_48x_usart.o
    0x0800351a   0x0800351a   0x00000002   PAD
    0x0800351c   0x0800351c   0x00000158   Code   RO        11978    i.USART_INIT        init.o
    0x08003674   0x08003674   0x000000dc   Code   RO        11849    i.USART_IRQHandler  usart.o
    0x08003750   0x08003750   0x000000f8   Code   RO         9941    i.USART_Init        n32h47x_48x_usart.o
    0x08003848   0x08003848   0x00000040   Code   RO        11850    i.USART_Print       usart.o
    0x08003888   0x08003888   0x000000a4   Code   RO        11851    i.USART_Printf      usart.o
    0x0800392c   0x0800392c   0x00000008   Code   RO         9948    i.USART_SendData    n32h47x_48x_usart.o
    0x08003934   0x08003934   0x0000004a   Code   RO        11852    i.USART_SendStr     usart.o
    0x0800397e   0x0800397e   0x0000001a   Code   RO         9953    i.USART_StructInit  n32h47x_48x_usart.o
    0x08003998   0x08003998   0x00000034   Code   RO        11853    i.USART_xSemapxMutex_Configuration  usart.o
    0x080039cc   0x080039cc   0x00000078   Code   RO        11979    i.USARTx_IRQn       init.o
    0x08003a44   0x08003a44   0x00000004   Code   RO          203    i.UsageFault_Handler  n32h47x_48x_it.o
    0x08003a48   0x08003a48   0x00000064   Code   RO        12069    i.W25Q64_PageProgram  spi.o
    0x08003aac   0x08003aac   0x00000054   Code   RO        12070    i.W25Q64_ReadData   spi.o
    0x08003b00   0x08003b00   0x00000058   Code   RO        12071    i.W25Q64_ReadID     spi.o
    0x08003b58   0x08003b58   0x000000a8   Code   RO        12072    i.W25Q64_SPI_Init   spi.o
    0x08003c00   0x08003c00   0x00000038   Code   RO        12073    i.W25Q64_SPI_SendReceiveByte  spi.o
    0x08003c38   0x08003c38   0x00000324   Code   RO            7    i.W25Q64_SPI_TASK   main.o
    0x08003f5c   0x08003f5c   0x00000040   Code   RO        12074    i.W25Q64_SectorErase  spi.o
    0x08003f9c   0x08003f9c   0x00000034   Code   RO        12075    i.W25Q64_WaitForIdle  spi.o
    0x08003fd0   0x08003fd0   0x00000020   Code   RO        12076    i.W25Q64_WriteEnable  spi.o
    0x08003ff0   0x08003ff0   0x00000030   Code   RO        12623    i.__ARM_fpclassify  m_wm.l(fpclassify.o)
    0x08004020   0x08004020   0x0000000e   Code   RO        12248    i._is_digit         c_w.l(__printf_wp.o)
    0x0800402e   0x0800402e   0x00000018   Code   RO        11981    i.delay_ms          init.o
    0x08004046   0x08004046   0x00000002   PAD
    0x08004048   0x08004048   0x00000030   Code   RO        11982    i.delay_us          init.o
    0x08004078   0x08004078   0x00000070   Code   RO            8    i.main              main.o
    0x080040e8   0x080040e8   0x00000098   Code   RO        11103    i.prvAddCurrentTaskToDelayedList  tasks.o
    0x08004180   0x08004180   0x000000b8   Code   RO        11104    i.prvAddNewTaskToReadyList  tasks.o
    0x08004238   0x08004238   0x00000064   Code   RO        11467    i.prvCheckForValidListAndQueue  timers.o
    0x0800429c   0x0800429c   0x00000048   Code   RO        11105    i.prvCheckTasksWaitingTermination  tasks.o
    0x080042e4   0x080042e4   0x0000002a   Code   RO        10729    i.prvCopyDataFromQueue  queue.o
    0x0800430e   0x0800430e   0x0000007e   Code   RO        10730    i.prvCopyDataToQueue  queue.o
    0x0800438c   0x0800438c   0x00000012   Code   RO        11106    i.prvDeleteTCB      tasks.o
    0x0800439e   0x0800439e   0x00000014   Code   RO        10731    i.prvGetDisinheritPriorityAfterTimeout  queue.o
    0x080043b2   0x080043b2   0x00000002   PAD
    0x080043b4   0x080043b4   0x00000028   Code   RO        11468    i.prvGetNextExpireTime  timers.o
    0x080043dc   0x080043dc   0x0000007c   Code   RO        11704    i.prvHeapInit       heap_4.o
    0x08004458   0x08004458   0x0000002c   Code   RO        11107    i.prvIdleTask       tasks.o
    0x08004484   0x08004484   0x0000001e   Code   RO        10732    i.prvInitialiseMutex  queue.o
    0x080044a2   0x080044a2   0x0000002a   Code   RO        10733    i.prvInitialiseNewQueue  queue.o
    0x080044cc   0x080044cc   0x000000be   Code   RO        11108    i.prvInitialiseNewTask  tasks.o
    0x0800458a   0x0800458a   0x00000002   PAD
    0x0800458c   0x0800458c   0x00000068   Code   RO        11109    i.prvInitialiseTaskLists  tasks.o
    0x080045f4   0x080045f4   0x00000068   Code   RO        11705    i.prvInsertBlockIntoFreeList  heap_4.o
    0x0800465c   0x0800465c   0x00000058   Code   RO        11470    i.prvInsertTimerInActiveList  timers.o
    0x080046b4   0x080046b4   0x0000001a   Code   RO        10734    i.prvIsQueueEmpty   queue.o
    0x080046ce   0x080046ce   0x0000001e   Code   RO        10735    i.prvIsQueueFull    queue.o
    0x080046ec   0x080046ec   0x00000074   Code   RO        11471    i.prvProcessExpiredTimer  timers.o
    0x08004760   0x08004760   0x00000138   Code   RO        11472    i.prvProcessReceivedCommands  timers.o
    0x08004898   0x08004898   0x00000074   Code   RO        11473    i.prvProcessTimerOrBlockTask  timers.o
    0x0800490c   0x0800490c   0x00000030   Code   RO        11111    i.prvResetNextTaskUnblockTime  tasks.o
    0x0800493c   0x0800493c   0x0000002c   Code   RO        11474    i.prvSampleTimeNow  timers.o
    0x08004968   0x08004968   0x000000a4   Code   RO        11475    i.prvSwitchTimerLists  timers.o
    0x08004a0c   0x08004a0c   0x00000040   Code   RO        11629    i.prvTaskExitError  port.o
    0x08004a4c   0x08004a4c   0x0000001a   Code   RO        11476    i.prvTimerTask      timers.o
    0x08004a66   0x08004a66   0x0000007e   Code   RO        10736    i.prvUnlockQueue    queue.o
    0x08004ae4   0x08004ae4   0x00000174   Code   RO        11706    i.pvPortMalloc      heap_4.o
    0x08004c58   0x08004c58   0x00000020   Code   RO        11114    i.pvTaskIncrementMutexHeldCount  tasks.o
    0x08004c78   0x08004c78   0x0000002c   Code   RO        11630    i.pxPortInitialiseStack  port.o
    0x08004ca4   0x08004ca4   0x00000028   Code   RO        10689    i.uxListRemove      list.o
    0x08004ccc   0x08004ccc   0x00000004   Code   RO            9    i.vApplicationIdleHook  main.o
    0x08004cd0   0x08004cd0   0x00000020   Code   RO           10    i.vApplicationMallocFailedHook  main.o
    0x08004cf0   0x08004cf0   0x00000024   Code   RO           11    i.vApplicationStackOverflowHook  main.o
    0x08004d14   0x08004d14   0x0000001a   Code   RO        10690    i.vListInitialise   list.o
    0x08004d2e   0x08004d2e   0x00000006   Code   RO        10691    i.vListInitialiseItem  list.o
    0x08004d34   0x08004d34   0x00000034   Code   RO        10692    i.vListInsert       list.o
    0x08004d68   0x08004d68   0x00000018   Code   RO        10693    i.vListInsertEnd    list.o
    0x08004d80   0x08004d80   0x00000054   Code   RO        11632    i.vPortEnterCritical  port.o
    0x08004dd4   0x08004dd4   0x0000003c   Code   RO        11633    i.vPortExitCritical  port.o
    0x08004e10   0x08004e10   0x000000a4   Code   RO        11707    i.vPortFree         heap_4.o
    0x08004eb4   0x08004eb4   0x00000028   Code   RO        11634    i.vPortSetupTimerInterrupt  port.o
    0x08004edc   0x08004edc   0x00000078   Code   RO        11635    i.vPortValidateInterruptPriority  port.o
    0x08004f54   0x08004f54   0x0000002c   Code   RO        10742    i.vQueueAddToRegistry  queue.o
    0x08004f80   0x08004f80   0x0000004a   Code   RO        10746    i.vQueueWaitForMessageRestricted  queue.o
    0x08004fca   0x08004fca   0x00000002   PAD
    0x08004fcc   0x08004fcc   0x0000005c   Code   RO        11123    i.vTaskDelay        tasks.o
    0x08005028   0x08005028   0x000000f4   Code   RO        11124    i.vTaskDelete       tasks.o
    0x0800511c   0x0800511c   0x00000018   Code   RO        11128    i.vTaskInternalSetTimeOutState  tasks.o
    0x08005134   0x08005134   0x0000000c   Code   RO        11129    i.vTaskMissedYield  tasks.o
    0x08005140   0x08005140   0x00000038   Code   RO        11130    i.vTaskPlaceOnEventList  tasks.o
    0x08005178   0x08005178   0x00000040   Code   RO        11131    i.vTaskPlaceOnEventListRestricted  tasks.o
    0x080051b8   0x080051b8   0x000000e4   Code   RO        11133    i.vTaskPriorityDisinheritAfterTimeout  tasks.o
    0x0800529c   0x0800529c   0x0000009c   Code   RO        11139    i.vTaskStartScheduler  tasks.o
    0x08005338   0x08005338   0x00000010   Code   RO        11141    i.vTaskSuspendAll   tasks.o
    0x08005348   0x08005348   0x000000c4   Code   RO        11142    i.vTaskSwitchContext  tasks.o
    0x0800540c   0x0800540c   0x00000168   Code   RO        11636    i.xPortStartScheduler  port.o
    0x08005574   0x08005574   0x00000022   Code   RO        10748    i.xQueueCreateMutex  queue.o
    0x08005596   0x08005596   0x000000a2   Code   RO        10749    i.xQueueGenericCreate  queue.o
    0x08005638   0x08005638   0x00000098   Code   RO        10750    i.xQueueGenericReset  queue.o
    0x080056d0   0x080056d0   0x000001a8   Code   RO        10751    i.xQueueGenericSend  queue.o
    0x08005878   0x08005878   0x00000120   Code   RO        10752    i.xQueueGenericSendFromISR  queue.o
    0x08005998   0x08005998   0x00000104   Code   RO        10753    i.xQueueGiveFromISR  queue.o
    0x08005a9c   0x08005a9c   0x00000168   Code   RO        10759    i.xQueueReceive     queue.o
    0x08005c04   0x08005c04   0x000001b8   Code   RO        10761    i.xQueueSemaphoreTake  queue.o
    0x08005dbc   0x08005dbc   0x00000090   Code   RO        11144    i.xTaskCheckForTimeOut  tasks.o
    0x08005e4c   0x08005e4c   0x00000060   Code   RO        11145    i.xTaskCreate       tasks.o
    0x08005eac   0x08005eac   0x00000020   Code   RO        11152    i.xTaskGetSchedulerState  tasks.o
    0x08005ecc   0x08005ecc   0x0000000c   Code   RO        11153    i.xTaskGetTickCount  tasks.o
    0x08005ed8   0x08005ed8   0x00000148   Code   RO        11155    i.xTaskIncrementTick  tasks.o
    0x08006020   0x08006020   0x000000bc   Code   RO        11156    i.xTaskPriorityDisinherit  tasks.o
    0x080060dc   0x080060dc   0x000000b8   Code   RO        11157    i.xTaskPriorityInherit  tasks.o
    0x08006194   0x08006194   0x00000098   Code   RO        11158    i.xTaskRemoveFromEventList  tasks.o
    0x0800622c   0x0800622c   0x00000104   Code   RO        11159    i.xTaskResumeAll    tasks.o
    0x08006330   0x08006330   0x00000054   Code   RO        11484    i.xTimerCreateTimerTask  timers.o
    0x08006384   0x08006384   0x00000084   Code   RO        11485    i.xTimerGenericCommand  timers.o
    0x08006408   0x08006408   0x0000002c   Code   RO        12538    locale$$code        c_w.l(lc_numeric_c.o)
    0x08006434   0x08006434   0x0000002c   Code   RO        12673    locale$$code        c_w.l(lc_ctype_c.o)
    0x08006460   0x08006460   0x0000000a   Code   RO        12685    x$fpl$fpinit        fz_wm.l(fpinit.o)
    0x0800646a   0x0800646a   0x00000004   Code   RO        12368    x$fpl$printf1       fz_wm.l(printf1.o)
    0x0800646e   0x0800646e   0x00000004   Code   RO        12370    x$fpl$printf2       fz_wm.l(printf2.o)
    0x08006472   0x08006472   0x00000000   Code   RO        12376    x$fpl$usenofp       fz_wm.l(usenofp.o)
    0x08006472   0x08006472   0x00000002   PAD
    0x08006474   0x08006474   0x00000010   Data   RO         4970    .constdata          n32h47x_48x_rcc.o
    0x08006484   0x08006484   0x0000003c   Data   RO        11806    .constdata          led.o
    0x080064c0   0x080064c0   0x000001d8   Data   RO        11855    .constdata          usart.o
    0x08006698   0x08006698   0x0000005c   Data   RO        11983    .constdata          init.o
    0x080066f4   0x080066f4   0x00000028   Data   RO        12236    .constdata          c_w.l(_printf_hex_int_ll_ptr.o)
    0x0800671c   0x0800671c   0x00000011   Data   RO        12256    .constdata          c_w.l(__printf_flags_ss_wp.o)
    0x0800672d   0x0800672d   0x00000003   PAD
    0x08006730   0x08006730   0x00000008   Data   RO        12322    .constdata          c_w.l(_printf_wctomb.o)
    0x08006738   0x08006738   0x00000026   Data   RO        12399    .constdata          c_w.l(_printf_fp_hex.o)
    0x0800675e   0x0800675e   0x00000002   PAD
    0x08006760   0x08006760   0x00000094   Data   RO        12500    .constdata          c_w.l(bigflt0.o)
    0x080067f4   0x080067f4   0x00000026   Data   RO        11856    .conststring        usart.o
    0x0800681a   0x0800681a   0x00000002   PAD
    0x0800681c   0x0800681c   0x00000020   Data   RO        12769    Region$$Table       anon$$obj.o
    0x0800683c   0x0800683c   0x0000001c   Data   RO        12537    locale$$data        c_w.l(lc_numeric_c.o)
    0x08006858   0x08006858   0x00000110   Data   RO        12672    locale$$data        c_w.l(lc_ctype_c.o)


    Execution Region RW_IRAM1 (Exec base: 0x20000000, Load base: 0x08006968, Size: 0x0001a948, Max: 0x00030000, ABSOLUTE)

    Exec Addr    Load Addr    Size         Type   Attr      Idx    E Section Name        Object

    0x20000000   0x08006968   0x00000010   Data   RW           12    .data               main.o
    0x20000010   0x08006978   0x00000004   Data   RW          282    .data               system_n32h47x_48x.o
    0x20000014   0x0800697c   0x00000040   Data   RW        11162    .data               tasks.o
    0x20000054   0x080069bc   0x00000014   Data   RW        11491    .data               timers.o
    0x20000068   0x080069d0   0x0000000c   Data   RW        11637    .data               port.o
    0x20000074   0x080069dc   0x00000020   Data   RW        11713    .data               heap_4.o
    0x20000094        -       0x00000040   Zero   RW        10763    .bss                queue.o
    0x200000d4        -       0x000000c8   Zero   RW        11161    .bss                tasks.o
    0x2000019c        -       0x00000028   Zero   RW        11490    .bss                timers.o
    0x200001c4        -       0x00018000   Zero   RW        11712    .bss                heap_4.o
    0x200181c4        -       0x0000003c   Zero   RW        11805    .bss                led.o
    0x20018200        -       0x000014e8   Zero   RW        11854    .bss                usart.o
    0x200196e8        -       0x00000060   Zero   RW        12626    .bss                c_w.l(libspace.o)
    0x20019748        -       0x00000200   Zero   RW          322    HEAP                startup_n32h487.o
    0x20019948        -       0x00001000   Zero   RW          321    STACK               startup_n32h487.o


==============================================================================

Image component sizes


      Code (inc. data)   RO Data    RW Data    ZI Data      Debug   Object Name

         0          0          0          0          0       1560   adc.o
         0          0          0          0          0       7448   croutine.o
         0          0          0          0          0      13816   event_groups.o
       764         72          0         32      98304       4827   heap_4.o
      1424        202         92          0          0      55136   init.o
       348         20         60          0         60       2410   led.o
       148          0          0          0          0       3598   list.o
      1224        644          0         16          0      21805   main.o
       132         22          0          0          0     540479   misc.o
         0          0          0          0          0      25100   n32h47x_48x_adc.o
         0          0          0          0          0        392   n32h47x_48x_dac.o
       622         24          0          0          0      19422   n32h47x_48x_dma.o
         0          0          0          0          0      47204   n32h47x_48x_eth.o
       284         10          0          0          0       5224   n32h47x_48x_gpio.o
        20          0          0          0          0       3033   n32h47x_48x_it.o
       664         72         16          0          0       4464   n32h47x_48x_rcc.o
       110          0          0          0          0      14265   n32h47x_48x_spi.o
       474         20          0          0          0      14199   n32h47x_48x_usart.o
      1014         92          0         12          0      12069   port.o
      2680         26          0          0         64      21832   queue.o
       644         54          0          0          0       6145   spi.o
        64         26        536          0       4608        828   startup_n32h487.o
       516         66          0          4          0       3811   system_n32h47x_48x.o
      3328        424          0         64        200      31971   tasks.o
      1222        114          0         20         40      26407   timers.o
      1962        252        510          0       5352      16674   usart.o

    ----------------------------------------------------------------------
     17670       2140       1248        148     108628     904119   Object Totals
         0          0         32          0          0          0   (incl. Generated)
        26          0          2          0          0          0   (incl. Padding)

    ----------------------------------------------------------------------

      Code (inc. data)   RO Data    RW Data    ZI Data      Debug   Library Member Name

         8          0          0          0          0         68   __main.o
       392          4         17          0          0         92   __printf_flags_ss_wp.o
        14          0          0          0          0         68   __printf_wp.o
         0          0          0          0          0          0   __rtentry.o
        12          0          0          0          0          0   __rtentry2.o
         6          0          0          0          0          0   __rtentry4.o
        52          8          0          0          0          0   __scatter.o
        26          0          0          0          0          0   __scatter_copy.o
        28          0          0          0          0          0   __scatter_zi.o
         6          0          0          0          0          0   _printf_a.o
         6          0          0          0          0          0   _printf_c.o
        44          0          0          0          0        108   _printf_char.o
        48          6          0          0          0         96   _printf_char_common.o
        40          0          0          0          0         68   _printf_charcount.o
         6          0          0          0          0          0   _printf_d.o
       120         16          0          0          0         92   _printf_dec.o
         6          0          0          0          0          0   _printf_e.o
         6          0          0          0          0          0   _printf_f.o
      1054          0          0          0          0        216   _printf_fp_dec.o
       764          8         38          0          0        100   _printf_fp_hex.o
       128         16          0          0          0         84   _printf_fp_infnan.o
         6          0          0          0          0          0   _printf_g.o
       148          4         40          0          0        160   _printf_hex_int_ll_ptr.o
         6          0          0          0          0          0   _printf_i.o
       178          0          0          0          0         88   _printf_intcommon.o
        10          0          0          0          0          0   _printf_l.o
         6          0          0          0          0          0   _printf_lc.o
        10          0          0          0          0          0   _printf_ll.o
         6          0          0          0          0          0   _printf_lld.o
         6          0          0          0          0          0   _printf_lli.o
         6          0          0          0          0          0   _printf_llo.o
         6          0          0          0          0          0   _printf_llu.o
         6          0          0          0          0          0   _printf_llx.o
       124         16          0          0          0         92   _printf_longlong_dec.o
         6          0          0          0          0          0   _printf_ls.o
         6          0          0          0          0          0   _printf_n.o
         6          0          0          0          0          0   _printf_o.o
       112         10          0          0          0        124   _printf_oct_int_ll.o
         6          0          0          0          0          0   _printf_p.o
        78          0          0          0          0        108   _printf_pad.o
         0          0          0          0          0          0   _printf_percent.o
         4          0          0          0          0          0   _printf_percent_end.o
         6          0          0          0          0          0   _printf_s.o
        82          0          0          0          0         80   _printf_str.o
        36          0          0          0          0         84   _printf_truncate.o
         6          0          0          0          0          0   _printf_u.o
        44          0          0          0          0        108   _printf_wchar.o
       188          6          8          0          0         92   _printf_wctomb.o
         6          0          0          0          0          0   _printf_x.o
        16          0          0          0          0         68   _snputc.o
        10          0          0          0          0         68   _sputc.o
        64          0          0          0          0         92   _wcrtomb.o
        16          0          0          0          0         68   aeabi_memset.o
       228          4        148          0          0         96   bigflt0.o
      1936        128          0          0          0        672   btod.o
        18          0          0          0          0         80   exit.o
         6          0          0          0          0        152   heapauxi.o
         0          0          0          0          0          0   indicate_semi.o
        44         10        272          0          0         76   lc_ctype_c.o
        44         10         28          0          0         76   lc_numeric_c.o
         2          0          0          0          0          0   libinit.o
        34          0          0          0          0          0   libinit2.o
         2          0          0          0          0          0   libshutdown.o
         2          0          0          0          0          0   libshutdown2.o
         8          4          0          0         96         68   libspace.o
       138          0          0          0          0         80   lludiv10.o
       238          0          0          0          0        100   lludivv7m.o
        16          4          0          0          0         76   rt_ctype_table.o
         8          4          0          0          0         68   rt_locale_intlibspace.o
        68          0          0          0          0         68   rt_memclr.o
        78          0          0          0          0         80   rt_memclr_w.o
       138          0          0          0          0         68   rt_memcpy_v6.o
       100          0          0          0          0         80   rt_memcpy_w.o
         2          0          0          0          0          0   rtexit.o
        10          0          0          0          0          0   rtexit2.o
       128          0          0          0          0         68   strcmpv7m.o
        62          0          0          0          0         76   strlen.o
        12          4          0          0          0         68   sys_exit.o
        74          0          0          0          0         80   sys_stackheap_outer.o
         2          0          0          0          0         68   use_no_semi.o
        52          4          0          0          0         80   vsnprintf.o
        10          0          0          0          0        116   fpinit.o
         4          0          0          0          0        116   printf1.o
         4          0          0          0          0        116   printf2.o
         0          0          0          0          0          0   usenofp.o
        48          0          0          0          0        124   fpclassify.o

    ----------------------------------------------------------------------
      7510        266        556          0         96       4976   Library Totals
        18          0          5          0          0          0   (incl. Padding)

    ----------------------------------------------------------------------

      Code (inc. data)   RO Data    RW Data    ZI Data      Debug   Library Name

      7426        266        551          0         96       4504   c_w.l
        18          0          0          0          0        348   fz_wm.l
        48          0          0          0          0        124   m_wm.l

    ----------------------------------------------------------------------
      7510        266        556          0         96       4976   Library Totals

    ----------------------------------------------------------------------

==============================================================================


      Code (inc. data)   RO Data    RW Data    ZI Data      Debug   

     25180       2406       1804        148     108724     890899   Grand Totals
     25180       2406       1804        148     108724     890899   ELF Image Totals
     25180       2406       1804        148          0          0   ROM Totals

==============================================================================

    Total RO  Size (Code + RO Data)                26984 (  26.35kB)
    Total RW  Size (RW Data + ZI Data)            108872 ( 106.32kB)
    Total ROM Size (Code + RO Data + RW Data)      27132 (  26.50kB)

==============================================================================

