Component: ARM Compiler 5.06 update 6 (build 750) Tool: armlink [4d35ed]

==============================================================================

Section Cross References

    main.o(i.Breath_Task) refers to led.o(i.LED) for LED
    main.o(i.Breath_Task) refers to tasks.o(i.vTaskDelay) for vTaskDelay
    main.o(i.Net_Task) refers to usart.o(i.USART_Print) for USART_Print
    main.o(i.Net_Task) refers to eth.o(i.NetworkInitialize) for NetworkInitialize
    main.o(i.Net_Task) refers to tasks.o(i.vTaskResume) for vTaskResume
    main.o(i.Net_Task) refers to tasks.o(i.vTaskDelete) for vTaskDelete
    main.o(i.Net_Task) refers to main.o(.data) for TCP_Handler
    main.o(i.Recv_Task) refers to queue.o(i.xQueueSemaphoreTake) for xQueueSemaphoreTake
    main.o(i.Recv_Task) refers to usart.o(i.LOG) for LOG
    main.o(i.Recv_Task) refers to usart.o(.bss) for xSemap
    main.o(i.Recv_Task) refers to usart.o(.constdata) for g_USART_Buf
    main.o(i.Start_Task) refers to port.o(i.vPortEnterCritical) for vPortEnterCritical
    main.o(i.Start_Task) refers to tasks.o(i.xTaskCreate) for xTaskCreate
    main.o(i.Start_Task) refers to tasks.o(i.vTaskSuspend) for vTaskSuspend
    main.o(i.Start_Task) refers to tasks.o(i.vTaskDelete) for vTaskDelete
    main.o(i.Start_Task) refers to port.o(i.vPortExitCritical) for vPortExitCritical
    main.o(i.Start_Task) refers to main.o(.data) for Breath_Handler
    main.o(i.Start_Task) refers to main.o(i.Breath_Task) for Breath_Task
    main.o(i.Start_Task) refers to main.o(i.Recv_Task) for Recv_Task
    main.o(i.Start_Task) refers to main.o(i.Net_Task) for Net_Task
    main.o(i.Start_Task) refers to main.o(i.TCP_Task) for TCP_Task
    main.o(i.Start_Task) refers to main.o(i.UDP_Task) for UDP_Task
    main.o(i.TCP_Task) refers to _printf_percent.o(.ARM.Collect$$_printf_percent$$00000000) for _printf_percent
    main.o(i.TCP_Task) refers to _printf_s.o(.ARM.Collect$$_printf_percent$$00000014) for _printf_s
    main.o(i.TCP_Task) refers to _printf_str.o(.text) for _printf_str
    main.o(i.TCP_Task) refers to usart.o(i.LOG) for LOG
    main.o(i.TCP_Task) refers to def.o(i.lwip_htons) for lwip_htons
    main.o(i.TCP_Task) refers to sockets.o(i.lwip_socket) for lwip_socket
    main.o(i.TCP_Task) refers to tasks.o(i.vTaskDelay) for vTaskDelay
    main.o(i.TCP_Task) refers to sockets.o(i.lwip_connect) for lwip_connect
    main.o(i.TCP_Task) refers to sockets.o(i.lwip_close) for lwip_close
    main.o(i.TCP_Task) refers to sockets.o(i.lwip_getsockname) for lwip_getsockname
    main.o(i.TCP_Task) refers to ip4_addr.o(i.ip4addr_ntoa) for ip4addr_ntoa
    main.o(i.TCP_Task) refers to rt_memclr_w.o(.text) for __aeabi_memclr4
    main.o(i.TCP_Task) refers to sockets.o(i.lwip_recv) for lwip_recv
    main.o(i.TCP_Task) refers to __2snprintf.o(.text) for __2snprintf
    main.o(i.TCP_Task) refers to sockets.o(i.lwip_send) for lwip_send
    main.o(i.UDP_Task) refers to _printf_percent.o(.ARM.Collect$$_printf_percent$$00000000) for _printf_percent
    main.o(i.UDP_Task) refers to _printf_s.o(.ARM.Collect$$_printf_percent$$00000014) for _printf_s
    main.o(i.UDP_Task) refers to _printf_str.o(.text) for _printf_str
    main.o(i.UDP_Task) refers to def.o(i.lwip_htons) for lwip_htons
    main.o(i.UDP_Task) refers to usart.o(i.LOG) for LOG
    main.o(i.UDP_Task) refers to sockets.o(i.lwip_socket) for lwip_socket
    main.o(i.UDP_Task) refers to tasks.o(i.vTaskDelay) for vTaskDelay
    main.o(i.UDP_Task) refers to sockets.o(i.lwip_bind) for lwip_bind
    main.o(i.UDP_Task) refers to sockets.o(i.lwip_close) for lwip_close
    main.o(i.UDP_Task) refers to rt_memclr_w.o(.text) for __aeabi_memclr4
    main.o(i.UDP_Task) refers to sockets.o(i.lwip_recvfrom) for lwip_recvfrom
    main.o(i.UDP_Task) refers to ip4_addr.o(i.ip4addr_ntoa) for ip4addr_ntoa
    main.o(i.UDP_Task) refers to __2snprintf.o(.text) for __2snprintf
    main.o(i.UDP_Task) refers to sockets.o(i.lwip_sendto) for lwip_sendto
    main.o(i.main) refers to misc.o(i.NVIC_PriorityGroupConfig) for NVIC_PriorityGroupConfig
    main.o(i.main) refers to led.o(i.LED_Configuration) for LED_Configuration
    main.o(i.main) refers to usart.o(i.USART_xSemapxMutex_Configuration) for USART_xSemapxMutex_Configuration
    main.o(i.main) refers to usart.o(i.USART1_Configuration) for USART1_Configuration
    main.o(i.main) refers to usart.o(i.UART7_Configuration) for UART7_Configuration
    main.o(i.main) refers to usart.o(i.USART4_Configuration) for USART4_Configuration
    main.o(i.main) refers to usart.o(i.UART6_Configuration) for UART6_Configuration
    main.o(i.main) refers to usart.o(i.USART_Print) for USART_Print
    main.o(i.main) refers to tasks.o(i.xTaskCreate) for xTaskCreate
    main.o(i.main) refers to tasks.o(i.vTaskStartScheduler) for vTaskStartScheduler
    main.o(i.main) refers to main.o(.data) for Start_Handler
    main.o(i.main) refers to main.o(i.Start_Task) for Start_Task
[...]
    0x0800037e   0x0800037e   0x00000000   Code   RO        17455    .ARM.Collect$$libinit$$0000001B  c_w.l(libinit2.o)
    0x0800037e   0x0800037e   0x00000000   Code   RO        17457    .ARM.Collect$$libinit$$0000001D  c_w.l(libinit2.o)
    0x0800037e   0x0800037e   0x00000000   Code   RO        17459    .ARM.Collect$$libinit$$0000001F  c_w.l(libinit2.o)
    0x0800037e   0x0800037e   0x00000000   Code   RO        17461    .ARM.Collect$$libinit$$00000021  c_w.l(libinit2.o)
    0x0800037e   0x0800037e   0x00000000   Code   RO        17463    .ARM.Collect$$libinit$$00000023  c_w.l(libinit2.o)
    0x0800037e   0x0800037e   0x00000000   Code   RO        17465    .ARM.Collect$$libinit$$00000025  c_w.l(libinit2.o)
    0x0800037e   0x0800037e   0x00000000   Code   RO        17469    .ARM.Collect$$libinit$$0000002C  c_w.l(libinit2.o)
    0x0800037e   0x0800037e   0x00000000   Code   RO        17471    .ARM.Collect$$libinit$$0000002E  c_w.l(libinit2.o)
    0x0800037e   0x0800037e   0x00000000   Code   RO        17473    .ARM.Collect$$libinit$$00000030  c_w.l(libinit2.o)
    0x0800037e   0x0800037e   0x00000000   Code   RO        17475    .ARM.Collect$$libinit$$00000032  c_w.l(libinit2.o)
    0x0800037e   0x0800037e   0x00000002   Code   RO        17476    .ARM.Collect$$libinit$$00000033  c_w.l(libinit2.o)
    0x08000380   0x08000380   0x00000002   Code   RO        17581    .ARM.Collect$$libshutdown$$00000000  c_w.l(libshutdown.o)
    0x08000382   0x08000382   0x00000000   Code   RO        17597    .ARM.Collect$$libshutdown$$00000002  c_w.l(libshutdown2.o)
    0x08000382   0x08000382   0x00000000   Code   RO        17599    .ARM.Collect$$libshutdown$$00000004  c_w.l(libshutdown2.o)
    0x08000382   0x08000382   0x00000000   Code   RO        17602    .ARM.Collect$$libshutdown$$00000007  c_w.l(libshutdown2.o)
    0x08000382   0x08000382   0x00000000   Code   RO        17605    .ARM.Collect$$libshutdown$$0000000A  c_w.l(libshutdown2.o)
    0x08000382   0x08000382   0x00000000   Code   RO        17607    .ARM.Collect$$libshutdown$$0000000C  c_w.l(libshutdown2.o)
    0x08000382   0x08000382   0x00000000   Code   RO        17610    .ARM.Collect$$libshutdown$$0000000F  c_w.l(libshutdown2.o)
    0x08000382   0x08000382   0x00000002   Code   RO        17611    .ARM.Collect$$libshutdown$$00000010  c_w.l(libshutdown2.o)
    0x08000384   0x08000384   0x00000000   Code   RO        17282    .ARM.Collect$$rtentry$$00000000  c_w.l(__rtentry.o)
    0x08000384   0x08000384   0x00000000   Code   RO        17397    .ARM.Collect$$rtentry$$00000002  c_w.l(__rtentry2.o)
    0x08000384   0x08000384   0x00000006   Code   RO        17409    .ARM.Collect$$rtentry$$00000004  c_w.l(__rtentry4.o)
    0x0800038a   0x0800038a   0x00000000   Code   RO        17399    .ARM.Collect$$rtentry$$00000009  c_w.l(__rtentry2.o)
    0x0800038a   0x0800038a   0x00000004   Code   RO        17400    .ARM.Collect$$rtentry$$0000000A  c_w.l(__rtentry2.o)
    0x0800038e   0x0800038e   0x00000000   Code   RO        17402    .ARM.Collect$$rtentry$$0000000C  c_w.l(__rtentry2.o)
    0x0800038e   0x0800038e   0x00000008   Code   RO        17403    .ARM.Collect$$rtentry$$0000000D  c_w.l(__rtentry2.o)
    0x08000396   0x08000396   0x00000002   Code   RO        17537    .ARM.Collect$$rtexit$$00000000  c_w.l(rtexit.o)
    0x08000398   0x08000398   0x00000000   Code   RO        17554    .ARM.Collect$$rtexit$$00000002  c_w.l(rtexit2.o)
    0x08000398   0x08000398   0x00000004   Code   RO        17555    .ARM.Collect$$rtexit$$00000003  c_w.l(rtexit2.o)
    0x0800039c   0x0800039c   0x00000006   Code   RO        17556    .ARM.Collect$$rtexit$$00000004  c_w.l(rtexit2.o)
    0x080003a2   0x080003a2   0x00000002   PAD
    0x080003a4   0x080003a4   0x000000be   Code   RO        11777    .emb_text           port.o
    0x08000462   0x08000462   0x00000002   PAD
    0x08000464   0x08000464   0x00000040   Code   RO          474    .text               startup_n32h487.o
    0x080004a4   0x080004a4   0x00000010   Code   RO        17196    .text               c_w.l(rt_ctype_table.o)
    0x080004b4   0x080004b4   0x000000ee   Code   RO        17198    .text               c_w.l(lludivv7m.o)
    0x080005a2   0x080005a2   0x00000002   PAD
    0x080005a4   0x080005a4   0x00000034   Code   RO        17204    .text               c_w.l(vsnprintf.o)
    0x080005d8   0x080005d8   0x00000038   Code   RO        17206    .text               c_w.l(__2snprintf.o)
    0x08000610   0x08000610   0x00000052   Code   RO        17212    .text               c_w.l(_printf_str.o)
    0x08000662   0x08000662   0x00000002   PAD
    0x08000664   0x08000664   0x00000188   Code   RO        17231    .text               c_w.l(__printf_flags_ss_wp.o)
    0x080007ec   0x080007ec   0x00000058   Code   RO        17238    .text               c_w.l(memcmp.o)
    0x08000844   0x08000844   0x0000003e   Code   RO        17240    .text               c_w.l(strlen.o)
    0x08000882   0x08000882   0x0000008a   Code   RO        17244    .text               c_w.l(rt_memcpy_v6.o)
    0x0800090c   0x0800090c   0x00000064   Code   RO        17248    .text               c_w.l(rt_memcpy_w.o)
    0x08000970   0x08000970   0x00000010   Code   RO        17252    .text               c_w.l(aeabi_memset.o)
    0x08000980   0x08000980   0x00000044   Code   RO        17254    .text               c_w.l(rt_memclr.o)
    0x080009c4   0x080009c4   0x0000004e   Code   RO        17256    .text               c_w.l(rt_memclr_w.o)
    0x08000a12   0x08000a12   0x00000006   Code   RO        17258    .text               c_w.l(heapauxi.o)
    0x08000a18   0x08000a18   0x00000008   Code   RO        17290    .text               c_w.l(rt_locale_intlibspace.o)
    0x08000a20   0x08000a20   0x0000004e   Code   RO        17297    .text               c_w.l(_printf_pad.o)
    0x08000a6e   0x08000a6e   0x00000024   Code   RO        17299    .text               c_w.l(_printf_truncate.o)
    0x08000a92   0x08000a92   0x00000002   PAD
    0x08000a94   0x08000a94   0x00000078   Code   RO        17301    .text               c_w.l(_printf_dec.o)
    0x08000b0c   0x08000b0c   0x00000028   Code   RO        17303    .text               c_w.l(_printf_charcount.o)
    0x08000b34   0x08000b34   0x00000030   Code   RO        17305    .text               c_w.l(_printf_char_common.o)
    0x08000b64   0x08000b64   0x0000000a   Code   RO        17307    .text               c_w.l(_sputc.o)
    0x08000b6e   0x08000b6e   0x00000010   Code   RO        17309    .text               c_w.l(_snputc.o)
    0x08000b7e   0x08000b7e   0x0000002c   Code   RO        17311    .text               c_w.l(_printf_char.o)
    0x08000baa   0x08000baa   0x00000002   PAD
    0x08000bac   0x08000bac   0x000000bc   Code   RO        17313    .text               c_w.l(_printf_wctomb.o)
    0x08000c68   0x08000c68   0x0000007c   Code   RO        17316    .text               c_w.l(_printf_longlong_dec.o)
    0x08000ce4   0x08000ce4   0x00000070   Code   RO        17322    .text               c_w.l(_printf_oct_int_ll.o)
    0x08000d54   0x08000d54   0x00000094   Code   RO        17342    .text               c_w.l(_printf_hex_int_ll_ptr.o)
    0x08000de8   0x08000de8   0x00000008   Code   RO        17393    .text               c_w.l(libspace.o)
    0x08000df0   0x08000df0   0x0000008a   Code   RO        17413    .text               c_w.l(lludiv10.o)
    0x08000e7a   0x08000e7a   0x000000b2   Code   RO        17415    .text               c_w.l(_printf_intcommon.o)
    0x08000f2c   0x08000f2c   0x0000041e   Code   RO        17417    .text               c_w.l(_printf_fp_dec.o)
    0x0800134a   0x0800134a   0x00000002   PAD
    0x0800134c   0x0800134c   0x000002fc   Code   RO        17419    .text               c_w.l(_printf_fp_hex.o)
    0x08001648   0x08001648   0x0000002c   Code   RO        17424    .text               c_w.l(_printf_wchar.o)
    0x08001674   0x08001674   0x00000040   Code   RO        17428    .text               c_w.l(_wcrtomb.o)
    0x080016b4   0x080016b4   0x00000080   Code   RO        17430    .text               c_w.l(strcmpv7m.o)
    0x08001734   0x08001734   0x0000004a   Code   RO        17481    .text               c_w.l(sys_stackheap_outer.o)
    0x0800177e   0x0800177e   0x00000002   PAD
    0x08001780   0x08001780   0x00000080   Code   RO        17483    .text               c_w.l(_printf_fp_infnan.o)
    0x08001800   0x08001800   0x000000e4   Code   RO        17487    .text               c_w.l(bigflt0.o)
    0x080018e4   0x080018e4   0x00000012   Code   RO        17515    .text               c_w.l(exit.o)
    0x080018f6   0x080018f6   0x00000002   PAD
    0x080018f8   0x080018f8   0x0000000c   Code   RO        17551    .text               c_w.l(sys_exit.o)
    0x08001904   0x08001904   0x00000002   Code   RO        17572    .text               c_w.l(use_no_semi.o)
    0x08001906   0x08001906   0x00000000   Code   RO        17574    .text               c_w.l(indicate_semi.o)
    0x08001906   0x08001906   0x0000003e   Code   RO        17490    CL$$btod_d2e        c_w.l(btod.o)
    0x08001944   0x08001944   0x00000046   Code   RO        17492    CL$$btod_d2e_denorm_low  c_w.l(btod.o)
    0x0800198a   0x0800198a   0x00000060   Code   RO        17491    CL$$btod_d2e_norm_op1  c_w.l(btod.o)
    0x080019ea   0x080019ea   0x00000338   Code   RO        17500    CL$$btod_div_common  c_w.l(btod.o)
    0x08001d22   0x08001d22   0x000000dc   Code   RO        17497    CL$$btod_e2e        c_w.l(btod.o)
    0x08001dfe   0x08001dfe   0x0000002a   Code   RO        17494    CL$$btod_ediv       c_w.l(btod.o)
    0x08001e28   0x08001e28   0x0000002a   Code   RO        17493    CL$$btod_emul       c_w.l(btod.o)
    0x08001e52   0x08001e52   0x00000244   Code   RO        17499    CL$$btod_mult_common  c_w.l(btod.o)
    0x08002096   0x08002096   0x00000014   Code   RO            4    i.Breath_Task       main.o
    0x080020aa   0x080020aa   0x00000004   Code   RO          348    i.BusFault_Handler  n32h47x_48x_it.o
    0x080020ae   0x080020ae   0x00000002   PAD
    0x080020b0   0x080020b0   0x000001b8   Code   RO         1637    i.DMA_DeInit        n32h47x_48x_dma.o
    0x08002268   0x08002268   0x00000016   Code   RO         1638    i.DMA_EnableChannel  n32h47x_48x_dma.o
    0x0800227e   0x0800227e   0x00000008   Code   RO         1639    i.DMA_GetCurrDataCounter  n32h47x_48x_dma.o
    0x08002286   0x08002286   0x00000002   PAD
    0x08002288   0x08002288   0x00000064   Code   RO         1642    i.DMA_Init          n32h47x_48x_dma.o
    0x080022ec   0x080022ec   0x0000000c   Code   RO         1643    i.DMA_RequestRemap  n32h47x_48x_dma.o
    0x080022f8   0x080022f8   0x00000004   Code   RO         1644    i.DMA_SetCurrDataCounter  n32h47x_48x_dma.o
    0x080022fc   0x080022fc   0x00000024   Code   RO         1645    i.DMA_StructInit    n32h47x_48x_dma.o
    0x08002320   0x08002320   0x00000002   Code   RO          349    i.DebugMon_Handler  n32h47x_48x_it.o
    0x08002322   0x08002322   0x00000020   Code   RO        16880    i.ETH_BSP_ClockCmd  bsp_eth.o
    0x08002342   0x08002342   0x00000002   PAD
    0x08002344   0x08002344   0x000001e4   Code   RO        16882    i.ETH_BSP_GPIOInit  bsp_eth.o
    0x08002528   0x08002528   0x000001d8   Code   RO        16883    i.ETH_BSP_Init      bsp_eth.o
    0x08002700   0x08002700   0x00000066   Code   RO        16884    i.ETH_BSP_NVICInit  bsp_eth.o
    0x08002766   0x08002766   0x00000086   Code   RO         1983    i.ETH_BuildRxDescriptors  n32h47x_48x_eth.o
    0x080027ec   0x080027ec   0x00000010   Code   RO         1986    i.ETH_ClearDMACh0InterruptFlag  n32h47x_48x_eth.o
    0x080027fc   0x080027fc   0x00000010   Code   RO         1997    i.ETH_ConfigMDCFastClock  n32h47x_48x_eth.o
    0x0800280c   0x0800280c   0x0000012c   Code   RO         1998    i.ETH_ConfigMDCNormalClock  n32h47x_48x_eth.o
    0x08002938   0x08002938   0x0000005a   Code   RO         2003    i.ETH_DMARxDescListInit  n32h47x_48x_eth.o
    0x08002992   0x08002992   0x0000004a   Code   RO         2004    i.ETH_DMATxDescListInit  n32h47x_48x_eth.o
    0x080029dc   0x080029dc   0x00000018   Code   RO         2005    i.ETH_DeInit        n32h47x_48x_eth.o
    0x080029f4   0x080029f4   0x00000244   Code   RO         2007    i.ETH_ExternalPHYInit  n32h47x_48x_eth.o
    0x08002c38   0x08002c38   0x00000014   Code   RO         2016    i.ETH_GetDMACh0InterruptStatus  n32h47x_48x_eth.o
    0x08002c4c   0x08002c4c   0x000000c6   Code   RO         2037    i.ETH_GetRxDataBuffer  n32h47x_48x_eth.o
    0x08002d12   0x08002d12   0x0000003c   Code   RO         2038    i.ETH_GetRxDataLength  n32h47x_48x_eth.o
    0x08002d4e   0x08002d4e   0x00000002   PAD
    0x08002d50   0x08002d50   0x00000068   Code   RO        16885    i.ETH_IRQHandler    bsp_eth.o
    0x08002db8   0x08002db8   0x00000350   Code   RO         2048    i.ETH_Init          n32h47x_48x_eth.o
    0x08003108   0x08003108   0x00000104   Code   RO         2050    i.ETH_IsRxDataAvailable  n32h47x_48x_eth.o
    0x0800320c   0x0800320c   0x00000244   Code   RO         2073    i.ETH_PrepareTxDescriptors  n32h47x_48x_eth.o
    0x08003450   0x08003450   0x000000b8   Code   RO         2074    i.ETH_ReadPHYRegister  n32h47x_48x_eth.o
    0x08003508   0x08003508   0x00000040   Code   RO         2079    i.ETH_RxDescAssignMemory  n32h47x_48x_eth.o
    0x08003548   0x08003548   0x00000098   Code   RO         2098    i.ETH_StartIT       n32h47x_48x_eth.o
    0x080035e0   0x080035e0   0x000000ce   Code   RO         2101    i.ETH_StructInit    n32h47x_48x_eth.o
    0x080036ae   0x080036ae   0x00000002   PAD
    0x080036b0   0x080036b0   0x000000ec   Code   RO         2102    i.ETH_Transmit      n32h47x_48x_eth.o
    0x0800379c   0x0800379c   0x000000b4   Code   RO         2107    i.ETH_WritePHYRegister  n32h47x_48x_eth.o
    0x08003850   0x08003850   0x00000098   Code   RO         2771    i.EXTI_InitPeripheral  n32h47x_48x_exti.o
    0x080038e8   0x080038e8   0x00000012   Code   RO         2772    i.EXTI_InitStruct   n32h47x_48x_exti.o
    0x080038fa   0x080038fa   0x00000002   PAD
    0x080038fc   0x080038fc   0x00000050   Code   RO         3821    i.GPIO_ConfigPinRemap  n32h47x_48x_gpio.o
    0x0800394c   0x0800394c   0x00000044   Code   RO        12196    i.GPIO_INIT         easyinit.o
    0x08003990   0x08003990   0x000000a0   Code   RO         3824    i.GPIO_InitPeripheral  n32h47x_48x_gpio.o
    0x08003a30   0x08003a30   0x00000012   Code   RO         3825    i.GPIO_InitStruct   n32h47x_48x_gpio.o
    0x08003a42   0x08003a42   0x00000008   Code   RO         3832    i.GPIO_TogglePin    n32h47x_48x_gpio.o
    0x08003a4a   0x08003a4a   0x0000000a   Code   RO         3834    i.GPIO_WriteBits    n32h47x_48x_gpio.o
    0x08003a54   0x08003a54   0x00000026   Code   RO        12197    i.GPIO_Write_Delayms  easyinit.o
    0x08003a7a   0x08003a7a   0x00000004   Code   RO          350    i.HardFault_Handler  n32h47x_48x_it.o
    0x08003a7e   0x08003a7e   0x00000002   PAD
    0x08003a80   0x08003a80   0x00000074   Code   RO        11953    i.LED               led.o
    0x08003af4   0x08003af4   0x000000b0   Code   RO        11954    i.LED_Configuration  led.o
    0x08003ba4   0x08003ba4   0x000000a4   Code   RO        11990    i.LOG               usart.o
    0x08003c48   0x08003c48   0x00000004   Code   RO          351    i.MemManage_Handler  n32h47x_48x_it.o
    0x08003c4c   0x08003c4c   0x00000002   Code   RO          352    i.NMI_Handler       n32h47x_48x_it.o
    0x08003c4e   0x08003c4e   0x00000002   PAD
    0x08003c50   0x08003c50   0x00000070   Code   RO          481    i.NVIC_Init         misc.o
    0x08003cc0   0x08003cc0   0x00000014   Code   RO          482    i.NVIC_PriorityGroupConfig  misc.o
    0x08003cd4   0x08003cd4   0x00000048   Code   RO            5    i.Net_Task          main.o
    0x08003d1c   0x08003d1c   0x00000138   Code   RO        12274    i.NetworkInitialize  eth.o
    0x08003e54   0x08003e54   0x00000020   Code   RO         5084    i.RCC_EnableAHB1PeriphClk  n32h47x_48x_rcc.o
    0x08003e74   0x08003e74   0x00000020   Code   RO         5085    i.RCC_EnableAHBPeriphClk  n32h47x_48x_rcc.o
    0x08003e94   0x08003e94   0x00000080   Code   RO         5086    i.RCC_EnableAHBPeriphReset  n32h47x_48x_rcc.o
    0x08003f14   0x08003f14   0x00000020   Code   RO         5087    i.RCC_EnableAPB1PeriphClk  n32h47x_48x_rcc.o
    0x08003f34   0x08003f34   0x00000020   Code   RO         5089    i.RCC_EnableAPB2PeriphClk  n32h47x_48x_rcc.o
    0x08003f54   0x08003f54   0x00000218   Code   RO         5107    i.RCC_GetClocksFreqValue  n32h47x_48x_rcc.o
    0x0800416c   0x0800416c   0x000002ec   Code   RO        12199    i.RCC_INIT          easyinit.o
    0x08004458   0x08004458   0x00000170   Code   RO        11991    i.RS485_Mode        usart.o
    0x080045c8   0x080045c8   0x0000003c   Code   RO            6    i.Recv_Task         main.o
    0x08004604   0x08004604   0x0000009c   Code   RO          428    i.SetStartupVolt    system_n32h47x_48x.o
    0x080046a0   0x080046a0   0x000000d0   Code   RO          429    i.SetSysClock       system_n32h47x_48x.o
    0x08004770   0x08004770   0x000000f4   Code   RO            7    i.Start_Task        main.o
    0x08004864   0x08004864   0x00000034   Code   RO        11778    i.SysTick_Handler   port.o
    0x08004898   0x08004898   0x00000098   Code   RO          431    i.SystemInit        system_n32h47x_48x.o
    0x08004930   0x08004930   0x000001fc   Code   RO            8    i.TCP_Task          main.o
    0x08004b2c   0x08004b2c   0x000000fc   Code   RO        11992    i.UART6_Configuration  usart.o
    0x08004c28   0x08004c28   0x0000000a   Code   RO        11993    i.UART6_IRQHandler  usart.o
    0x08004c32   0x08004c32   0x00000002   PAD
    0x08004c34   0x08004c34   0x000000fc   Code   RO        11994    i.UART7_Configuration  usart.o
    0x08004d30   0x08004d30   0x0000000a   Code   RO        11995    i.UART7_IRQHandler  usart.o
    0x08004d3a   0x08004d3a   0x00000002   PAD
    0x08004d3c   0x08004d3c   0x00000178   Code   RO            9    i.UDP_Task          main.o
    0x08004eb4   0x08004eb4   0x000000ec   Code   RO        11996    i.USART1_Configuration  usart.o
    0x08004fa0   0x08004fa0   0x0000000a   Code   RO        11997    i.USART1_IRQHandler  usart.o
    0x08004faa   0x08004faa   0x00000002   PAD
    0x08004fac   0x08004fac   0x000000f0   Code   RO        11998    i.USART4_Configuration  usart.o
    0x0800509c   0x0800509c   0x0000000a   Code   RO        11999    i.USART4_IRQHandler  usart.o
    0x080050a6   0x080050a6   0x00000014   Code   RO        10067    i.USART_ClrFlag     n32h47x_48x_usart.o
    0x080050ba   0x080050ba   0x0000003a   Code   RO        10069    i.USART_ConfigInt   n32h47x_48x_usart.o
    0x080050f4   0x080050f4   0x00000016   Code   RO        10076    i.USART_Enable      n32h47x_48x_usart.o
    0x0800510a   0x0800510a   0x00000012   Code   RO        10077    i.USART_EnableDMA   n32h47x_48x_usart.o
    0x0800511c   0x0800511c   0x00000010   Code   RO        10085    i.USART_GetFlagStatus  n32h47x_48x_usart.o
    0x0800512c   0x0800512c   0x0000003a   Code   RO        10086    i.USART_GetIntStatus  n32h47x_48x_usart.o
    0x08005166   0x08005166   0x00000002   PAD
    0x08005168   0x08005168   0x00000158   Code   RO        12201    i.USART_INIT        easyinit.o
    0x080052c0   0x080052c0   0x000000dc   Code   RO        12000    i.USART_IRQHandler  usart.o
    0x0800539c   0x0800539c   0x000000f8   Code   RO        10091    i.USART_Init        n32h47x_48x_usart.o
    0x08005494   0x08005494   0x00000040   Code   RO        12001    i.USART_Print       usart.o
    0x080054d4   0x080054d4   0x000000a4   Code   RO        12002    i.USART_Printf      usart.o
    0x08005578   0x08005578   0x00000008   Code   RO        10098    i.USART_SendData    n32h47x_48x_usart.o
    0x08005580   0x08005580   0x0000004a   Code   RO        12003    i.USART_SendStr     usart.o
    0x080055ca   0x080055ca   0x0000001a   Code   RO        10103    i.USART_StructInit  n32h47x_48x_usart.o
    0x080055e4   0x080055e4   0x00000034   Code   RO        12004    i.USART_xSemapxMutex_Configuration  usart.o
    0x08005618   0x08005618   0x00000078   Code   RO        12202    i.USARTx_IRQn       easyinit.o
    0x08005690   0x08005690   0x00000004   Code   RO          353    i.UsageFault_Handler  n32h47x_48x_it.o
    0x08005694   0x08005694   0x00000030   Code   RO        17535    i.__ARM_fpclassify  m_wm.l(fpclassify.o)
    0x080056c4   0x080056c4   0x0000000e   Code   RO        17224    i._is_digit         c_w.l(__printf_wp.o)
    0x080056d2   0x080056d2   0x00000002   PAD
    0x080056d4   0x080056d4   0x00000068   Code   RO        15927    i.acd_add           acd.o
    0x0800573c   0x0800573c   0x00000096   Code   RO        15928    i.acd_arp_reply     acd.o
    0x080057d2   0x080057d2   0x0000003a   Code   RO        15929    i.acd_handle_arp_conflict  acd.o
    0x0800580c   0x0800580c   0x0000004c   Code   RO        15930    i.acd_netif_ip_addr_changed  acd.o
    0x08005858   0x08005858   0x00000040   Code   RO        15932    i.acd_put_in_passive_mode  acd.o
    0x08005898   0x08005898   0x0000006c   Code   RO        15933    i.acd_remove        acd.o
    0x08005904   0x08005904   0x00000036   Code   RO        15934    i.acd_restart       acd.o
    0x0800593a   0x0800593a   0x00000042   Code   RO        15935    i.acd_start         acd.o
    0x0800597c   0x0800597c   0x0000000c   Code   RO        15936    i.acd_stop          acd.o
    0x08005988   0x08005988   0x000000fc   Code   RO        15937    i.acd_tmr           acd.o
    0x08005a84   0x08005a84   0x000000c8   Code   RO        13294    i.alloc_socket      sockets.o
    0x08005b4c   0x08005b4c   0x00000020   Code   RO        16003    i.autoip_accept_packet  autoip.o
    0x08005b6c   0x08005b6c   0x00000024   Code   RO        16004    i.autoip_bind       autoip.o
    0x08005b90   0x08005b90   0x00000036   Code   RO        16005    i.autoip_conflict_callback  autoip.o
    0x08005bc6   0x08005bc6   0x00000002   PAD
    0x08005bc8   0x08005bc8   0x000000a0   Code   RO        16006    i.autoip_create_addr  autoip.o
    0x08005c68   0x08005c68   0x0000000e   Code   RO        16008    i.autoip_network_changed_link_up  autoip.o
    0x08005c76   0x08005c76   0x00000014   Code   RO        16010    i.autoip_restart    autoip.o
    0x08005c8a   0x08005c8a   0x00000002   PAD
    0x08005c8c   0x08005c8c   0x00000074   Code   RO        16012    i.autoip_start      autoip.o
    0x08005d00   0x08005d00   0x00000030   Code   RO        16013    i.autoip_stop       autoip.o
    0x08005d30   0x08005d30   0x0000001e   Code   RO        12203    i.delay_loop        easyinit.o
    0x08005d4e   0x08005d4e   0x000000ec   Code   RO        16090    i.dhcp_bind         dhcp.o
    0x08005e3a   0x08005e3a   0x0000001c   Code   RO        16091    i.dhcp_check        dhcp.o
    0x08005e56   0x08005e56   0x00000002   PAD
    0x08005e58   0x08005e58   0x00000068   Code   RO        16093    i.dhcp_coarse_tmr   dhcp.o
    0x08005ec0   0x08005ec0   0x000000b0   Code   RO        16094    i.dhcp_conflict_callback  dhcp.o
    0x08005f70   0x08005f70   0x0000015c   Code   RO        16095    i.dhcp_create_msg   dhcp.o
    0x080060cc   0x080060cc   0x00000070   Code   RO        16096    i.dhcp_dec_pcb_refcount  dhcp.o
    0x0800613c   0x0800613c   0x00000090   Code   RO        16097    i.dhcp_decline      dhcp.o
    0x080061cc   0x080061cc   0x00000110   Code   RO        16098    i.dhcp_discover     dhcp.o
    0x080062dc   0x080062dc   0x00000038   Code   RO        16099    i.dhcp_fine_tmr     dhcp.o
    0x08006314   0x08006314   0x00000088   Code   RO        16100    i.dhcp_handle_ack   dhcp.o
    0x0800639c   0x0800639c   0x00000028   Code   RO        16101    i.dhcp_handle_nak   dhcp.o
    0x080063c4   0x080063c4   0x00000030   Code   RO        16102    i.dhcp_handle_offer  dhcp.o
    0x080063f4   0x080063f4   0x000000b8   Code   RO        16103    i.dhcp_inc_pcb_refcount  dhcp.o
    0x080064ac   0x080064ac   0x0000007c   Code   RO        16105    i.dhcp_network_changed_link_up  dhcp.o
    0x08006528   0x08006528   0x00000048   Code   RO        16106    i.dhcp_option       dhcp.o
    0x08006570   0x08006570   0x00000068   Code   RO        16107    i.dhcp_option_byte  dhcp.o
    0x080065d8   0x080065d8   0x00000090   Code   RO        16108    i.dhcp_option_long  dhcp.o
    0x08006668   0x08006668   0x00000078   Code   RO        16109    i.dhcp_option_short  dhcp.o
    0x080066e0   0x080066e0   0x0000003a   Code   RO        16110    i.dhcp_option_trailer  dhcp.o
    0x0800671a   0x0800671a   0x00000002   PAD
    0x0800671c   0x0800671c   0x00000360   Code   RO        16111    i.dhcp_parse_reply  dhcp.o
    0x08006a7c   0x08006a7c   0x000000f4   Code   RO        16112    i.dhcp_rebind       dhcp.o
    0x08006b70   0x08006b70   0x00000118   Code   RO        16113    i.dhcp_reboot       dhcp.o
    0x08006c88   0x08006c88   0x00000128   Code   RO        16114    i.dhcp_recv         dhcp.o
    0x08006db0   0x08006db0   0x000000e0   Code   RO        16116    i.dhcp_release_and_stop  dhcp.o
    0x08006e90   0x08006e90   0x000000f4   Code   RO        16117    i.dhcp_renew        dhcp.o
    0x08006f84   0x08006f84   0x00000170   Code   RO        16118    i.dhcp_select       dhcp.o
    0x080070f4   0x080070f4   0x00000010   Code   RO        16119    i.dhcp_set_state    dhcp.o
    0x08007104   0x08007104   0x000000b0   Code   RO        16121    i.dhcp_start        dhcp.o
    0x080071b4   0x080071b4   0x00000028   Code   RO        16123    i.dhcp_supplied_address  dhcp.o
    0x080071dc   0x080071dc   0x00000042   Code   RO        16124    i.dhcp_t1_timeout   dhcp.o
    0x0800721e   0x0800721e   0x00000048   Code   RO        16125    i.dhcp_t2_timeout   dhcp.o
    0x08007266   0x08007266   0x00000058   Code   RO        16126    i.dhcp_timeout      dhcp.o
    0x080072be   0x080072be   0x00000002   PAD
    0x080072c0   0x080072c0   0x00000064   Code   RO        14553    i.do_memp_free_pool  memp.o
    0x08007324   0x08007324   0x0000006c   Code   RO        14554    i.do_memp_malloc_pool  memp.o
    0x08007390   0x08007390   0x00000194   Code   RO        12776    i.err_tcp           api_msg.o
    0x08007524   0x08007524   0x00000020   Code   RO        12997    i.err_to_errno      err.o
    0x08007544   0x08007544   0x0000002c   Code   RO        16307    i.etharp_acd_announce  etharp.o
    0x08007570   0x08007570   0x00000034   Code   RO        16308    i.etharp_acd_probe  etharp.o
    0x080075a4   0x080075a4   0x00000038   Code   RO        16309    i.etharp_cleanup_netif  etharp.o
    0x080075dc   0x080075dc   0x00000288   Code   RO        16311    i.etharp_find_entry  etharp.o
    0x08007864   0x08007864   0x00000040   Code   RO        16312    i.etharp_free_entry  etharp.o
    0x080078a4   0x080078a4   0x000000de   Code   RO        16314    i.etharp_input      etharp.o
    0x08007982   0x08007982   0x00000002   PAD
    0x08007984   0x08007984   0x000001cc   Code   RO        16315    i.etharp_output     etharp.o
    0x08007b50   0x08007b50   0x0000010c   Code   RO        16316    i.etharp_output_to_arp_index  etharp.o
    0x08007c5c   0x08007c5c   0x000002d8   Code   RO        16317    i.etharp_query      etharp.o
    0x08007f34   0x08007f34   0x00000144   Code   RO        16318    i.etharp_raw        etharp.o
    0x08008078   0x08008078   0x00000018   Code   RO        16319    i.etharp_request    etharp.o
    0x08008090   0x08008090   0x0000002c   Code   RO        16320    i.etharp_request_dst  etharp.o
    0x080080bc   0x080080bc   0x000000dc   Code   RO        16321    i.etharp_tmr        etharp.o
    0x08008198   0x08008198   0x00000114   Code   RO        16322    i.etharp_update_arp_entry  etharp.o
    0x080082ac   0x080082ac   0x000000c8   Code   RO        16814    i.ethernet_input    ethernet.o
    0x08008374   0x08008374   0x000000ac   Code   RO        16815    i.ethernet_output   ethernet.o
    0x08008420   0x08008420   0x0000006c   Code   RO        16963    i.ethernetif_init   ethernetif.o
    0x0800848c   0x0800848c   0x00000078   Code   RO        16964    i.ethernetif_input  ethernetif.o
    0x08008504   0x08008504   0x00000118   Code   RO        13295    i.event_callback    sockets.o
    0x0800861c   0x0800861c   0x00000068   Code   RO        16323    i.free_etharp_q     etharp.o
    0x08008684   0x08008684   0x00000032   Code   RO        13296    i.free_socket       sockets.o
    0x080086b6   0x080086b6   0x00000026   Code   RO        13297    i.free_socket_free_elements  sockets.o
    0x080086dc   0x080086dc   0x00000018   Code   RO        13298    i.free_socket_locked  sockets.o
    0x080086f4   0x080086f4   0x00000024   Code   RO        13299    i.get_socket        sockets.o
    0x08008718   0x08008718   0x00000012   Code   RO        16412    i.icmp_dest_unreach  icmp.o
    0x0800872a   0x0800872a   0x00000002   PAD
    0x0800872c   0x0800872c   0x00000248   Code   RO        16413    i.icmp_input        icmp.o
    0x08008974   0x08008974   0x000000d8   Code   RO        16414    i.icmp_send_response  icmp.o
    0x08008a4c   0x08008a4c   0x00000012   Code   RO        16415    i.icmp_time_exceeded  icmp.o
    0x08008a5e   0x08008a5e   0x0000002a   Code   RO        16444    i.igmp_delaying_member  igmp.o
    0x08008a88   0x08008a88   0x00000020   Code   RO        16445    i.igmp_init         igmp.o
    0x08008aa8   0x08008aa8   0x000000dc   Code   RO        16446    i.igmp_input        igmp.o
    0x08008b84   0x08008b84   0x0000003c   Code   RO        16447    i.igmp_ip_output_if  igmp.o
    0x08008bc0   0x08008bc0   0x00000078   Code   RO        16448    i.igmp_joingroup    igmp.o
    0x08008c38   0x08008c38   0x00000094   Code   RO        16449    i.igmp_joingroup_netif  igmp.o
    0x08008ccc   0x08008ccc   0x00000078   Code   RO        16450    i.igmp_leavegroup   igmp.o
    0x08008d44   0x08008d44   0x0000009c   Code   RO        16451    i.igmp_leavegroup_netif  igmp.o
    0x08008de0   0x08008de0   0x00000020   Code   RO        16452    i.igmp_lookfor_group  igmp.o
    0x08008e00   0x08008e00   0x000000d8   Code   RO        16453    i.igmp_lookup_group  igmp.o
    0x08008ed8   0x08008ed8   0x00000028   Code   RO        16454    i.igmp_remove_group  igmp.o
    0x08008f00   0x08008f00   0x0000001c   Code   RO        16455    i.igmp_report_groups  igmp.o
    0x08008f1c   0x08008f1c   0x000000e0   Code   RO        16456    i.igmp_send         igmp.o
    0x08008ffc   0x08008ffc   0x00000038   Code   RO        16457    i.igmp_start        igmp.o
    0x08009034   0x08009034   0x00000016   Code   RO        16458    i.igmp_start_timer  igmp.o
    0x0800904a   0x0800904a   0x00000002   PAD
    0x0800904c   0x0800904c   0x0000002c   Code   RO        16460    i.igmp_timeout      igmp.o
    0x08009078   0x08009078   0x00000038   Code   RO        16461    i.igmp_tmr          igmp.o
    0x080090b0   0x080090b0   0x00000014   Code   RO        14342    i.inet_chksum       inet_chksum.o
    0x080090c4   0x080090c4   0x00000056   Code   RO        14343    i.inet_chksum_pbuf  inet_chksum.o
    0x0800911a   0x0800911a   0x0000004c   Code   RO        14344    i.inet_chksum_pseudo  inet_chksum.o
    0x08009166   0x08009166   0x00000050   Code   RO        14345    i.inet_chksum_pseudo_partial  inet_chksum.o
    0x080091b6   0x080091b6   0x00000084   Code   RO        14346    i.inet_cksum_pseudo_base  inet_chksum.o
    0x0800923a   0x0800923a   0x00000002   PAD
    0x0800923c   0x0800923c   0x000000c0   Code   RO        14347    i.inet_cksum_pseudo_partial_base  inet_chksum.o
    0x080092fc   0x080092fc   0x0000004e   Code   RO        16624    i.ip4_addr_isbroadcast_u32  ip4_addr.o
    0x0800934a   0x0800934a   0x00000002   PAD
    0x0800934c   0x0800934c   0x00000238   Code   RO        16680    i.ip4_frag          ip4_frag.o
    0x08009584   0x08009584   0x0000023c   Code   RO        16560    i.ip4_input         ip4.o
    0x080097c0   0x080097c0   0x00000044   Code   RO        16561    i.ip4_input_accept  ip4.o
    0x08009804   0x08009804   0x00000034   Code   RO        16563    i.ip4_output_if     ip4.o
    0x08009838   0x08009838   0x00000044   Code   RO        16564    i.ip4_output_if_opt  ip4.o
    0x0800987c   0x0800987c   0x0000021c   Code   RO        16565    i.ip4_output_if_opt_src  ip4.o
    0x08009a98   0x08009a98   0x00000034   Code   RO        16566    i.ip4_output_if_src  ip4.o
    0x08009acc   0x08009acc   0x00000298   Code   RO        16681    i.ip4_reass         ip4_frag.o
    0x08009d64   0x08009d64   0x000000b4   Code   RO        16567    i.ip4_route         ip4.o
    0x08009e18   0x08009e18   0x00000014   Code   RO        16627    i.ip4addr_ntoa      ip4_addr.o
    0x08009e2c   0x08009e2c   0x000000a8   Code   RO        16628    i.ip4addr_ntoa_r    ip4_addr.o
    0x08009ed4   0x08009ed4   0x00000024   Code   RO        14348    i.ip_chksum_pseudo  inet_chksum.o
    0x08009ef8   0x08009ef8   0x00000024   Code   RO        14349    i.ip_chksum_pseudo_partial  inet_chksum.o
    0x08009f1c   0x08009f1c   0x0000000a   Code   RO        16682    i.ip_frag_alloc_pbuf_custom_ref  ip4_frag.o
    0x08009f26   0x08009f26   0x00000002   PAD
    0x08009f28   0x08009f28   0x00000034   Code   RO        16683    i.ip_frag_free_pbuf_custom_ref  ip4_frag.o
    0x08009f5c   0x08009f5c   0x00000284   Code   RO        16684    i.ip_reass_chain_frag_into_datagram_and_validate  ip4_frag.o
    0x0800a1e0   0x0800a1e0   0x00000060   Code   RO        16685    i.ip_reass_dequeue_datagram  ip4_frag.o
    0x0800a240   0x0800a240   0x00000054   Code   RO        16686    i.ip_reass_enqueue_new_datagram  ip4_frag.o
    0x0800a294   0x0800a294   0x0000016c   Code   RO        16687    i.ip_reass_free_complete_datagram  ip4_frag.o
    0x0800a400   0x0800a400   0x00000088   Code   RO        16688    i.ip_reass_remove_oldest_datagram  ip4_frag.o
    0x0800a488   0x0800a488   0x00000034   Code   RO        16689    i.ip_reass_tmr      ip4_frag.o
    0x0800a4bc   0x0800a4bc   0x00000060   Code   RO        16690    i.ipfrag_free_pbuf_custom  ip4_frag.o
    0x0800a51c   0x0800a51c   0x000000cc   Code   RO        16965    i.low_level_init    ethernetif.o
    0x0800a5e8   0x0800a5e8   0x00000058   Code   RO        16966    i.low_level_input   ethernetif.o
    0x0800a640   0x0800a640   0x0000009c   Code   RO        16967    i.low_level_output  ethernetif.o
    0x0800a6dc   0x0800a6dc   0x00000098   Code   RO        13301    i.lwip_bind         sockets.o
    0x0800a774   0x0800a774   0x000000a8   Code   RO        13302    i.lwip_close        sockets.o
    0x0800a81c   0x0800a81c   0x000000ac   Code   RO        13303    i.lwip_connect      sockets.o
    0x0800a8c8   0x0800a8c8   0x00000050   Code   RO        15719    i.lwip_cyclic_timer  timeouts.o
    0x0800a918   0x0800a918   0x0000009c   Code   RO        13305    i.lwip_getaddrname  sockets.o
    0x0800a9b4   0x0800a9b4   0x00000016   Code   RO        13307    i.lwip_getsockname  sockets.o
    0x0800a9ca   0x0800a9ca   0x0000001a   Code   RO        14288    i.lwip_htonl        def.o
    0x0800a9e4   0x0800a9e4   0x0000000c   Code   RO        14289    i.lwip_htons        def.o
    0x0800a9f0   0x0800a9f0   0x00000050   Code   RO        14403    i.lwip_init         init.o
    0x0800aa40   0x0800aa40   0x0000005e   Code   RO        12777    i.lwip_netconn_do_bind  api_msg.o
    0x0800aa9e   0x0800aa9e   0x00000002   PAD
    0x0800aaa0   0x0800aaa0   0x000000f4   Code   RO        12779    i.lwip_netconn_do_close  api_msg.o
    0x0800ab94   0x0800ab94   0x000002dc   Code   RO        12780    i.lwip_netconn_do_close_internal  api_msg.o
    0x0800ae70   0x0800ae70   0x0000013c   Code   RO        12781    i.lwip_netconn_do_connect  api_msg.o
    0x0800afac   0x0800afac   0x00000148   Code   RO        12782    i.lwip_netconn_do_connected  api_msg.o
    0x0800b0f4   0x0800b0f4   0x000001b0   Code   RO        12783    i.lwip_netconn_do_delconn  api_msg.o
    0x0800b2a4   0x0800b2a4   0x00000026   Code   RO        12784    i.lwip_netconn_do_disconnect  api_msg.o
    0x0800b2ca   0x0800b2ca   0x00000002   PAD
    0x0800b2cc   0x0800b2cc   0x000000f4   Code   RO        12785    i.lwip_netconn_do_getaddr  api_msg.o
    0x0800b3c0   0x0800b3c0   0x0000003e   Code   RO        12786    i.lwip_netconn_do_join_leave_group  api_msg.o
    0x0800b3fe   0x0800b3fe   0x00000018   Code   RO        12789    i.lwip_netconn_do_newconn  api_msg.o
    0x0800b416   0x0800b416   0x00000048   Code   RO        12790    i.lwip_netconn_do_recv  api_msg.o
    0x0800b45e   0x0800b45e   0x0000009e   Code   RO        12791    i.lwip_netconn_do_send  api_msg.o
    0x0800b4fc   0x0800b4fc   0x0000010c   Code   RO        12792    i.lwip_netconn_do_write  api_msg.o
    0x0800b608   0x0800b608   0x0000039c   Code   RO        12793    i.lwip_netconn_do_writemore  api_msg.o
    0x0800b9a4   0x0800b9a4   0x0000005c   Code   RO        12794    i.lwip_netconn_err_to_msg  api_msg.o
    0x0800ba00   0x0800ba00   0x00000068   Code   RO        12795    i.lwip_netconn_is_err_msg  api_msg.o
    0x0800ba68   0x0800ba68   0x00000048   Code   RO        13316    i.lwip_poll_should_wake  sockets.o
    0x0800bab0   0x0800bab0   0x00000022   Code   RO        13320    i.lwip_recv         sockets.o
    0x0800bad2   0x0800bad2   0x00000002   PAD
    0x0800bad4   0x0800bad4   0x00000200   Code   RO        13321    i.lwip_recv_tcp     sockets.o
    0x0800bcd4   0x0800bcd4   0x00000044   Code   RO        13322    i.lwip_recv_tcp_from  sockets.o
    0x0800bd18   0x0800bd18   0x00000100   Code   RO        13323    i.lwip_recvfrom     sockets.o
    0x0800be18   0x0800be18   0x00000128   Code   RO        13324    i.lwip_recvfrom_udp_raw  sockets.o
    0x0800bf40   0x0800bf40   0x0000009c   Code   RO        13328    i.lwip_send         sockets.o
    0x0800bfdc   0x0800bfdc   0x00000104   Code   RO        13330    i.lwip_sendto       sockets.o
    0x0800c0e0   0x0800c0e0   0x000000dc   Code   RO        13334    i.lwip_sock_make_addr  sockets.o
    0x0800c1bc   0x0800c1bc   0x000000a8   Code   RO        13335    i.lwip_socket       sockets.o
    0x0800c264   0x0800c264   0x00000078   Code   RO        13337    i.lwip_socket_drop_registered_memberships  sockets.o
    0x0800c2dc   0x0800c2dc   0x0000005e   Code   RO        14350    i.lwip_standard_chksum  inet_chksum.o
    0x0800c33a   0x0800c33a   0x00000002   PAD
    0x0800c33c   0x0800c33c   0x0000006c   Code   RO           10    i.main              main.o
    0x0800c3a8   0x0800c3a8   0x0000002e   Code   RO        14483    i.mem_calloc        mem.o
    0x0800c3d6   0x0800c3d6   0x00000002   PAD
    0x0800c3d8   0x0800c3d8   0x000001a0   Code   RO        14484    i.mem_free          mem.o
    0x0800c578   0x0800c578   0x0000009c   Code   RO        14485    i.mem_init          mem.o
    0x0800c614   0x0800c614   0x00000058   Code   RO        14486    i.mem_link_valid    mem.o
    0x0800c66c   0x0800c66c   0x00000250   Code   RO        14487    i.mem_malloc        mem.o
    0x0800c8bc   0x0800c8bc   0x00000010   Code   RO        14488    i.mem_to_ptr        mem.o
    0x0800c8cc   0x0800c8cc   0x000001e8   Code   RO        14489    i.mem_trim          mem.o
    0x0800cab4   0x0800cab4   0x00000028   Code   RO        14555    i.memp_free         memp.o
    0x0800cadc   0x0800cadc   0x00000048   Code   RO        14556    i.memp_free_pool    memp.o
    0x0800cb24   0x0800cb24   0x00000020   Code   RO        14557    i.memp_init         memp.o
    0x0800cb44   0x0800cb44   0x0000002c   Code   RO        14558    i.memp_init_pool    memp.o
    0x0800cb70   0x0800cb70   0x00000024   Code   RO        14559    i.memp_malloc       memp.o
    0x0800cb94   0x0800cb94   0x00000040   Code   RO        14560    i.memp_malloc_pool  memp.o
    0x0800cbd4   0x0800cbd4   0x00000020   Code   RO        13109    i.netbuf_delete     netbuf.o
    0x0800cbf4   0x0800cbf4   0x00000020   Code   RO        13111    i.netbuf_free       netbuf.o
    0x0800cc14   0x0800cc14   0x0000004a   Code   RO        13114    i.netbuf_ref        netbuf.o
    0x0800cc5e   0x0800cc5e   0x00000002   PAD
    0x0800cc60   0x0800cc60   0x000000cc   Code   RO        12796    i.netconn_alloc     api_msg.o
    0x0800cd2c   0x0800cd2c   0x00000022   Code   RO        12457    i.netconn_apimsg    api_lib.o
    0x0800cd4e   0x0800cd4e   0x00000002   PAD
    0x0800cd50   0x0800cd50   0x0000003c   Code   RO        12458    i.netconn_bind      api_lib.o
    0x0800cd8c   0x0800cd8c   0x00000034   Code   RO        12461    i.netconn_close_shutdown  api_lib.o
    0x0800cdc0   0x0800cdc0   0x0000003c   Code   RO        12462    i.netconn_connect   api_lib.o
    0x0800cdfc   0x0800cdfc   0x0000001e   Code   RO        12463    i.netconn_delete    api_lib.o
    0x0800ce1a   0x0800ce1a   0x00000002   PAD
    0x0800ce1c   0x0800ce1c   0x00000028   Code   RO        12464    i.netconn_disconnect  api_lib.o
    0x0800ce44   0x0800ce44   0x000000a2   Code   RO        12797    i.netconn_drain     api_msg.o
    0x0800cee6   0x0800cee6   0x00000022   Code   RO        12465    i.netconn_err       api_lib.o
    0x0800cf08   0x0800cf08   0x00000114   Code   RO        12798    i.netconn_free      api_msg.o
    0x0800d01c   0x0800d01c   0x00000054   Code   RO        12466    i.netconn_getaddr   api_lib.o
    0x0800d070   0x0800d070   0x00000048   Code   RO        12467    i.netconn_join_leave_group  api_lib.o
    0x0800d0b8   0x0800d0b8   0x00000140   Code   RO        12470    i.netconn_new_with_proto_and_callback  api_lib.o
    0x0800d1f8   0x0800d1f8   0x00000030   Code   RO        12471    i.netconn_prepare_delete  api_lib.o
    0x0800d228   0x0800d228   0x0000011c   Code   RO        12473    i.netconn_recv_data  api_lib.o
    0x0800d344   0x0800d344   0x000000bc   Code   RO        12474    i.netconn_recv_data_tcp  api_lib.o
    0x0800d400   0x0800d400   0x0000002a   Code   RO        12476    i.netconn_recv_tcp_pbuf_flags  api_lib.o
    0x0800d42a   0x0800d42a   0x0000002a   Code   RO        12478    i.netconn_recv_udp_raw_netbuf_flags  api_lib.o
    0x0800d454   0x0800d454   0x0000002c   Code   RO        12479    i.netconn_send      api_lib.o
    0x0800d480   0x0800d480   0x00000030   Code   RO        12482    i.netconn_tcp_recvd  api_lib.o
    0x0800d4b0   0x0800d4b0   0x00000030   Code   RO        12483    i.netconn_tcp_recvd_msg  api_lib.o
    0x0800d4e0   0x0800d4e0   0x00000028   Code   RO        12484    i.netconn_write_partly  api_lib.o
    0x0800d508   0x0800d508   0x00000120   Code   RO        12485    i.netconn_write_vectors_partly  api_lib.o
    0x0800d628   0x0800d628   0x00000188   Code   RO        14647    i.netif_add         netif.o
    0x0800d7b0   0x0800d7b0   0x00000020   Code   RO        14649    i.netif_do_ip_addr_changed  netif.o
    0x0800d7d0   0x0800d7d0   0x00000026   Code   RO        14650    i.netif_do_set_gw   netif.o
    0x0800d7f6   0x0800d7f6   0x00000002   PAD
    0x0800d7f8   0x0800d7f8   0x00000088   Code   RO        14651    i.netif_do_set_ipaddr  netif.o
    0x0800d880   0x0800d880   0x00000026   Code   RO        14652    i.netif_do_set_netmask  netif.o
    0x0800d8a6   0x0800d8a6   0x00000002   PAD
    0x0800d8a8   0x0800d8a8   0x00000030   Code   RO        14654    i.netif_get_by_index  netif.o
    0x0800d8d8   0x0800d8d8   0x00000002   Code   RO        14656    i.netif_init        netif.o
    0x0800d8da   0x0800d8da   0x00000002   PAD
    0x0800d8dc   0x0800d8dc   0x00000078   Code   RO        14658    i.netif_issue_reports  netif.o
    0x0800d954   0x0800d954   0x00000008   Code   RO        14660    i.netif_null_output_ip4  netif.o
    0x0800d95c   0x0800d95c   0x00000064   Code   RO        14662    i.netif_set_addr    netif.o
    0x0800d9c0   0x0800d9c0   0x00000014   Code   RO        14663    i.netif_set_default  netif.o
    0x0800d9d4   0x0800d9d4   0x0000003e   Code   RO        14664    i.netif_set_down    netif.o
    0x0800da12   0x0800da12   0x00000042   Code   RO        14668    i.netif_set_link_up  netif.o
    0x0800da54   0x0800da54   0x00000036   Code   RO        14670    i.netif_set_up      netif.o
    0x0800da8a   0x0800da8a   0x00000002   PAD
    0x0800da8c   0x0800da8c   0x00000014   Code   RO        16968    i.pbufFreeCustom    ethernetif.o
    0x0800daa0   0x0800daa0   0x00000012   Code   RO        14826    i.pbuf_add_header   pbuf.o
    0x0800dab2   0x0800dab2   0x00000002   PAD
    0x0800dab4   0x0800dab4   0x00000090   Code   RO        14828    i.pbuf_add_header_impl  pbuf.o
    0x0800db44   0x0800db44   0x00000238   Code   RO        14829    i.pbuf_alloc        pbuf.o
    0x0800dd7c   0x0800dd7c   0x00000064   Code   RO        14830    i.pbuf_alloc_reference  pbuf.o
    0x0800dde0   0x0800dde0   0x00000052   Code   RO        14831    i.pbuf_alloced_custom  pbuf.o
    0x0800de32   0x0800de32   0x00000002   PAD
    0x0800de34   0x0800de34   0x000000a8   Code   RO        14832    i.pbuf_cat          pbuf.o
    0x0800dedc   0x0800dedc   0x00000016   Code   RO        14833    i.pbuf_chain        pbuf.o
    0x0800def2   0x0800def2   0x00000012   Code   RO        14834    i.pbuf_clen         pbuf.o
    0x0800df04   0x0800df04   0x0000005c   Code   RO        14835    i.pbuf_clone        pbuf.o
    0x0800df60   0x0800df60   0x00000020   Code   RO        14837    i.pbuf_copy         pbuf.o
    0x0800df80   0x0800df80   0x00000080   Code   RO        14838    i.pbuf_copy_partial  pbuf.o
    0x0800e000   0x0800e000   0x00000154   Code   RO        14839    i.pbuf_copy_partial_pbuf  pbuf.o
    0x0800e154   0x0800e154   0x00000138   Code   RO        14841    i.pbuf_free         pbuf.o
    0x0800e28c   0x0800e28c   0x00000040   Code   RO        14842    i.pbuf_free_header  pbuf.o
    0x0800e2cc   0x0800e2cc   0x0000003c   Code   RO        14843    i.pbuf_free_ooseq   pbuf.o
    0x0800e308   0x0800e308   0x0000000a   Code   RO        14844    i.pbuf_free_ooseq_callback  pbuf.o
    0x0800e312   0x0800e312   0x00000012   Code   RO        14848    i.pbuf_header_force  pbuf.o
    0x0800e324   0x0800e324   0x00000022   Code   RO        14849    i.pbuf_header_impl  pbuf.o
    0x0800e346   0x0800e346   0x0000001e   Code   RO        14850    i.pbuf_init_alloced_pbuf  pbuf.o
    0x0800e364   0x0800e364   0x00000044   Code   RO        14853    i.pbuf_pool_is_empty  pbuf.o
    0x0800e3a8   0x0800e3a8   0x00000138   Code   RO        14855    i.pbuf_realloc      pbuf.o
    0x0800e4e0   0x0800e4e0   0x00000050   Code   RO        14856    i.pbuf_ref          pbuf.o
    0x0800e530   0x0800e530   0x0000006c   Code   RO        14857    i.pbuf_remove_header  pbuf.o
    0x0800e59c   0x0800e59c   0x000000e8   Code   RO        12799    i.pcb_new           api_msg.o
    0x0800e684   0x0800e684   0x00000170   Code   RO        14490    i.plug_holes        mem.o
    0x0800e7f4   0x0800e7f4   0x000000a8   Code   RO        12800    i.poll_tcp          api_msg.o
    0x0800e89c   0x0800e89c   0x00000098   Code   RO        11253    i.prvAddCurrentTaskToDelayedList  tasks.o
    0x0800e934   0x0800e934   0x000000b8   Code   RO        11254    i.prvAddNewTaskToReadyList  tasks.o
    0x0800e9ec   0x0800e9ec   0x00000064   Code   RO        11617    i.prvCheckForValidListAndQueue  timers.o
    0x0800ea50   0x0800ea50   0x00000048   Code   RO        11255    i.prvCheckTasksWaitingTermination  tasks.o
    0x0800ea98   0x0800ea98   0x0000002a   Code   RO        10879    i.prvCopyDataFromQueue  queue.o
    0x0800eac2   0x0800eac2   0x0000007e   Code   RO        10880    i.prvCopyDataToQueue  queue.o
    0x0800eb40   0x0800eb40   0x00000012   Code   RO        11256    i.prvDeleteTCB      tasks.o
    0x0800eb52   0x0800eb52   0x00000014   Code   RO        10881    i.prvGetDisinheritPriorityAfterTimeout  queue.o
    0x0800eb66   0x0800eb66   0x00000002   PAD
    0x0800eb68   0x0800eb68   0x00000028   Code   RO        11618    i.prvGetNextExpireTime  timers.o
    0x0800eb90   0x0800eb90   0x0000007c   Code   RO        11854    i.prvHeapInit       heap_4.o
    0x0800ec0c   0x0800ec0c   0x0000002c   Code   RO        11257    i.prvIdleTask       tasks.o
    0x0800ec38   0x0800ec38   0x0000001e   Code   RO        10882    i.prvInitialiseMutex  queue.o
    0x0800ec56   0x0800ec56   0x0000002a   Code   RO        10883    i.prvInitialiseNewQueue  queue.o
    0x0800ec80   0x0800ec80   0x000000be   Code   RO        11258    i.prvInitialiseNewTask  tasks.o
    0x0800ed3e   0x0800ed3e   0x00000002   PAD
    0x0800ed40   0x0800ed40   0x00000068   Code   RO        11259    i.prvInitialiseTaskLists  tasks.o
    0x0800eda8   0x0800eda8   0x00000068   Code   RO        11855    i.prvInsertBlockIntoFreeList  heap_4.o
    0x0800ee10   0x0800ee10   0x00000058   Code   RO        11620    i.prvInsertTimerInActiveList  timers.o
    0x0800ee68   0x0800ee68   0x0000001a   Code   RO        10884    i.prvIsQueueEmpty   queue.o
    0x0800ee82   0x0800ee82   0x0000001e   Code   RO        10885    i.prvIsQueueFull    queue.o
    0x0800eea0   0x0800eea0   0x00000074   Code   RO        11621    i.prvProcessExpiredTimer  timers.o
    0x0800ef14   0x0800ef14   0x00000138   Code   RO        11622    i.prvProcessReceivedCommands  timers.o
    0x0800f04c   0x0800f04c   0x00000074   Code   RO        11623    i.prvProcessTimerOrBlockTask  timers.o
    0x0800f0c0   0x0800f0c0   0x00000030   Code   RO        11261    i.prvResetNextTaskUnblockTime  tasks.o
    0x0800f0f0   0x0800f0f0   0x0000002c   Code   RO        11624    i.prvSampleTimeNow  timers.o
    0x0800f11c   0x0800f11c   0x000000a4   Code   RO        11625    i.prvSwitchTimerLists  timers.o
    0x0800f1c0   0x0800f1c0   0x00000040   Code   RO        11779    i.prvTaskExitError  port.o
    0x0800f200   0x0800f200   0x00000058   Code   RO        11263    i.prvTaskIsTaskSuspended  tasks.o
    0x0800f258   0x0800f258   0x0000001a   Code   RO        11626    i.prvTimerTask      timers.o
    0x0800f272   0x0800f272   0x0000007e   Code   RO        10886    i.prvUnlockQueue    queue.o
    0x0800f2f0   0x0800f2f0   0x00000010   Code   RO        14491    i.ptr_to_mem        mem.o
    0x0800f300   0x0800f300   0x00000174   Code   RO        11856    i.pvPortMalloc      heap_4.o
    0x0800f474   0x0800f474   0x00000020   Code   RO        11264    i.pvTaskIncrementMutexHeldCount  tasks.o
    0x0800f494   0x0800f494   0x0000002c   Code   RO        11780    i.pxPortInitialiseStack  port.o
    0x0800f4c0   0x0800f4c0   0x00000022   Code   RO        15056    i.raw_bind          raw.o
    0x0800f4e2   0x0800f4e2   0x0000002e   Code   RO        15058    i.raw_connect       raw.o
    0x0800f510   0x0800f510   0x000000b8   Code   RO        15060    i.raw_input         raw.o
    0x0800f5c8   0x0800f5c8   0x00000044   Code   RO        15061    i.raw_input_local_match  raw.o
    0x0800f60c   0x0800f60c   0x00000030   Code   RO        15062    i.raw_netif_ip_addr_changed  raw.o
    0x0800f63c   0x0800f63c   0x00000034   Code   RO        15063    i.raw_new           raw.o
    0x0800f670   0x0800f670   0x00000016   Code   RO        15064    i.raw_new_ip_type   raw.o
    0x0800f686   0x0800f686   0x00000012   Code   RO        15065    i.raw_recv          raw.o
    0x0800f698   0x0800f698   0x00000048   Code   RO        15066    i.raw_remove        raw.o
    0x0800f6e0   0x0800f6e0   0x00000012   Code   RO        15067    i.raw_send          raw.o
    0x0800f6f2   0x0800f6f2   0x0000007a   Code   RO        15068    i.raw_sendto        raw.o
    0x0800f76c   0x0800f76c   0x00000148   Code   RO        15069    i.raw_sendto_if_src  raw.o
    0x0800f8b4   0x0800f8b4   0x00000088   Code   RO        12801    i.recv_raw          api_msg.o
    0x0800f93c   0x0800f93c   0x00000144   Code   RO        12802    i.recv_tcp          api_msg.o
    0x0800fa80   0x0800fa80   0x00000130   Code   RO        12803    i.recv_udp          api_msg.o
    0x0800fbb0   0x0800fbb0   0x0000010c   Code   RO        13346    i.select_check_waiters  sockets.o
    0x0800fcbc   0x0800fcbc   0x00000094   Code   RO        12804    i.sent_tcp          api_msg.o
    0x0800fd50   0x0800fd50   0x00000044   Code   RO        12805    i.setup_tcp         api_msg.o
    0x0800fd94   0x0800fd94   0x000000cc   Code   RO        17029    i.sys_arch_mbox_fetch  sys_arch.o
    0x0800fe60   0x0800fe60   0x000000a0   Code   RO        17030    i.sys_arch_mbox_tryfetch  sys_arch.o
    0x0800ff00   0x0800ff00   0x0000000a   Code   RO        17032    i.sys_arch_protect  sys_arch.o
    0x0800ff0a   0x0800ff0a   0x00000002   PAD
    0x0800ff0c   0x0800ff0c   0x000000c0   Code   RO        17033    i.sys_arch_sem_wait  sys_arch.o
    0x0800ffcc   0x0800ffcc   0x0000000a   Code   RO        17034    i.sys_arch_unprotect  sys_arch.o
    0x0800ffd6   0x0800ffd6   0x00000002   PAD
    0x0800ffd8   0x0800ffd8   0x00000074   Code   RO        17035    i.sys_check_core_locking  sys_arch.o
    0x0801004c   0x0801004c   0x00000058   Code   RO        15720    i.sys_check_timeouts  timeouts.o
    0x080100a4   0x080100a4   0x00000002   Code   RO        17036    i.sys_init          sys_arch.o
    0x080100a6   0x080100a6   0x00000002   PAD
    0x080100a8   0x080100a8   0x00000090   Code   RO        17040    i.sys_mbox_free     sys_arch.o
    0x08010138   0x08010138   0x0000006c   Code   RO        17041    i.sys_mbox_new      sys_arch.o
    0x080101a4   0x080101a4   0x00000098   Code   RO        17043    i.sys_mbox_trypost  sys_arch.o
    0x0801023c   0x0801023c   0x00000094   Code   RO        17046    i.sys_mutex_lock    sys_arch.o
    0x080102d0   0x080102d0   0x00000044   Code   RO        17047    i.sys_mutex_new     sys_arch.o
    0x08010314   0x08010314   0x00000090   Code   RO        17048    i.sys_mutex_unlock  sys_arch.o
    0x080103a4   0x080103a4   0x00000008   Code   RO        17049    i.sys_now           sys_arch.o
    0x080103ac   0x080103ac   0x00000060   Code   RO        17050    i.sys_sem_free      sys_arch.o
    0x0801040c   0x0801040c   0x000000cc   Code   RO        17051    i.sys_sem_new       sys_arch.o
    0x080104d8   0x080104d8   0x0000009c   Code   RO        17052    i.sys_sem_signal    sys_arch.o
    0x08010574   0x08010574   0x00000090   Code   RO        17053    i.sys_thread_new    sys_arch.o
    0x08010604   0x08010604   0x00000078   Code   RO        15722    i.sys_timeout       timeouts.o
    0x0801067c   0x0801067c   0x000000e8   Code   RO        15723    i.sys_timeout_abs   timeouts.o
    0x08010764   0x08010764   0x00000028   Code   RO        15724    i.sys_timeouts_init  timeouts.o
    0x0801078c   0x0801078c   0x00000074   Code   RO        15725    i.sys_timeouts_sleeptime  timeouts.o
    0x08010800   0x08010800   0x00000154   Code   RO        15163    i.tcp_abandon       tcp.o
    0x08010954   0x08010954   0x0000000e   Code   RO        15164    i.tcp_abort         tcp.o
    0x08010962   0x08010962   0x0000001a   Code   RO        15165    i.tcp_accept        tcp.o
    0x0801097c   0x0801097c   0x000000c4   Code   RO        15167    i.tcp_alloc         tcp.o
    0x08010a40   0x08010a40   0x00000010   Code   RO        15168    i.tcp_arg           tcp.o
    0x08010a50   0x08010a50   0x000000b4   Code   RO        15169    i.tcp_bind          tcp.o
    0x08010b04   0x08010b04   0x00000030   Code   RO        15171    i.tcp_close         tcp.o
    0x08010b34   0x08010b34   0x000001b0   Code   RO        15172    i.tcp_close_shutdown  tcp.o
    0x08010ce4   0x08010ce4   0x00000094   Code   RO        15173    i.tcp_close_shutdown_fin  tcp.o
    0x08010d78   0x08010d78   0x00000168   Code   RO        15174    i.tcp_connect       tcp.o
    0x08010ee0   0x08010ee0   0x00000170   Code   RO        15555    i.tcp_create_segment  tcp_out.o
    0x08011050   0x08011050   0x0000007c   Code   RO        15176    i.tcp_eff_send_mss_netif  tcp.o
    0x080110cc   0x080110cc   0x00000248   Code   RO        15556    i.tcp_enqueue_flags  tcp_out.o
    0x08011314   0x08011314   0x00000058   Code   RO        15177    i.tcp_err           tcp.o
    0x0801136c   0x0801136c   0x0000009c   Code   RO        15178    i.tcp_fasttmr       tcp.o
    0x08011408   0x08011408   0x00000040   Code   RO        15179    i.tcp_free          tcp.o
    0x08011448   0x08011448   0x000000fc   Code   RO        15481    i.tcp_free_acked_segments  tcp_in.o
    0x08011544   0x08011544   0x00000048   Code   RO        15180    i.tcp_free_listen   tcp.o
    0x0801158c   0x0801158c   0x00000014   Code   RO        15181    i.tcp_free_ooseq    tcp.o
    0x080115a0   0x080115a0   0x00000048   Code   RO        15482    i.tcp_get_next_optbyte  tcp_in.o
    0x080115e8   0x080115e8   0x00000034   Code   RO        15182    i.tcp_handle_closepend  tcp.o
    0x0801161c   0x0801161c   0x00000002   Code   RO        15183    i.tcp_init          tcp.o
    0x0801161e   0x0801161e   0x00000002   PAD
    0x08011620   0x08011620   0x000007bc   Code   RO        15483    i.tcp_input         tcp_in.o
    0x08011ddc   0x08011ddc   0x0000008c   Code   RO        15484    i.tcp_input_delayed_close  tcp_in.o
    0x08011e68   0x08011e68   0x00000080   Code   RO        15557    i.tcp_keepalive     tcp_out.o
    0x08011ee8   0x08011ee8   0x00000068   Code   RO        15184    i.tcp_kill_prio     tcp.o
    0x08011f50   0x08011f50   0x00000078   Code   RO        15185    i.tcp_kill_state    tcp.o
    0x08011fc8   0x08011fc8   0x0000003c   Code   RO        15186    i.tcp_kill_timewait  tcp.o
    0x08012004   0x08012004   0x00000078   Code   RO        15187    i.tcp_listen_closed  tcp.o
    0x0801207c   0x0801207c   0x0000019c   Code   RO        15485    i.tcp_listen_input  tcp_in.o
    0x08012218   0x08012218   0x0000004c   Code   RO        15190    i.tcp_netif_ip_addr_changed  tcp.o
    0x08012264   0x08012264   0x00000084   Code   RO        15191    i.tcp_netif_ip_addr_changed_pcblist  tcp.o
    0x080122e8   0x080122e8   0x00000010   Code   RO        15193    i.tcp_new_ip_type   tcp.o
    0x080122f8   0x080122f8   0x00000068   Code   RO        15194    i.tcp_new_port      tcp.o
    0x08012360   0x08012360   0x00000058   Code   RO        15195    i.tcp_next_iss      tcp.o
    0x080123b8   0x080123b8   0x000000d8   Code   RO        15486    i.tcp_oos_insert_segment  tcp_in.o
    0x08012490   0x08012490   0x00000310   Code   RO        15558    i.tcp_output        tcp_out.o
    0x080127a0   0x080127a0   0x00000080   Code   RO        15559    i.tcp_output_alloc_header  tcp_out.o
    0x08012820   0x08012820   0x000000cc   Code   RO        15560    i.tcp_output_alloc_header_common  tcp_out.o
    0x080128ec   0x080128ec   0x00000080   Code   RO        15561    i.tcp_output_control_segment  tcp_out.o
    0x0801296c   0x0801296c   0x000000b0   Code   RO        15562    i.tcp_output_control_segment_netif  tcp_out.o
    0x08012a1c   0x08012a1c   0x000000c4   Code   RO        15563    i.tcp_output_fill_options  tcp_out.o
    0x08012ae0   0x08012ae0   0x000001f0   Code   RO        15564    i.tcp_output_segment  tcp_out.o
    0x08012cd0   0x08012cd0   0x00000058   Code   RO        15565    i.tcp_output_segment_busy  tcp_out.o
    0x08012d28   0x08012d28   0x000000d4   Code   RO        15487    i.tcp_parseopt      tcp_in.o
    0x08012dfc   0x08012dfc   0x00000114   Code   RO        15566    i.tcp_pbuf_prealloc  tcp_out.o
    0x08012f10   0x08012f10   0x00000054   Code   RO        15196    i.tcp_pcb_purge     tcp.o
    0x08012f64   0x08012f64   0x00000164   Code   RO        15197    i.tcp_pcb_remove    tcp.o
    0x080130c8   0x080130c8   0x0000005c   Code   RO        15198    i.tcp_poll          tcp.o
    0x08013124   0x08013124   0x000006e0   Code   RO        15488    i.tcp_process       tcp_in.o
    0x08013804   0x08013804   0x000000a2   Code   RO        15199    i.tcp_process_refused_data  tcp.o
    0x080138a6   0x080138a6   0x00000002   PAD
    0x080138a8   0x080138a8   0x00000c20   Code   RO        15489    i.tcp_receive       tcp_in.o
    0x080144c8   0x080144c8   0x00000058   Code   RO        15200    i.tcp_recv          tcp.o
    0x08014520   0x08014520   0x0000003a   Code   RO        15201    i.tcp_recv_null     tcp.o
    0x0801455a   0x0801455a   0x00000002   PAD
    0x0801455c   0x0801455c   0x000000a0   Code   RO        15202    i.tcp_recved        tcp.o
    0x080145fc   0x080145fc   0x00000060   Code   RO        15203    i.tcp_remove_listener  tcp.o
    0x0801465c   0x0801465c   0x000000ac   Code   RO        15567    i.tcp_rexmit        tcp_out.o
    0x08014708   0x08014708   0x000000b0   Code   RO        15568    i.tcp_rexmit_fast   tcp_out.o
    0x080147b8   0x080147b8   0x0000004c   Code   RO        15569    i.tcp_rexmit_rto    tcp_out.o
    0x08014804   0x08014804   0x0000005c   Code   RO        15570    i.tcp_rexmit_rto_commit  tcp_out.o
    0x08014860   0x08014860   0x000000bc   Code   RO        15571    i.tcp_rexmit_rto_prepare  tcp_out.o
    0x0801491c   0x0801491c   0x0000001e   Code   RO        15572    i.tcp_route         tcp_out.o
    0x0801493a   0x0801493a   0x00000036   Code   RO        15573    i.tcp_rst           tcp_out.o
    0x08014970   0x08014970   0x000000bc   Code   RO        15574    i.tcp_rst_common    tcp_out.o
    0x08014a2c   0x08014a2c   0x0000003c   Code   RO        15575    i.tcp_rst_netif     tcp_out.o
    0x08014a68   0x08014a68   0x0000005c   Code   RO        15204    i.tcp_seg_copy      tcp.o
    0x08014ac4   0x08014ac4   0x0000001a   Code   RO        15205    i.tcp_seg_free      tcp.o
    0x08014ade   0x08014ade   0x00000018   Code   RO        15206    i.tcp_segs_free     tcp.o
    0x08014af6   0x08014af6   0x00000002   PAD
    0x08014af8   0x08014af8   0x000000e4   Code   RO        15576    i.tcp_send_empty_ack  tcp_out.o
    0x08014bdc   0x08014bdc   0x00000084   Code   RO        15577    i.tcp_send_fin      tcp_out.o
    0x08014c60   0x08014c60   0x00000058   Code   RO        15207    i.tcp_sent          tcp.o
    0x08014cb8   0x08014cb8   0x00000076   Code   RO        15209    i.tcp_shutdown      tcp.o
    0x08014d2e   0x08014d2e   0x00000002   PAD
    0x08014d30   0x08014d30   0x00000698   Code   RO        15210    i.tcp_slowtmr       tcp.o
    0x080153c8   0x080153c8   0x00000260   Code   RO        15578    i.tcp_split_unsent_seg  tcp_out.o
    0x08015628   0x08015628   0x0000003c   Code   RO        15727    i.tcp_timer_needed  timeouts.o
    0x08015664   0x08015664   0x000000ec   Code   RO        15490    i.tcp_timewait_input  tcp_in.o
    0x08015750   0x08015750   0x00000024   Code   RO        15212    i.tcp_tmr           tcp.o
    0x08015774   0x08015774   0x00000014   Code   RO        15491    i.tcp_trigger_input_pcb_close  tcp_in.o
    0x08015788   0x08015788   0x000000c0   Code   RO        15214    i.tcp_update_rcv_ann_wnd  tcp.o
    0x08015848   0x08015848   0x0000070c   Code   RO        15579    i.tcp_write         tcp_out.o
    0x08015f54   0x08015f54   0x00000144   Code   RO        15580    i.tcp_write_checks  tcp_out.o
    0x08016098   0x08016098   0x00000118   Code   RO        15581    i.tcp_zero_window_probe  tcp_out.o
    0x080161b0   0x080161b0   0x000000cc   Code   RO        13651    i.tcpip_init        tcpip.o
    0x0801627c   0x0801627c   0x00000074   Code   RO        13652    i.tcpip_inpkt       tcpip.o
    0x080162f0   0x080162f0   0x00000030   Code   RO        13653    i.tcpip_input       tcpip.o
    0x08016320   0x08016320   0x00000020   Code   RO        13654    i.tcpip_send_msg_wait_sem  tcpip.o
    0x08016340   0x08016340   0x00000038   Code   RO        15728    i.tcpip_tcp_timer   timeouts.o
    0x08016378   0x08016378   0x0000007c   Code   RO        13655    i.tcpip_thread      tcpip.o
    0x080163f4   0x080163f4   0x00000080   Code   RO        13656    i.tcpip_thread_handle_msg  tcpip.o
    0x08016474   0x08016474   0x00000064   Code   RO        13657    i.tcpip_timeouts_mbox_fetch  tcpip.o
    0x080164d8   0x080164d8   0x0000006c   Code   RO        13658    i.tcpip_try_callback  tcpip.o
    0x08016544   0x08016544   0x0000001a   Code   RO        13347    i.tryget_socket     sockets.o
    0x0801655e   0x0801655e   0x00000010   Code   RO        13348    i.tryget_socket_unconn  sockets.o
    0x0801656e   0x0801656e   0x00000002   PAD
    0x08016570   0x08016570   0x0000001c   Code   RO        13350    i.tryget_socket_unconn_nouse  sockets.o
    0x0801658c   0x0801658c   0x000000a8   Code   RO        15809    i.udp_bind          udp.o
    0x08016634   0x08016634   0x00000080   Code   RO        15811    i.udp_connect       udp.o
    0x080166b4   0x080166b4   0x00000028   Code   RO        15812    i.udp_disconnect    udp.o
    0x080166dc   0x080166dc   0x00000002   Code   RO        15813    i.udp_init          udp.o
    0x080166de   0x080166de   0x00000002   PAD
    0x080166e0   0x080166e0   0x0000025c   Code   RO        15814    i.udp_input         udp.o
    0x0801693c   0x0801693c   0x000000dc   Code   RO        15815    i.udp_input_local_match  udp.o
    0x08016a18   0x08016a18   0x00000030   Code   RO        15816    i.udp_netif_ip_addr_changed  udp.o
    0x08016a48   0x08016a48   0x00000022   Code   RO        15817    i.udp_new           udp.o
    0x08016a6a   0x08016a6a   0x00000012   Code   RO        15818    i.udp_new_ip_type   udp.o
    0x08016a7c   0x08016a7c   0x00000058   Code   RO        15819    i.udp_new_port      udp.o
    0x08016ad4   0x08016ad4   0x0000001c   Code   RO        15820    i.udp_recv          udp.o
    0x08016af0   0x08016af0   0x00000054   Code   RO        15821    i.udp_remove        udp.o
    0x08016b44   0x08016b44   0x0000002c   Code   RO        15822    i.udp_send          udp.o
    0x08016b70   0x08016b70   0x00000098   Code   RO        15823    i.udp_sendto        udp.o
    0x08016c08   0x08016c08   0x0000007a   Code   RO        15824    i.udp_sendto_if     udp.o
    0x08016c82   0x08016c82   0x00000002   PAD
    0x08016c84   0x08016c84   0x000001fc   Code   RO        15825    i.udp_sendto_if_src  udp.o
    0x08016e80   0x08016e80   0x00000028   Code   RO        10839    i.uxListRemove      list.o
    0x08016ea8   0x08016ea8   0x0000002a   Code   RO        10889    i.uxQueueMessagesWaiting  queue.o
    0x08016ed2   0x08016ed2   0x00000004   Code   RO           11    i.vApplicationIdleHook  main.o
    0x08016ed6   0x08016ed6   0x00000002   PAD
    0x08016ed8   0x08016ed8   0x0000001c   Code   RO           12    i.vApplicationMallocFailedHook  main.o
    0x08016ef4   0x08016ef4   0x00000020   Code   RO           13    i.vApplicationStackOverflowHook  main.o
    0x08016f14   0x08016f14   0x0000001a   Code   RO        10840    i.vListInitialise   list.o
    0x08016f2e   0x08016f2e   0x00000006   Code   RO        10841    i.vListInitialiseItem  list.o
    0x08016f34   0x08016f34   0x00000034   Code   RO        10842    i.vListInsert       list.o
    0x08016f68   0x08016f68   0x00000018   Code   RO        10843    i.vListInsertEnd    list.o
    0x08016f80   0x08016f80   0x00000054   Code   RO        11782    i.vPortEnterCritical  port.o
    0x08016fd4   0x08016fd4   0x0000003c   Code   RO        11783    i.vPortExitCritical  port.o
    0x08017010   0x08017010   0x000000a4   Code   RO        11857    i.vPortFree         heap_4.o
    0x080170b4   0x080170b4   0x00000028   Code   RO        11784    i.vPortSetupTimerInterrupt  port.o
    0x080170dc   0x080170dc   0x00000078   Code   RO        11785    i.vPortValidateInterruptPriority  port.o
    0x08017154   0x08017154   0x0000002c   Code   RO        10892    i.vQueueAddToRegistry  queue.o
    0x08017180   0x08017180   0x0000002c   Code   RO        10893    i.vQueueDelete      queue.o
    0x080171ac   0x080171ac   0x00000030   Code   RO        10895    i.vQueueUnregisterQueue  queue.o
    0x080171dc   0x080171dc   0x0000004a   Code   RO        10896    i.vQueueWaitForMessageRestricted  queue.o
    0x08017226   0x08017226   0x00000002   PAD
    0x08017228   0x08017228   0x0000005c   Code   RO        11273    i.vTaskDelay        tasks.o
    0x08017284   0x08017284   0x000000f4   Code   RO        11274    i.vTaskDelete       tasks.o
    0x08017378   0x08017378   0x00000018   Code   RO        11278    i.vTaskInternalSetTimeOutState  tasks.o
    0x08017390   0x08017390   0x0000000c   Code   RO        11279    i.vTaskMissedYield  tasks.o
    0x0801739c   0x0801739c   0x00000038   Code   RO        11280    i.vTaskPlaceOnEventList  tasks.o
    0x080173d4   0x080173d4   0x00000040   Code   RO        11281    i.vTaskPlaceOnEventListRestricted  tasks.o
    0x08017414   0x08017414   0x000000e4   Code   RO        11283    i.vTaskPriorityDisinheritAfterTimeout  tasks.o
    0x080174f8   0x080174f8   0x00000090   Code   RO        11286    i.vTaskResume       tasks.o
    0x08017588   0x08017588   0x0000009c   Code   RO        11289    i.vTaskStartScheduler  tasks.o
    0x08017624   0x08017624   0x00000100   Code   RO        11290    i.vTaskSuspend      tasks.o
    0x08017724   0x08017724   0x00000010   Code   RO        11291    i.vTaskSuspendAll   tasks.o
    0x08017734   0x08017734   0x000000c4   Code   RO        11292    i.vTaskSwitchContext  tasks.o
    0x080177f8   0x080177f8   0x00000168   Code   RO        11786    i.xPortStartScheduler  port.o
    0x08017960   0x08017960   0x0000005c   Code   RO        10897    i.xQueueCreateCountingSemaphore  queue.o
    0x080179bc   0x080179bc   0x00000022   Code   RO        10898    i.xQueueCreateMutex  queue.o
    0x080179de   0x080179de   0x000000a2   Code   RO        10899    i.xQueueGenericCreate  queue.o
    0x08017a80   0x08017a80   0x00000098   Code   RO        10900    i.xQueueGenericReset  queue.o
    0x08017b18   0x08017b18   0x000001a8   Code   RO        10901    i.xQueueGenericSend  queue.o
    0x08017cc0   0x08017cc0   0x00000120   Code   RO        10902    i.xQueueGenericSendFromISR  queue.o
    0x08017de0   0x08017de0   0x00000104   Code   RO        10903    i.xQueueGiveFromISR  queue.o
    0x08017ee4   0x08017ee4   0x00000048   Code   RO        10904    i.xQueueGiveMutexRecursive  queue.o
    0x08017f2c   0x08017f2c   0x00000168   Code   RO        10909    i.xQueueReceive     queue.o
    0x08018094   0x08018094   0x000001b8   Code   RO        10911    i.xQueueSemaphoreTake  queue.o
    0x0801824c   0x0801824c   0x0000004e   Code   RO        10912    i.xQueueTakeMutexRecursive  queue.o
    0x0801829a   0x0801829a   0x00000002   PAD
    0x0801829c   0x0801829c   0x00000090   Code   RO        11294    i.xTaskCheckForTimeOut  tasks.o
    0x0801832c   0x0801832c   0x00000060   Code   RO        11295    i.xTaskCreate       tasks.o
    0x0801838c   0x0801838c   0x0000000c   Code   RO        11301    i.xTaskGetCurrentTaskHandle  tasks.o
    0x08018398   0x08018398   0x00000020   Code   RO        11302    i.xTaskGetSchedulerState  tasks.o
    0x080183b8   0x080183b8   0x0000000c   Code   RO        11303    i.xTaskGetTickCount  tasks.o
    0x080183c4   0x080183c4   0x00000148   Code   RO        11305    i.xTaskIncrementTick  tasks.o
    0x0801850c   0x0801850c   0x000000bc   Code   RO        11306    i.xTaskPriorityDisinherit  tasks.o
    0x080185c8   0x080185c8   0x000000b8   Code   RO        11307    i.xTaskPriorityInherit  tasks.o
    0x08018680   0x08018680   0x00000098   Code   RO        11308    i.xTaskRemoveFromEventList  tasks.o
    0x08018718   0x08018718   0x00000104   Code   RO        11309    i.xTaskResumeAll    tasks.o
    0x0801881c   0x0801881c   0x00000054   Code   RO        11634    i.xTimerCreateTimerTask  timers.o
    0x08018870   0x08018870   0x00000084   Code   RO        11635    i.xTimerGenericCommand  timers.o
    0x080188f4   0x080188f4   0x0000002c   Code   RO        17370    locale$$code        c_w.l(lc_ctype_c.o)
    0x08018920   0x08018920   0x0000002c   Code   RO        17513    locale$$code        c_w.l(lc_numeric_c.o)
    0x0801894c   0x0801894c   0x0000000a   Code   RO        17531    x$fpl$fpinit        fz_wm.l(fpinit.o)
    0x08018956   0x08018956   0x00000004   Code   RO        17384    x$fpl$printf1       fz_wm.l(printf1.o)
    0x0801895a   0x0801895a   0x00000004   Code   RO        17386    x$fpl$printf2       fz_wm.l(printf2.o)
    0x0801895e   0x0801895e   0x00000000   Code   RO        17392    x$fpl$usenofp       fz_wm.l(usenofp.o)
    0x0801895e   0x0801895e   0x00000002   PAD
    0x08018960   0x08018960   0x00000010   Data   RO         5120    .constdata          n32h47x_48x_rcc.o
    0x08018970   0x08018970   0x0000003c   Data   RO        11956    .constdata          led.o
    0x080189ac   0x080189ac   0x000001d8   Data   RO        12006    .constdata          usart.o
    0x08018b84   0x08018b84   0x0000005c   Data   RO        12204    .constdata          easyinit.o
    0x08018be0   0x08018be0   0x00000003   Data   RO        12806    .constdata          api_msg.o
    0x08018be3   0x08018be3   0x00000001   PAD
    0x08018be4   0x08018be4   0x00000044   Data   RO        12998    .constdata          err.o
    0x08018c28   0x08018c28   0x00000110   Data   RO        14562    .constdata          memp.o
    0x08018d38   0x08018d38   0x00000050   Data   RO        15215    .constdata          tcp.o
    0x08018d88   0x08018d88   0x0000003c   Data   RO        15729    .constdata          timeouts.o
    0x08018dc4   0x08018dc4   0x00000008   Data   RO        16631    .constdata          ip4_addr.o
    0x08018dcc   0x08018dcc   0x0000000c   Data   RO        16816    .constdata          ethernet.o
    0x08018dd8   0x08018dd8   0x0000000c   Data   RO        16970    .constdata          ethernetif.o
    0x08018de4   0x08018de4   0x00000011   Data   RO        17232    .constdata          c_w.l(__printf_flags_ss_wp.o)
    0x08018df5   0x08018df5   0x00000003   PAD
    0x08018df8   0x08018df8   0x00000008   Data   RO        17314    .constdata          c_w.l(_printf_wctomb.o)
    0x08018e00   0x08018e00   0x00000028   Data   RO        17343    .constdata          c_w.l(_printf_hex_int_ll_ptr.o)
    0x08018e28   0x08018e28   0x00000026   Data   RO        17420    .constdata          c_w.l(_printf_fp_hex.o)
    0x08018e4e   0x08018e4e   0x00000002   PAD
    0x08018e50   0x08018e50   0x00000094   Data   RO        17488    .constdata          c_w.l(bigflt0.o)
    0x08018ee4   0x08018ee4   0x00000026   Data   RO        12007    .conststring        usart.o
    0x08018f0a   0x08018f0a   0x00000002   PAD
    0x08018f0c   0x08018f0c   0x00000041   Data   RO        14404    .conststring        init.o
    0x08018f4d   0x08018f4d   0x00000003   PAD
    0x08018f50   0x08018f50   0x00000049   Data   RO        15070    .conststring        raw.o
    0x08018f99   0x08018f99   0x00000003   PAD
    0x08018f9c   0x08018f9c   0x00000075   Data   RO        15216    .conststring        tcp.o
    0x08019011   0x08019011   0x00000003   PAD
    0x08019014   0x08019014   0x00000055   Data   RO        15582    .conststring        tcp_out.o
    0x08019069   0x08019069   0x00000003   PAD
    0x0801906c   0x0801906c   0x00000042   Data   RO        16128    .conststring        dhcp.o
    0x080190ae   0x080190ae   0x00000002   PAD
    0x080190b0   0x080190b0   0x00000041   Data   RO        16325    .conststring        etharp.o
    0x080190f1   0x080190f1   0x00000003   PAD
    0x080190f4   0x080190f4   0x00000041   Data   RO        16462    .conststring        igmp.o
    0x08019135   0x08019135   0x00000003   PAD
    0x08019138   0x08019138   0x00000020   Data   RO        17612    Region$$Table       anon$$obj.o
    0x08019158   0x08019158   0x00000110   Data   RO        17369    locale$$data        c_w.l(lc_ctype_c.o)
    0x08019268   0x08019268   0x0000001c   Data   RO        17512    locale$$data        c_w.l(lc_numeric_c.o)


    Execution Region RW_IRAM1 (Exec base: 0x20000000, Load base: 0x08019284, Size: 0x0002c690, Max: 0x00030000, ABSOLUTE, COMPRESSED[0x00000020])

    Exec Addr    Load Addr    Size         Type   Attr      Idx    E Section Name        Object

    0x20000000   COMPRESSED   0x00000018   Data   RW           14    .data               main.o
    0x20000018   COMPRESSED   0x00000004   Data   RW          432    .data               system_n32h47x_48x.o
    0x2000001c   COMPRESSED   0x00000040   Data   RW        11312    .data               tasks.o
    0x2000005c   COMPRESSED   0x00000014   Data   RW        11641    .data               timers.o
    0x20000070   COMPRESSED   0x0000000c   Data   RW        11787    .data               port.o
    0x2000007c   COMPRESSED   0x00000020   Data   RW        11863    .data               heap_4.o
    0x2000009c   COMPRESSED   0x0000000c   Data   RW        12276    .data               eth.o
    0x200000a8   COMPRESSED   0x00000004   Data   RW        13352    .data               sockets.o
    0x200000ac   COMPRESSED   0x00000010   Data   RW        13659    .data               tcpip.o
    0x200000bc   COMPRESSED   0x00000010   Data   RW        14493    .data               mem.o
    0x200000cc   COMPRESSED   0x00000044   Data   RW        14563    .data               memp.o
    0x20000110   COMPRESSED   0x00000009   Data   RW        14671    .data               netif.o
    0x20000119   COMPRESSED   0x00000001   Data   RW        14864    .data               pbuf.o
    0x2000011a   COMPRESSED   0x00000002   PAD
    0x2000011c   COMPRESSED   0x00000004   Data   RW        15071    .data               raw.o
    0x20000120   COMPRESSED   0x00000020   Data   RW        15217    .data               tcp.o
    0x20000140   COMPRESSED   0x00000028   Data   RW        15493    .data               tcp_in.o
    0x20000168   COMPRESSED   0x0000000c   Data   RW        15730    .data               timeouts.o
    0x20000174   COMPRESSED   0x00000008   Data   RW        15826    .data               udp.o
    0x2000017c   COMPRESSED   0x00000018   Data   RW        16129    .data               dhcp.o
    0x20000194   COMPRESSED   0x00000001   Data   RW        16326    .data               etharp.o
    0x20000195   COMPRESSED   0x00000003   PAD
    0x20000198   COMPRESSED   0x00000008   Data   RW        16463    .data               igmp.o
    0x200001a0   COMPRESSED   0x00000008   Data   RW        16569    .data               ip4.o
    0x200001a8   COMPRESSED   0x00000006   Data   RW        16691    .data               ip4_frag.o
    0x200001ae   COMPRESSED   0x00000006   Data   RW        16887    .data               bsp_eth.o
    0x200001b4   COMPRESSED   0x00000008   Data   RW        16971    .data               ethernetif.o
    0x200001bc   COMPRESSED   0x00000010   Data   RW        17055    .data               sys_arch.o
    0x200001cc        -       0x00000040   Zero   RW        10913    .bss                queue.o
    0x2000020c        -       0x000000c8   Zero   RW        11311    .bss                tasks.o
    0x200002d4        -       0x00000028   Zero   RW        11640    .bss                timers.o
    0x200002fc        -       0x00018000   Zero   RW        11862    .bss                heap_4.o
    0x200182fc        -       0x0000003c   Zero   RW        11955    .bss                led.o
    0x20018338        -       0x000014e8   Zero   RW        12005    .bss                usart.o
    0x20019820        -       0x00000048   Zero   RW        12275    .bss                eth.o
    0x20019868        -       0x00000150   Zero   RW        13351    .bss                sockets.o
    0x200199b8        -       0x00000018   Zero   RW        14471    .bss                ip.o
    0x200199d0        -       0x00002813   Zero   RW        14492    .bss                mem.o
    0x2001c1e3        -       0x0000d557   Zero   RW        14561    .bss                memp.o
    0x2002973a   COMPRESSED   0x00000002   PAD
    0x2002973c        -       0x00000010   Zero   RW        15492    .bss                tcp_in.o
    0x2002974c        -       0x00000020   Zero   RW        16127    .bss                dhcp.o
    0x2002976c        -       0x000000f0   Zero   RW        16324    .bss                etharp.o
    0x2002985c        -       0x00000010   Zero   RW        16630    .bss                ip4_addr.o
    0x2002986c        -       0x00001a30   Zero   RW        16886    .bss                bsp_eth.o
    0x2002b29c        -       0x00000193   Zero   RW        16969    .bss                ethernetif.o
    0x2002b42f   COMPRESSED   0x00000001   PAD
    0x2002b430        -       0x00000060   Zero   RW        17394    .bss                c_w.l(libspace.o)
    0x2002b490        -       0x00000200   Zero   RW          472    HEAP                startup_n32h487.o
    0x2002b690        -       0x00001000   Zero   RW          471    STACK               startup_n32h487.o


==============================================================================

Image component sizes


      Code (inc. data)   RO Data    RW Data    ZI Data      Debug   Object Name

       944        112          0          0          0      13003   acd.o
         0          0          0          0          0       1532   adc.o
         0          0          0          0          0        684   altcp.o
      1858        266          0          0          0      64049   api_lib.o
      6558       1648          3          0          0      47414   api_msg.o
       480         60          0          0          0      11588   autoip.o
      1194         64          0          6       6704       9672   bsp_eth.o
         0          0          0          0          0      13460   croutine.o
        38          0          0          0          0       1074   def.o
      5484        690         66         24         32      31754   dhcp.o
      1348        178         92          0          0      53776   easyinit.o
        32          6         68          0          0       4875   err.o
       312        140          0         12         72      18186   eth.o
      3534        626         65          1        240      14260   etharp.o
       372         68         12          0          0       2626   ethernet.o
       696        142         12          8        403       5402   ethernetif.o
         0          0          0          0          0      13664   event_groups.o
       764         72          0         32      98304       4603   heap_4.o
       836        168          0          0          0       4586   icmp.o
         0          0          0          0          0       5550   if_api.o
      1616        214         65          8          0      14397   igmp.o
       752         20          0          0          0       7744   inet_chksum.o
        80         14         65          0          0      15486   init.o
         0          0          0          0         24       3174   ip.o
      1532        110          0          8          0       8152   ip4.o
       266          4          8          0         16      10938   ip4_addr.o
      2766        518          0          6          0      12086   ip4_frag.o
       292         18         60          0         60       2194   led.o
       148          0          0          0          0       3370   list.o
      1452        562          0         24          0      40623   main.o
      2186        700          0         16      10259       9058   mem.o
       496        158        272         68      54615      12706   memp.o
       132         22          0          0          0     540299   misc.o
         0          0          0          0          0      25064   n32h47x_48x_adc.o
         0          0          0          0          0        392   n32h47x_48x_dac.o
       622         24          0          0          0      19086   n32h47x_48x_dma.o
      4222        120          0          0          0      98784   n32h47x_48x_eth.o
       170          4          0          0          0       4096   n32h47x_48x_exti.o
       276         10          0          0          0       3800   n32h47x_48x_gpio.o
        20          0          0          0          0       2813   n32h47x_48x_it.o
       792         84         16          0          0       4891   n32h47x_48x_rcc.o
       474         20          0          0          0      13799   n32h47x_48x_usart.o
       138          0          0          0          0      11295   netbuf.o
      1116        176          0          9          0      17638   netif.o
         0          0          0          0          0       7099   netifapi.o
      2808        674          0          1          0      18746   pbuf.o
      1014         92          0         12          0      11605   port.o
      3056         30          0          0         64      25606   queue.o
      1012         86         73          4          0       9561   raw.o
      3798        406          0          4        336      46246   sockets.o
        64         26        536          0       4608        828   startup_n32h487.o
      2066        852          0         16          0      12910   sys_arch.o
       516         66          0          4          0       3631   system_n32h47x_48x.o
      3828        486          0         64        200      33820   tasks.o
      6518       1638        197         32          0      41388   tcp.o
      8404       1494          0         40         16      22419   tcp_in.o
      7968       2130         85          0          0      35390   tcp_out.o
       860        286          0         16          0      14745   tcpip.o
       792        238         60         12          0      12334   timeouts.o
      1222        114          0         20         40      25739   timers.o
      2288        280          0          8          0      15524   udp.o
      2126        312        510          0       5352     558316   usart.o

    ----------------------------------------------------------------------
     92446      16228       2320        460     181348    2099550   Object Totals
         0          0         32          0          0          0   (incl. Generated)
       108          0         23          5          3          0   (incl. Padding)

    ----------------------------------------------------------------------

      Code (inc. data)   RO Data    RW Data    ZI Data      Debug   Library Member Name

        56          6          0          0          0         88   __2snprintf.o
        90          0          0          0          0          0   __dczerorl2.o
         8          0          0          0          0         68   __main.o
       392          4         17          0          0         92   __printf_flags_ss_wp.o
        14          0          0          0          0         68   __printf_wp.o
         0          0          0          0          0          0   __rtentry.o
        12          0          0          0          0          0   __rtentry2.o
         6          0          0          0          0          0   __rtentry4.o
        52          8          0          0          0          0   __scatter.o
        28          0          0          0          0          0   __scatter_zi.o
         6          0          0          0          0          0   _printf_a.o
         6          0          0          0          0          0   _printf_c.o
        44          0          0          0          0        108   _printf_char.o
        48          6          0          0          0         96   _printf_char_common.o
        40          0          0          0          0         68   _printf_charcount.o
         6          0          0          0          0          0   _printf_d.o
       120         16          0          0          0         92   _printf_dec.o
         6          0          0          0          0          0   _printf_e.o
         6          0          0          0          0          0   _printf_f.o
      1054          0          0          0          0        216   _printf_fp_dec.o
       764          8         38          0          0        100   _printf_fp_hex.o
       128         16          0          0          0         84   _printf_fp_infnan.o
         6          0          0          0          0          0   _printf_g.o
       148          4         40          0          0        160   _printf_hex_int_ll_ptr.o
         6          0          0          0          0          0   _printf_i.o
       178          0          0          0          0         88   _printf_intcommon.o
        10          0          0          0          0          0   _printf_l.o
         6          0          0          0          0          0   _printf_lc.o
        10          0          0          0          0          0   _printf_ll.o
         6          0          0          0          0          0   _printf_lld.o
         6          0          0          0          0          0   _printf_lli.o
         6          0          0          0          0          0   _printf_llo.o
         6          0          0          0          0          0   _printf_llu.o
         6          0          0          0          0          0   _printf_llx.o
       124         16          0          0          0         92   _printf_longlong_dec.o
         6          0          0          0          0          0   _printf_ls.o
         6          0          0          0          0          0   _printf_n.o
         6          0          0          0          0          0   _printf_o.o
       112         10          0          0          0        124   _printf_oct_int_ll.o
         6          0          0          0          0          0   _printf_p.o
        78          0          0          0          0        108   _printf_pad.o
         0          0          0          0          0          0   _printf_percent.o
         4          0          0          0          0          0   _printf_percent_end.o
         6          0          0          0          0          0   _printf_s.o
        82          0          0          0          0         80   _printf_str.o
        36          0          0          0          0         84   _printf_truncate.o
         6          0          0          0          0          0   _printf_u.o
        44          0          0          0          0        108   _printf_wchar.o
       188          6          8          0          0         92   _printf_wctomb.o
         6          0          0          0          0          0   _printf_x.o
        16          0          0          0          0         68   _snputc.o
        10          0          0          0          0         68   _sputc.o
        64          0          0          0          0         92   _wcrtomb.o
        16          0          0          0          0         68   aeabi_memset.o
       228          4        148          0          0         96   bigflt0.o
      1936        128          0          0          0        672   btod.o
        18          0          0          0          0         80   exit.o
         6          0          0          0          0        152   heapauxi.o
         0          0          0          0          0          0   indicate_semi.o
        44         10        272          0          0         76   lc_ctype_c.o
        44         10         28          0          0         76   lc_numeric_c.o
         2          0          0          0          0          0   libinit.o
        34          0          0          0          0          0   libinit2.o
         2          0          0          0          0          0   libshutdown.o
         2          0          0          0          0          0   libshutdown2.o
         8          4          0          0         96         68   libspace.o
       138          0          0          0          0         80   lludiv10.o
       238          0          0          0          0        100   lludivv7m.o
        88          0          0          0          0         76   memcmp.o
        16          4          0          0          0         76   rt_ctype_table.o
         8          4          0          0          0         68   rt_locale_intlibspace.o
        68          0          0          0          0         68   rt_memclr.o
        78          0          0          0          0         80   rt_memclr_w.o
       138          0          0          0          0         68   rt_memcpy_v6.o
       100          0          0          0          0         80   rt_memcpy_w.o
         2          0          0          0          0          0   rtexit.o
        10          0          0          0          0          0   rtexit2.o
       128          0          0          0          0         68   strcmpv7m.o
        62          0          0          0          0         76   strlen.o
        12          4          0          0          0         68   sys_exit.o
        74          0          0          0          0         80   sys_stackheap_outer.o
         2          0          0          0          0         68   use_no_semi.o
        52          4          0          0          0         80   vsnprintf.o
        10          0          0          0          0        116   fpinit.o
         4          0          0          0          0        116   printf1.o
         4          0          0          0          0        116   printf2.o
         0          0          0          0          0          0   usenofp.o
        48          0          0          0          0        124   fpclassify.o

    ----------------------------------------------------------------------
      7722        272        556          0         96       5140   Library Totals
        22          0          5          0          0          0   (incl. Padding)

    ----------------------------------------------------------------------

      Code (inc. data)   RO Data    RW Data    ZI Data      Debug   Library Name

      7634        272        551          0         96       4668   c_w.l
        18          0          0          0          0        348   fz_wm.l
        48          0          0          0          0        124   m_wm.l

    ----------------------------------------------------------------------
      7722        272        556          0         96       5140   Library Totals

    ----------------------------------------------------------------------

==============================================================================


      Code (inc. data)   RO Data    RW Data    ZI Data      Debug   

    100168      16500       2876        460     181444    2043790   Grand Totals
    100168      16500       2876         32     181444    2043790   ELF Image Totals (compressed)
    100168      16500       2876         32          0          0   ROM Totals

==============================================================================

    Total RO  Size (Code + RO Data)               103044 ( 100.63kB)
    Total RW  Size (RW Data + ZI Data)            181904 ( 177.64kB)
    Total ROM Size (Code + RO Data + RW Data)     103076 ( 100.66kB)

==============================================================================

