Component: ARM Compiler 5.06 update 6 (build 750) Tool: armlink [4d35ed]

==============================================================================

Section Cross References

    main.o(i.main) refers to usart.o(i.USART1_init) for USART1_init
    main.o(i.main) refers to adc.o(i.ADC_init) for ADC_init
    main.o(i.main) refers to n32h47x_48x_adc.o(i.ADC_GetFlagStatus) for ADC_GetFlagStatus
    main.o(i.main) refers to n32h47x_48x_adc.o(i.ADC_GetDat) for ADC_GetDat
    main.o(i.main) refers to usart.o(i.USART_Print) for USART_Print
    main.o(i.main) refers to n32h47x_48x_adc.o(i.ADC_ClearFlag) for ADC_ClearFlag
    main.o(i.main) refers to adc.o(.data) for ADCConvertedValue
    system_n32h47x_48x.o(i.SystemCoreClockUpdate) refers to system_n32h47x_48x.o(.data) for SystemCoreClock
    system_n32h47x_48x.o(i.SystemInit) refers to system_n32h47x_48x.o(i.SetSysClock) for SetSysClock
    system_n32h47x_48x.o(i.SystemInit) refers to system_n32h47x_48x.o(i.SetStartupVolt) for SetStartupVolt
    startup_n32h487.o(RESET) refers to startup_n32h487.o(STACK) for __initial_sp
    startup_n32h487.o(RESET) refers to startup_n32h487.o(.text) for Reset_Handler
    startup_n32h487.o(RESET) refers to n32h47x_48x_it.o(i.NMI_Handler) for NMI_Handler
    startup_n32h487.o(RESET) refers to n32h47x_48x_it.o(i.HardFault_Handler) for HardFault_Handler
    startup_n32h487.o(RESET) refers to n32h47x_48x_it.o(i.MemManage_Handler) for MemManage_Handler
    startup_n32h487.o(RESET) refers to n32h47x_48x_it.o(i.BusFault_Handler) for BusFault_Handler
    startup_n32h487.o(RESET) refers to n32h47x_48x_it.o(i.UsageFault_Handler) for UsageFault_Handler
    startup_n32h487.o(RESET) refers to n32h47x_48x_it.o(i.SVC_Handler) for SVC_Handler
    startup_n32h487.o(RESET) refers to n32h47x_48x_it.o(i.DebugMon_Handler) for DebugMon_Handler
    startup_n32h487.o(RESET) refers to n32h47x_48x_it.o(i.SysTick_Handler) for SysTick_Handler
    startup_n32h487.o(.text) refers to system_n32h47x_48x.o(i.SystemInit) for SystemInit
    startup_n32h487.o(.text) refers to entry.o(.ARM.Collect$$$$00000000) for __main
    n32h47x_48x_adc.o(i.ADC_ConfigClk) refers to n32h47x_48x_rcc.o(i.RCC_ConfigAdcPllClk) for RCC_ConfigAdcPllClk
    n32h47x_48x_adc.o(i.ADC_ConfigClk) refers to n32h47x_48x_rcc.o(i.RCC_ConfigAdcHclk) for RCC_ConfigAdcHclk
    n32h47x_48x_adc.o(i.ADC_ConfigClk) refers to n32h47x_48x_adc.o(i.ADC_SelectClockMode) for ADC_SelectClockMode
    n32h47x_48x_adc.o(i.ADC_DeInit) refers to n32h47x_48x_rcc.o(i.RCC_EnableAHBPeriphReset) for RCC_EnableAHBPeriphReset
    n32h47x_48x_comp.o(i.COMP_DeInit) refers to n32h47x_48x_rcc.o(i.RCC_EnableAPB2PeriphReset) for RCC_EnableAPB2PeriphReset
    n32h47x_48x_cordic.o(i.CORDIC_DeInit) refers to n32h47x_48x_rcc.o(i.RCC_EnableAHBPeriphReset) for RCC_EnableAHBPeriphReset
    n32h47x_48x_dac.o(i.DAC_CaliEnable) refers to n32h47x_48x_dac.o(i.DAC_BaseAddrGet) for DAC_BaseAddrGet
    n32h47x_48x_dac.o(i.DAC_ClearFlag) refers to n32h47x_48x_dac.o(i.DAC_BaseAddrGet) for DAC_BaseAddrGet
    n32h47x_48x_dac.o(i.DAC_ClearITPendingBit) refers to n32h47x_48x_dac.o(i.DAC_BaseAddrGet) for DAC_BaseAddrGet
    n32h47x_48x_dac.o(i.DAC_ConfigInt) refers to n32h47x_48x_dac.o(i.DAC_BaseAddrGet) for DAC_BaseAddrGet
    n32h47x_48x_dac.o(i.DAC_ConnetToExternalPinEnable) refers to n32h47x_48x_dac.o(i.DAC_BaseAddrGet) for DAC_BaseAddrGet
    n32h47x_48x_dac.o(i.DAC_ConnetToOnChipEnable) refers to n32h47x_48x_dac.o(i.DAC_BaseAddrGet) for DAC_BaseAddrGet
    n32h47x_48x_dac.o(i.DAC_DMADoubleDataModeEnable) refers to n32h47x_48x_dac.o(i.DAC_BaseAddrGet) for DAC_BaseAddrGet
    n32h47x_48x_dac.o(i.DAC_DeInit) refers to n32h47x_48x_rcc.o(i.RCC_EnableAPB1PeriphReset) for RCC_EnableAPB1PeriphReset
    n32h47x_48x_dac.o(i.DAC_DeInit) refers to n32h47x_48x_rcc.o(i.RCC_EnableAHBPeriphReset) for RCC_EnableAHBPeriphReset
    n32h47x_48x_dac.o(i.DAC_DmaEnable) refers to n32h47x_48x_dac.o(i.DAC_BaseAddrGet) for DAC_BaseAddrGet
    n32h47x_48x_dac.o(i.DAC_Enable) refers to n32h47x_48x_dac.o(i.DAC_BaseAddrGet) for DAC_BaseAddrGet
    n32h47x_48x_dac.o(i.DAC_GetFlagSts) refers to n32h47x_48x_dac.o(i.DAC_BaseAddrGet) for DAC_BaseAddrGet
    n32h47x_48x_dac.o(i.DAC_GetIntSts) refers to n32h47x_48x_dac.o(i.DAC_BaseAddrGet) for DAC_BaseAddrGet
    n32h47x_48x_dac.o(i.DAC_GetOutputDataVal) refers to n32h47x_48x_dac.o(i.DAC_BaseAddrGet) for DAC_BaseAddrGet
    n32h47x_48x_dac.o(i.DAC_HighDriveAbilityEnable) refers to n32h47x_48x_dac.o(i.DAC_BaseAddrGet) for DAC_BaseAddrGet
    n32h47x_48x_dac.o(i.DAC_Init) refers to n32h47x_48x_dac.o(i.DAC_BaseAddrGet) for DAC_BaseAddrGet
    n32h47x_48x_dac.o(i.DAC_SetData) refers to n32h47x_48x_dac.o(i.DAC_BaseAddrGet) for DAC_BaseAddrGet
    n32h47x_48x_dac.o(i.DAC_SetSawtoothResetValue) refers to n32h47x_48x_dac.o(i.DAC_BaseAddrGet) for DAC_BaseAddrGet
    n32h47x_48x_dac.o(i.DAC_SetSawtoothStepValue) refers to n32h47x_48x_dac.o(i.DAC_BaseAddrGet) for DAC_BaseAddrGet
[...]
    Removing n32h47x_48x_shrtim.o(i.SHRTIM_TIM_EnablePushPullMode), (40 bytes).
    Removing n32h47x_48x_shrtim.o(i.SHRTIM_TIM_EnableResetOnSync), (56 bytes).
    Removing n32h47x_48x_shrtim.o(i.SHRTIM_TIM_EnableResyncUpdate), (40 bytes).
    Removing n32h47x_48x_shrtim.o(i.SHRTIM_TIM_EnableSoftDP), (16 bytes).
    Removing n32h47x_48x_shrtim.o(i.SHRTIM_TIM_EnableStartOnSync), (56 bytes).
    Removing n32h47x_48x_shrtim.o(i.SHRTIM_TIM_GetADCRollOverMode), (52 bytes).
    Removing n32h47x_48x_shrtim.o(i.SHRTIM_TIM_GetBMRollOverMode), (52 bytes).
    Removing n32h47x_48x_shrtim.o(i.SHRTIM_TIM_GetBurstModeOption), (28 bytes).
    Removing n32h47x_48x_shrtim.o(i.SHRTIM_TIM_GetCapture1), (36 bytes).
    Removing n32h47x_48x_shrtim.o(i.SHRTIM_TIM_GetCapture1Direction), (44 bytes).
    Removing n32h47x_48x_shrtim.o(i.SHRTIM_TIM_GetCapture2), (36 bytes).
    Removing n32h47x_48x_shrtim.o(i.SHRTIM_TIM_GetCapture2Direction), (44 bytes).
    Removing n32h47x_48x_shrtim.o(i.SHRTIM_TIM_GetCaptureTrig), (120 bytes).
    Removing n32h47x_48x_shrtim.o(i.SHRTIM_TIM_GetComp1Mode), (52 bytes).
    Removing n32h47x_48x_shrtim.o(i.SHRTIM_TIM_GetComp3Mode), (52 bytes).
    Removing n32h47x_48x_shrtim.o(i.SHRTIM_TIM_GetCompare1), (40 bytes).
    Removing n32h47x_48x_shrtim.o(i.SHRTIM_TIM_GetCompare2), (40 bytes).
    Removing n32h47x_48x_shrtim.o(i.SHRTIM_TIM_GetCompare3), (40 bytes).
    Removing n32h47x_48x_shrtim.o(i.SHRTIM_TIM_GetCompare4), (40 bytes).
    Removing n32h47x_48x_shrtim.o(i.SHRTIM_TIM_GetCompare5), (40 bytes).
    Removing n32h47x_48x_shrtim.o(i.SHRTIM_TIM_GetCompareMode), (72 bytes).
    Removing n32h47x_48x_shrtim.o(i.SHRTIM_TIM_GetCounter), (40 bytes).
    Removing n32h47x_48x_shrtim.o(i.SHRTIM_TIM_GetCounterMode), (36 bytes).
    Removing n32h47x_48x_shrtim.o(i.SHRTIM_TIM_GetCountingMode), (52 bytes).
    Removing n32h47x_48x_shrtim.o(i.SHRTIM_TIM_GetCurrentPushPullStatus), (40 bytes).
    Removing n32h47x_48x_shrtim.o(i.SHRTIM_TIM_GetDACTrig), (36 bytes).
    Removing n32h47x_48x_shrtim.o(i.SHRTIM_TIM_GetDPMode), (40 bytes).
    Removing n32h47x_48x_shrtim.o(i.SHRTIM_TIM_GetDualDacResetTrigger), (52 bytes).
    Removing n32h47x_48x_shrtim.o(i.SHRTIM_TIM_GetDualDacStepTrigger), (52 bytes).
    Removing n32h47x_48x_shrtim.o(i.SHRTIM_TIM_GetEventCounterResetMode), (52 bytes).
    Removing n32h47x_48x_shrtim.o(i.SHRTIM_TIM_GetEventCounterSource), (60 bytes).
    Removing n32h47x_48x_shrtim.o(i.SHRTIM_TIM_GetEventCounterThreshold), (58 bytes).
    Removing n32h47x_48x_shrtim.o(i.SHRTIM_TIM_GetEventFilter), (108 bytes).
    Removing n32h47x_48x_shrtim.o(i.SHRTIM_TIM_GetEventLatchStatus), (108 bytes).
    Removing n32h47x_48x_shrtim.o(i.SHRTIM_TIM_GetFaultEventRollOverMode), (52 bytes).
    Removing n32h47x_48x_shrtim.o(i.SHRTIM_TIM_GetIdlePushPullStatus), (40 bytes).
    Removing n32h47x_48x_shrtim.o(i.SHRTIM_TIM_GetInterleavedMode), (72 bytes).
    Removing n32h47x_48x_shrtim.o(i.SHRTIM_TIM_GetOutputRollOverMode), (52 bytes).
    Removing n32h47x_48x_shrtim.o(i.SHRTIM_TIM_GetPeriod), (40 bytes).
    Removing n32h47x_48x_shrtim.o(i.SHRTIM_TIM_GetPrescaler), (36 bytes).
    Removing n32h47x_48x_shrtim.o(i.SHRTIM_TIM_GetRepetition), (40 bytes).
    Removing n32h47x_48x_shrtim.o(i.SHRTIM_TIM_GetResetTrig), (36 bytes).
    Removing n32h47x_48x_shrtim.o(i.SHRTIM_TIM_GetRollOverMode), (52 bytes).
    Removing n32h47x_48x_shrtim.o(i.SHRTIM_TIM_GetTriggeredHalfMode), (52 bytes).
    Removing n32h47x_48x_shrtim.o(i.SHRTIM_TIM_GetUpdateGating), (56 bytes).
    Removing n32h47x_48x_shrtim.o(i.SHRTIM_TIM_GetUpdateTrig), (56 bytes).
    Removing n32h47x_48x_shrtim.o(i.SHRTIM_TIM_IsCounterEnabled), (18 bytes).
    Removing n32h47x_48x_shrtim.o(i.SHRTIM_TIM_IsEnabledBIAR), (40 bytes).
    Removing n32h47x_48x_shrtim.o(i.SHRTIM_TIM_IsEnabledDP), (40 bytes).
    Removing n32h47x_48x_shrtim.o(i.SHRTIM_TIM_IsEnabledDeadTime), (40 bytes).
    Removing n32h47x_48x_shrtim.o(i.SHRTIM_TIM_IsEnabledDualDacTrigger), (52 bytes).
    Removing n32h47x_48x_shrtim.o(i.SHRTIM_TIM_IsEnabledEventCounter), (66 bytes).
    Removing n32h47x_48x_shrtim.o(i.SHRTIM_TIM_IsEnabledFault), (48 bytes).
    Removing n32h47x_48x_shrtim.o(i.SHRTIM_TIM_IsEnabledHalfMode), (36 bytes).
    Removing n32h47x_48x_shrtim.o(i.SHRTIM_TIM_IsEnabledPreload), (36 bytes).
    Removing n32h47x_48x_shrtim.o(i.SHRTIM_TIM_IsEnabledPushPullMode), (40 bytes).
    Removing n32h47x_48x_shrtim.o(i.SHRTIM_TIM_IsEnabledResetOnSync), (52 bytes).
    Removing n32h47x_48x_shrtim.o(i.SHRTIM_TIM_IsEnabledResyncUpdate), (40 bytes).
    Removing n32h47x_48x_shrtim.o(i.SHRTIM_TIM_IsEnabledSoftDP), (20 bytes).
    Removing n32h47x_48x_shrtim.o(i.SHRTIM_TIM_IsEnabledStartOnSync), (52 bytes).
    Removing n32h47x_48x_shrtim.o(i.SHRTIM_TIM_LockFault), (40 bytes).
    Removing n32h47x_48x_shrtim.o(i.SHRTIM_TIM_ResetEventCounter), (50 bytes).
    Removing n32h47x_48x_shrtim.o(i.SHRTIM_TIM_SetADCRollOverMode), (56 bytes).
    Removing n32h47x_48x_shrtim.o(i.SHRTIM_TIM_SetBMRollOverMode), (56 bytes).
    Removing n32h47x_48x_shrtim.o(i.SHRTIM_TIM_SetBurstModeOption), (38 bytes).
    Removing n32h47x_48x_shrtim.o(i.SHRTIM_TIM_SetCaptureTrig), (120 bytes).
    Removing n32h47x_48x_shrtim.o(i.SHRTIM_TIM_SetComp1Mode), (56 bytes).
    Removing n32h47x_48x_shrtim.o(i.SHRTIM_TIM_SetComp3Mode), (56 bytes).
    Removing n32h47x_48x_shrtim.o(i.SHRTIM_TIM_SetCompare1), (44 bytes).
    Removing n32h47x_48x_shrtim.o(i.SHRTIM_TIM_SetCompare2), (44 bytes).
    Removing n32h47x_48x_shrtim.o(i.SHRTIM_TIM_SetCompare3), (44 bytes).
    Removing n32h47x_48x_shrtim.o(i.SHRTIM_TIM_SetCompare4), (44 bytes).
    Removing n32h47x_48x_shrtim.o(i.SHRTIM_TIM_SetCompare5), (44 bytes).
    Removing n32h47x_48x_shrtim.o(i.SHRTIM_TIM_SetCompareMode), (88 bytes).
    Removing n32h47x_48x_shrtim.o(i.SHRTIM_TIM_SetCounter), (44 bytes).
    Removing n32h47x_48x_shrtim.o(i.SHRTIM_TIM_SetCounterMode), (40 bytes).
    Removing n32h47x_48x_shrtim.o(i.SHRTIM_TIM_SetCountingMode), (56 bytes).
    Removing n32h47x_48x_shrtim.o(i.SHRTIM_TIM_SetDACTrig), (40 bytes).
    Removing n32h47x_48x_shrtim.o(i.SHRTIM_TIM_SetDPMode), (44 bytes).
    Removing n32h47x_48x_shrtim.o(i.SHRTIM_TIM_SetDualDacResetTrigger), (56 bytes).
    Removing n32h47x_48x_shrtim.o(i.SHRTIM_TIM_SetDualDacStepTrigger), (56 bytes).
    Removing n32h47x_48x_shrtim.o(i.SHRTIM_TIM_SetEventCounterResetMode), (56 bytes).
    Removing n32h47x_48x_shrtim.o(i.SHRTIM_TIM_SetEventCounterSource), (76 bytes).
    Removing n32h47x_48x_shrtim.o(i.SHRTIM_TIM_SetEventCounterThreshold), (62 bytes).
    Removing n32h47x_48x_shrtim.o(i.SHRTIM_TIM_SetEventFilter), (140 bytes).
    Removing n32h47x_48x_shrtim.o(i.SHRTIM_TIM_SetEventLatchStatus), (140 bytes).
    Removing n32h47x_48x_shrtim.o(i.SHRTIM_TIM_SetFaultEventRollOverMode), (56 bytes).
    Removing n32h47x_48x_shrtim.o(i.SHRTIM_TIM_SetInterleavedMode), (68 bytes).
    Removing n32h47x_48x_shrtim.o(i.SHRTIM_TIM_SetOutputRollOverMode), (56 bytes).
    Removing n32h47x_48x_shrtim.o(i.SHRTIM_TIM_SetPeriod), (44 bytes).
    Removing n32h47x_48x_shrtim.o(i.SHRTIM_TIM_SetPrescaler), (40 bytes).
    Removing n32h47x_48x_shrtim.o(i.SHRTIM_TIM_SetRepetition), (44 bytes).
    Removing n32h47x_48x_shrtim.o(i.SHRTIM_TIM_SetResetTrig), (36 bytes).
    Removing n32h47x_48x_shrtim.o(i.SHRTIM_TIM_SetRollOverMode), (56 bytes).
    Removing n32h47x_48x_shrtim.o(i.SHRTIM_TIM_SetTriggeredHalfMode), (56 bytes).
    Removing n32h47x_48x_shrtim.o(i.SHRTIM_TIM_SetUpdateGating), (60 bytes).
    Removing n32h47x_48x_shrtim.o(i.SHRTIM_TIM_SetUpdateTrig), (60 bytes).
    Removing n32h47x_48x_shrtim.o(.constdata), (448 bytes).
    Removing n32h47x_48x_spi.o(.rev16_text), (4 bytes).
    Removing n32h47x_48x_spi.o(.revsh_text), (4 bytes).
    Removing n32h47x_48x_spi.o(.rrx_text), (6 bytes).
    Removing n32h47x_48x_spi.o(i.I2S_EXT_Enable), (24 bytes).
    Removing n32h47x_48x_spi.o(i.I2S_EXT_EnableDma), (18 bytes).
    Removing n32h47x_48x_spi.o(i.I2S_EXT_EnableInt), (22 bytes).
    Removing n32h47x_48x_spi.o(i.I2S_EXT_GetIntStatus), (20 bytes).
    Removing n32h47x_48x_spi.o(i.I2S_EXT_GetStatus), (16 bytes).
    Removing n32h47x_48x_spi.o(i.I2S_EXT_Init), (52 bytes).
    Removing n32h47x_48x_spi.o(i.I2S_EXT_InitStruct), (12 bytes).
    Removing n32h47x_48x_spi.o(i.I2S_EXT_ReceiveData), (6 bytes).
    Removing n32h47x_48x_spi.o(i.I2S_EXT_TransmitData), (4 bytes).
    Removing n32h47x_48x_spi.o(i.I2S_Enable), (24 bytes).
    Removing n32h47x_48x_spi.o(i.I2S_Init), (236 bytes).
    Removing n32h47x_48x_spi.o(i.I2S_InitStruct), (20 bytes).
    Removing n32h47x_48x_spi.o(i.SPI_ConfigBidirectionalMode), (28 bytes).
    Removing n32h47x_48x_spi.o(i.SPI_ConfigDataLen), (18 bytes).
    Removing n32h47x_48x_spi.o(i.SPI_DELAYTIME_GET), (6 bytes).
    Removing n32h47x_48x_spi.o(i.SPI_DELAYTIME_SET), (4 bytes).
    Removing n32h47x_48x_spi.o(i.SPI_Enable), (24 bytes).
    Removing n32h47x_48x_spi.o(i.SPI_EnableCalculateCrc), (24 bytes).
    Removing n32h47x_48x_spi.o(i.SPI_GetCRCDat), (14 bytes).
    Removing n32h47x_48x_spi.o(i.SPI_GetCRCPoly), (6 bytes).
    Removing n32h47x_48x_spi.o(i.SPI_I2S_ClearFIFOBit), (14 bytes).
    Removing n32h47x_48x_spi.o(i.SPI_I2S_ClrCRCErrFlag), (6 bytes).
    Removing n32h47x_48x_spi.o(i.SPI_I2S_ClrITPendingBit), (18 bytes).
    Removing n32h47x_48x_spi.o(i.SPI_I2S_DeInit), (112 bytes).
    Removing n32h47x_48x_spi.o(i.SPI_I2S_EnableDma), (18 bytes).
    Removing n32h47x_48x_spi.o(i.SPI_I2S_EnableInt), (28 bytes).
    Removing n32h47x_48x_spi.o(i.SPI_I2S_FIFO_Cmd), (24 bytes).
    Removing n32h47x_48x_spi.o(i.SPI_I2S_GetIntStatus), (52 bytes).
    Removing n32h47x_48x_spi.o(i.SPI_I2S_GetStatus), (16 bytes).
    Removing n32h47x_48x_spi.o(i.SPI_I2S_ReceiveData), (6 bytes).
    Removing n32h47x_48x_spi.o(i.SPI_I2S_TransmitData), (4 bytes).
    Removing n32h47x_48x_spi.o(i.SPI_Init), (60 bytes).
    Removing n32h47x_48x_spi.o(i.SPI_InitStruct), (24 bytes).
    Removing n32h47x_48x_spi.o(i.SPI_RX_FIFO_CNT_GET), (10 bytes).
    Removing n32h47x_48x_spi.o(i.SPI_RX_FIFO_GET), (6 bytes).
    Removing n32h47x_48x_spi.o(i.SPI_RX_FIFO_SET), (4 bytes).
    Removing n32h47x_48x_spi.o(i.SPI_RxFIFOSizeConfig), (18 bytes).
    Removing n32h47x_48x_spi.o(i.SPI_SSOutputEnable), (24 bytes).
    Removing n32h47x_48x_spi.o(i.SPI_SetNssLevel), (20 bytes).
    Removing n32h47x_48x_spi.o(i.SPI_TRANSNUM_GET), (6 bytes).
    Removing n32h47x_48x_spi.o(i.SPI_TRANSNUM_SET), (4 bytes).
    Removing n32h47x_48x_spi.o(i.SPI_TX_FIFO_CNT_GET), (10 bytes).
    Removing n32h47x_48x_spi.o(i.SPI_TransmitCrcNext), (22 bytes).
    Removing n32h47x_48x_spi.o(i.SPI_TxFIFOSizeConfig), (18 bytes).
    Removing n32h47x_48x_tim.o(.rev16_text), (4 bytes).
    Removing n32h47x_48x_tim.o(.revsh_text), (4 bytes).
    Removing n32h47x_48x_tim.o(.rrx_text), (6 bytes).
    Removing n32h47x_48x_tim.o(i.ConfigTI1), (176 bytes).
    Removing n32h47x_48x_tim.o(i.ConfigTI2), (180 bytes).
    Removing n32h47x_48x_tim.o(i.ConfigTI3), (176 bytes).
    Removing n32h47x_48x_tim.o(i.ConfigTI4), (192 bytes).
    Removing n32h47x_48x_tim.o(i.TIM_AsymmetricEnable), (22 bytes).
    Removing n32h47x_48x_tim.o(i.TIM_Bidirection2Disarm), (10 bytes).
    Removing n32h47x_48x_tim.o(i.TIM_Bidirection2Rearm), (10 bytes).
    Removing n32h47x_48x_tim.o(i.TIM_BidirectionDisarm), (10 bytes).
    Removing n32h47x_48x_tim.o(i.TIM_BidirectionRearm), (10 bytes).
    Removing n32h47x_48x_tim.o(i.TIM_Break2FiltConfig), (36 bytes).
    Removing n32h47x_48x_tim.o(i.TIM_Break2FiltEnable), (30 bytes).
    Removing n32h47x_48x_tim.o(i.TIM_Break2InputSourceEnable), (58 bytes).
    Removing n32h47x_48x_tim.o(i.TIM_BreakFiltConfig), (36 bytes).
    Removing n32h47x_48x_tim.o(i.TIM_BreakFiltEnable), (22 bytes).
    Removing n32h47x_48x_tim.o(i.TIM_BreakInputSourceEnable), (128 bytes).
    Removing n32h47x_48x_tim.o(i.TIM_ClearFlag), (6 bytes).
    Removing n32h47x_48x_tim.o(i.TIM_ClrIntPendingBit), (182 bytes).
    Removing n32h47x_48x_tim.o(i.TIM_ClrOc1Ref), (14 bytes).
    Removing n32h47x_48x_tim.o(i.TIM_ClrOc2Ref), (16 bytes).
    Removing n32h47x_48x_tim.o(i.TIM_ClrOc3Ref), (14 bytes).
    Removing n32h47x_48x_tim.o(i.TIM_ClrOc4Ref), (16 bytes).
    Removing n32h47x_48x_tim.o(i.TIM_ClrOc5Ref), (14 bytes).
    Removing n32h47x_48x_tim.o(i.TIM_ClrOc6Ref), (16 bytes).
    Removing n32h47x_48x_tim.o(i.TIM_ClrOcRefInputSource), (38 bytes).
    Removing n32h47x_48x_tim.o(i.TIM_ConfigArPreload), (22 bytes).
    Removing n32h47x_48x_tim.o(i.TIM_ConfigBkdt), (148 bytes).
    Removing n32h47x_48x_tim.o(i.TIM_ConfigCntMode), (14 bytes).
    Removing n32h47x_48x_tim.o(i.TIM_ConfigDma), (10 bytes).
    Removing n32h47x_48x_tim.o(i.TIM_ConfigEncoderInterface), (50 bytes).
    Removing n32h47x_48x_tim.o(i.TIM_ConfigExtClkMode1), (60 bytes).
    Removing n32h47x_48x_tim.o(i.TIM_ConfigExtClkMode2), (48 bytes).
    Removing n32h47x_48x_tim.o(i.TIM_ConfigExtTrig), (22 bytes).
    Removing n32h47x_48x_tim.o(i.TIM_ConfigExtTrigAsClk), (58 bytes).
    Removing n32h47x_48x_tim.o(i.TIM_ConfigForcedOc1), (14 bytes).
    Removing n32h47x_48x_tim.o(i.TIM_ConfigForcedOc2), (16 bytes).
    Removing n32h47x_48x_tim.o(i.TIM_ConfigForcedOc3), (14 bytes).
    Removing n32h47x_48x_tim.o(i.TIM_ConfigForcedOc4), (16 bytes).
    Removing n32h47x_48x_tim.o(i.TIM_ConfigForcedOc5), (14 bytes).
    Removing n32h47x_48x_tim.o(i.TIM_ConfigForcedOc6), (16 bytes).
    Removing n32h47x_48x_tim.o(i.TIM_ConfigInt), (18 bytes).
    Removing n32h47x_48x_tim.o(i.TIM_ConfigInternalClk), (10 bytes).
    Removing n32h47x_48x_tim.o(i.TIM_ConfigInternalTrigToExt), (24 bytes).
    Removing n32h47x_48x_tim.o(i.TIM_ConfigOc1Fast), (14 bytes).
    Removing n32h47x_48x_tim.o(i.TIM_ConfigOc1NPolarity), (14 bytes).
    Removing n32h47x_48x_tim.o(i.TIM_ConfigOc1Polarity), (14 bytes).
    Removing n32h47x_48x_tim.o(i.TIM_ConfigOc1Preload), (14 bytes).
    Removing n32h47x_48x_tim.o(i.TIM_ConfigOc2Fast), (16 bytes).
    Removing n32h47x_48x_tim.o(i.TIM_ConfigOc2NPolarity), (16 bytes).
    Removing n32h47x_48x_tim.o(i.TIM_ConfigOc2Polarity), (16 bytes).
    Removing n32h47x_48x_tim.o(i.TIM_ConfigOc2Preload), (16 bytes).
    Removing n32h47x_48x_tim.o(i.TIM_ConfigOc3Fast), (14 bytes).
    Removing n32h47x_48x_tim.o(i.TIM_ConfigOc3NPolarity), (16 bytes).
    Removing n32h47x_48x_tim.o(i.TIM_ConfigOc3Polarity), (16 bytes).
    Removing n32h47x_48x_tim.o(i.TIM_ConfigOc3Preload), (14 bytes).
    Removing n32h47x_48x_tim.o(i.TIM_ConfigOc4Fast), (16 bytes).
    Removing n32h47x_48x_tim.o(i.TIM_ConfigOc4NPolarity), (16 bytes).
    Removing n32h47x_48x_tim.o(i.TIM_ConfigOc4Polarity), (16 bytes).
    Removing n32h47x_48x_tim.o(i.TIM_ConfigOc4Preload), (16 bytes).
    Removing n32h47x_48x_tim.o(i.TIM_ConfigOc5Fast), (14 bytes).
    Removing n32h47x_48x_tim.o(i.TIM_ConfigOc5Polarity), (16 bytes).
    Removing n32h47x_48x_tim.o(i.TIM_ConfigOc5Preload), (14 bytes).
    Removing n32h47x_48x_tim.o(i.TIM_ConfigOc6Fast), (16 bytes).
    Removing n32h47x_48x_tim.o(i.TIM_ConfigOc6Polarity), (16 bytes).
    Removing n32h47x_48x_tim.o(i.TIM_ConfigOc6Preload), (16 bytes).
    Removing n32h47x_48x_tim.o(i.TIM_ConfigOc7Preload), (16 bytes).
    Removing n32h47x_48x_tim.o(i.TIM_ConfigOc8Preload), (16 bytes).
    Removing n32h47x_48x_tim.o(i.TIM_ConfigOc9Preload), (16 bytes).
    Removing n32h47x_48x_tim.o(i.TIM_ConfigPrescaler), (6 bytes).
    Removing n32h47x_48x_tim.o(i.TIM_ConfigPwmIc), (116 bytes).
    Removing n32h47x_48x_tim.o(i.TIM_ConfigUpdateEvt), (22 bytes).
    Removing n32h47x_48x_tim.o(i.TIM_ConfigUpdateRequestIntSrc), (22 bytes).
    Removing n32h47x_48x_tim.o(i.TIM_DeInit), (284 bytes).
    Removing n32h47x_48x_tim.o(i.TIM_Enable), (22 bytes).
    Removing n32h47x_48x_tim.o(i.TIM_EnableCapCmpCh), (26 bytes).
    Removing n32h47x_48x_tim.o(i.TIM_EnableCapCmpChN), (26 bytes).
    Removing n32h47x_48x_tim.o(i.TIM_EnableCapCmpPreloadControl), (22 bytes).
    Removing n32h47x_48x_tim.o(i.TIM_EnableCtrlPwmOutputs), (22 bytes).
    Removing n32h47x_48x_tim.o(i.TIM_EnableDma), (18 bytes).
    Removing n32h47x_48x_tim.o(i.TIM_EnableUpdateEvt), (22 bytes).
    Removing n32h47x_48x_tim.o(i.TIM_GenerateEvent), (4 bytes).
    Removing n32h47x_48x_tim.o(i.TIM_GetAutoReload), (6 bytes).
    Removing n32h47x_48x_tim.o(i.TIM_GetCCENStatus), (18 bytes).
    Removing n32h47x_48x_tim.o(i.TIM_GetCap1), (8 bytes).
    Removing n32h47x_48x_tim.o(i.TIM_GetCap1D), (8 bytes).
    Removing n32h47x_48x_tim.o(i.TIM_GetCap2), (8 bytes).
    Removing n32h47x_48x_tim.o(i.TIM_GetCap2D), (8 bytes).
    Removing n32h47x_48x_tim.o(i.TIM_GetCap3), (8 bytes).
    Removing n32h47x_48x_tim.o(i.TIM_GetCap3D), (8 bytes).
    Removing n32h47x_48x_tim.o(i.TIM_GetCap4), (8 bytes).
    Removing n32h47x_48x_tim.o(i.TIM_GetCap4D), (8 bytes).
    Removing n32h47x_48x_tim.o(i.TIM_GetCap5), (8 bytes).
    Removing n32h47x_48x_tim.o(i.TIM_GetCap6), (8 bytes).
    Removing n32h47x_48x_tim.o(i.TIM_GetCap7), (8 bytes).
    Removing n32h47x_48x_tim.o(i.TIM_GetCap8), (8 bytes).
    Removing n32h47x_48x_tim.o(i.TIM_GetCap9), (8 bytes).
    Removing n32h47x_48x_tim.o(i.TIM_GetCnt), (6 bytes).
    Removing n32h47x_48x_tim.o(i.TIM_GetFiltStatus), (16 bytes).
    Removing n32h47x_48x_tim.o(i.TIM_GetFlagStatus), (16 bytes).
    Removing n32h47x_48x_tim.o(i.TIM_GetIntStatus), (242 bytes).
    Removing n32h47x_48x_tim.o(i.TIM_GetPrescaler), (8 bytes).
    Removing n32h47x_48x_tim.o(i.TIM_IC1FiltConfig), (136 bytes).
    Removing n32h47x_48x_tim.o(i.TIM_IC1FiltEnable), (22 bytes).
    Removing n32h47x_48x_tim.o(i.TIM_IC2FiltConfig), (136 bytes).
    Removing n32h47x_48x_tim.o(i.TIM_IC2FiltEnable), (22 bytes).
    Removing n32h47x_48x_tim.o(i.TIM_IC3FiltConfig), (136 bytes).
    Removing n32h47x_48x_tim.o(i.TIM_IC3FiltEnable), (22 bytes).
    Removing n32h47x_48x_tim.o(i.TIM_IC4FiltConfig), (136 bytes).
    Removing n32h47x_48x_tim.o(i.TIM_IC4FiltEnable), (22 bytes).
    Removing n32h47x_48x_tim.o(i.TIM_ICInit), (116 bytes).
    Removing n32h47x_48x_tim.o(i.TIM_InitBkdtStruct), (26 bytes).
    Removing n32h47x_48x_tim.o(i.TIM_InitIcStruct), (18 bytes).
    Removing n32h47x_48x_tim.o(i.TIM_InitOc1), (148 bytes).
    Removing n32h47x_48x_tim.o(i.TIM_InitOc2), (224 bytes).
    Removing n32h47x_48x_tim.o(i.TIM_InitOc3), (172 bytes).
    Removing n32h47x_48x_tim.o(i.TIM_InitOc4), (224 bytes).
    Removing n32h47x_48x_tim.o(i.TIM_InitOc5), (62 bytes).
    Removing n32h47x_48x_tim.o(i.TIM_InitOc6), (64 bytes).
    Removing n32h47x_48x_tim.o(i.TIM_InitOcStruct), (20 bytes).
    Removing n32h47x_48x_tim.o(i.TIM_InitTimBaseStruct), (30 bytes).
    Removing n32h47x_48x_tim.o(i.TIM_InitTimeBase), (892 bytes).
    Removing n32h47x_48x_tim.o(i.TIM_OCxRefTriggerADC), (18 bytes).
    Removing n32h47x_48x_tim.o(i.TIM_SelectCapCmpDmaSrc), (22 bytes).
    Removing n32h47x_48x_tim.o(i.TIM_SelectCenterAlignTrig), (14 bytes).
    Removing n32h47x_48x_tim.o(i.TIM_SelectComEvt), (22 bytes).
    Removing n32h47x_48x_tim.o(i.TIM_SelectETRInputSource), (14 bytes).
    Removing n32h47x_48x_tim.o(i.TIM_SelectHallSensor), (22 bytes).
    Removing n32h47x_48x_tim.o(i.TIM_SelectInputTrig), (112 bytes).
    Removing n32h47x_48x_tim.o(i.TIM_SelectMasterSlaveMode), (16 bytes).
    Removing n32h47x_48x_tim.o(i.TIM_SelectOcMode), (96 bytes).
    Removing n32h47x_48x_tim.o(i.TIM_SelectOnePulseMode), (16 bytes).
    Removing n32h47x_48x_tim.o(i.TIM_SelectOutputTrig), (16 bytes).
    Removing n32h47x_48x_tim.o(i.TIM_SelectOutputTrig2), (16 bytes).
    Removing n32h47x_48x_tim.o(i.TIM_SelectSlaveMode), (16 bytes).
    Removing n32h47x_48x_tim.o(i.TIM_SetAutoReload), (4 bytes).
    Removing n32h47x_48x_tim.o(i.TIM_SetClkDiv), (16 bytes).
    Removing n32h47x_48x_tim.o(i.TIM_SetCmp1), (14 bytes).
    Removing n32h47x_48x_tim.o(i.TIM_SetCmp1D), (14 bytes).
    Removing n32h47x_48x_tim.o(i.TIM_SetCmp2), (14 bytes).
    Removing n32h47x_48x_tim.o(i.TIM_SetCmp2D), (14 bytes).
    Removing n32h47x_48x_tim.o(i.TIM_SetCmp3), (14 bytes).
    Removing n32h47x_48x_tim.o(i.TIM_SetCmp3D), (14 bytes).
    Removing n32h47x_48x_tim.o(i.TIM_SetCmp4), (14 bytes).
    Removing n32h47x_48x_tim.o(i.TIM_SetCmp4D), (14 bytes).
    Removing n32h47x_48x_tim.o(i.TIM_SetCmp5), (4 bytes).
    Removing n32h47x_48x_tim.o(i.TIM_SetCmp6), (4 bytes).
    Removing n32h47x_48x_tim.o(i.TIM_SetCmp7), (4 bytes).
    Removing n32h47x_48x_tim.o(i.TIM_SetCmp8), (4 bytes).
    Removing n32h47x_48x_tim.o(i.TIM_SetCmp9), (4 bytes).
    Removing n32h47x_48x_tim.o(i.TIM_SetCnt), (4 bytes).
    Removing n32h47x_48x_tim.o(i.TIM_SetInCap1Prescaler), (16 bytes).
    Removing n32h47x_48x_tim.o(i.TIM_SetInCap2Prescaler), (18 bytes).
    Removing n32h47x_48x_tim.o(i.TIM_SetInCap3Prescaler), (16 bytes).
    Removing n32h47x_48x_tim.o(i.TIM_SetInCap4Prescaler), (18 bytes).
    Removing n32h47x_48x_usart.o(.rev16_text), (4 bytes).
    Removing n32h47x_48x_usart.o(.revsh_text), (4 bytes).
    Removing n32h47x_48x_usart.o(.rrx_text), (6 bytes).
    Removing n32h47x_48x_usart.o(i.USART_CfgDriverAssertTime), (18 bytes).
    Removing n32h47x_48x_usart.o(i.USART_CfgDriverdeassertTime), (18 bytes).
    Removing n32h47x_48x_usart.o(i.USART_CfgRTOWidth), (4 bytes).
    Removing n32h47x_48x_usart.o(i.USART_CfgRxFIFOThreshold), (18 bytes).
    Removing n32h47x_48x_usart.o(i.USART_CfgTxFIFOThreshold), (18 bytes).
    Removing n32h47x_48x_usart.o(i.USART_ClockInit), (28 bytes).
    Removing n32h47x_48x_usart.o(i.USART_ClockStructInit), (12 bytes).
    Removing n32h47x_48x_usart.o(i.USART_ClrFIFO), (10 bytes).
    Removing n32h47x_48x_usart.o(i.USART_ClrRTOFlag), (50 bytes).
    Removing n32h47x_48x_usart.o(i.USART_ConfigInt), (58 bytes).
    Removing n32h47x_48x_usart.o(i.USART_ConfigIrDAMode), (16 bytes).
    Removing n32h47x_48x_usart.o(i.USART_ConfigLINBreakDetectLength), (16 bytes).
    Removing n32h47x_48x_usart.o(i.USART_ConfigWakeUpMode), (16 bytes).
    Removing n32h47x_48x_usart.o(i.USART_DeInit), (152 bytes).
    Removing n32h47x_48x_usart.o(i.USART_DriverModeSet), (24 bytes).
    Removing n32h47x_48x_usart.o(i.USART_DriverPolaritySet), (24 bytes).
    Removing n32h47x_48x_usart.o(i.USART_EnableDMA), (18 bytes).
    Removing n32h47x_48x_usart.o(i.USART_EnableHalfDuplex), (22 bytes).
    Removing n32h47x_48x_usart.o(i.USART_EnableIrDA), (22 bytes).
    Removing n32h47x_48x_usart.o(i.USART_EnableLIN), (22 bytes).
    Removing n32h47x_48x_usart.o(i.USART_EnableRcvWakeUp), (22 bytes).
    Removing n32h47x_48x_usart.o(i.USART_EnableSmartCard), (22 bytes).
    Removing n32h47x_48x_usart.o(i.USART_FEFDiscardSet), (24 bytes).
    Removing n32h47x_48x_usart.o(i.USART_FIFOModeSet), (24 bytes).
    Removing n32h47x_48x_usart.o(i.USART_GetIntStatus), (58 bytes).
    Removing n32h47x_48x_usart.o(i.USART_GetRxFIFO_Num), (10 bytes).
    Removing n32h47x_48x_usart.o(i.USART_GetTxFIFO_Num), (10 bytes).
    Removing n32h47x_48x_usart.o(i.USART_IdleFrameSet), (24 bytes).
    Removing n32h47x_48x_usart.o(i.USART_IdleFrameWidthSet), (4 bytes).
    Removing n32h47x_48x_usart.o(i.USART_NEFDiscardSet), (24 bytes).
    Removing n32h47x_48x_usart.o(i.USART_PEFDiscardSet), (24 bytes).
    Removing n32h47x_48x_usart.o(i.USART_PinSwapSet), (24 bytes).
    Removing n32h47x_48x_usart.o(i.USART_RTOSet), (24 bytes).
    Removing n32h47x_48x_usart.o(i.USART_ReceiveData), (10 bytes).
    Removing n32h47x_48x_usart.o(i.USART_SendBreak), (10 bytes).
    Removing n32h47x_48x_usart.o(i.USART_SetAddr), (16 bytes).
    Removing n32h47x_48x_usart.o(i.USART_SetGuardTime), (18 bytes).
    Removing n32h47x_48x_usart.o(i.USART_SetPrescaler), (16 bytes).
    Removing n32h47x_48x_usart.o(i.USART_SetSmartCardNACK), (22 bytes).
    Removing n32h47x_48x_vrefbuf.o(.rev16_text), (4 bytes).
    Removing n32h47x_48x_vrefbuf.o(.revsh_text), (4 bytes).
    Removing n32h47x_48x_vrefbuf.o(.rrx_text), (6 bytes).
    Removing n32h47x_48x_vrefbuf.o(i.VREFBUF_Enable), (36 bytes).
    Removing n32h47x_48x_vrefbuf.o(i.VREFBUF_EnableHIM), (36 bytes).
    Removing n32h47x_48x_vrefbuf.o(i.VREFBUF_EnableTrim), (36 bytes).
    Removing n32h47x_48x_vrefbuf.o(i.VREFBUF_IsVREFReady), (16 bytes).
    Removing n32h47x_48x_vrefbuf.o(i.VREFBUF_SetTrimming), (20 bytes).
    Removing n32h47x_48x_vrefbuf.o(i.VREFBUF_SetVoltageScale), (20 bytes).
    Removing n32h47x_48x_wwdg.o(.rev16_text), (4 bytes).
    Removing n32h47x_48x_wwdg.o(.revsh_text), (4 bytes).
    Removing n32h47x_48x_wwdg.o(.rrx_text), (6 bytes).
    Removing n32h47x_48x_wwdg.o(i.WWDG_ClrEWINTF), (12 bytes).
    Removing n32h47x_48x_wwdg.o(i.WWDG_DeInit), (12 bytes).
    Removing n32h47x_48x_wwdg.o(i.WWDG_Enable), (16 bytes).
    Removing n32h47x_48x_wwdg.o(i.WWDG_EnableInt), (20 bytes).
    Removing n32h47x_48x_wwdg.o(i.WWDG_GetEWINTF), (24 bytes).
    Removing n32h47x_48x_wwdg.o(i.WWDG_SetCnt), (16 bytes).
    Removing n32h47x_48x_wwdg.o(i.WWDG_SetPrescalerDiv), (20 bytes).
    Removing n32h47x_48x_wwdg.o(i.WWDG_SetWValue), (40 bytes).
    Removing n32h47x_48x_xspi.o(.rev16_text), (4 bytes).
    Removing n32h47x_48x_xspi.o(.revsh_text), (4 bytes).
    Removing n32h47x_48x_xspi.o(.rrx_text), (6 bytes).
    Removing n32h47x_48x_xspi.o(i.XSPI_ClearITBit), (72 bytes).
    Removing n32h47x_48x_xspi.o(i.XSPI_ClrFifo), (32 bytes).
    Removing n32h47x_48x_xspi.o(i.XSPI_Cmd), (36 bytes).
    Removing n32h47x_48x_xspi.o(i.XSPI_ConfigDMARxLevel), (12 bytes).
    Removing n32h47x_48x_xspi.o(i.XSPI_ConfigDMATxLevel), (12 bytes).
    Removing n32h47x_48x_xspi.o(i.XSPI_ConfigInt), (44 bytes).
    Removing n32h47x_48x_xspi.o(i.XSPI_DeInit), (10 bytes).
    Removing n32h47x_48x_xspi.o(i.XSPI_EnableDMA), (32 bytes).
    Removing n32h47x_48x_xspi.o(i.XSPI_GetBusyStatus), (24 bytes).
    Removing n32h47x_48x_xspi.o(i.XSPI_GetDataConflictErrorStatus), (24 bytes).
    Removing n32h47x_48x_xspi.o(i.XSPI_GetDataPointer), (8 bytes).
    Removing n32h47x_48x_xspi.o(i.XSPI_GetFifoData), (38 bytes).
    Removing n32h47x_48x_xspi.o(i.XSPI_GetFlagStatus), (24 bytes).
    Removing n32h47x_48x_xspi.o(i.XSPI_GetINTStatus), (28 bytes).
    Removing n32h47x_48x_xspi.o(i.XSPI_GetRXFIFOLevel), (12 bytes).
    Removing n32h47x_48x_xspi.o(i.XSPI_GetRxDataFullStatus), (24 bytes).
    Removing n32h47x_48x_xspi.o(i.XSPI_GetRxHaveDataStatus), (24 bytes).
    Removing n32h47x_48x_xspi.o(i.XSPI_GetTXFIFOLevel), (12 bytes).
    Removing n32h47x_48x_xspi.o(i.XSPI_GetTxDataBusyStatus), (24 bytes).
    Removing n32h47x_48x_xspi.o(i.XSPI_GetTxDataEmptyStatus), (24 bytes).
    Removing n32h47x_48x_xspi.o(i.XSPI_Init), (652 bytes).
    Removing n32h47x_48x_xspi.o(i.XSPI_ReadRxFifoNum), (12 bytes).
    Removing n32h47x_48x_xspi.o(i.XSPI_ReadTxFifoNum), (12 bytes).
    Removing n32h47x_48x_xspi.o(i.XSPI_ReceiveData), (12 bytes).
    Removing n32h47x_48x_xspi.o(i.XSPI_SendAndGetWords), (92 bytes).
    Removing n32h47x_48x_xspi.o(i.XSPI_SendData), (12 bytes).
    Removing n32h47x_48x_xspi.o(i.XSPI_SendWordAndGetWords), (58 bytes).
    Removing n32h47x_48x_xspi.o(i.XSPI_SetRXFIFOLevel), (28 bytes).
    Removing n32h47x_48x_xspi.o(i.XSPI_SetTXFIFOLevel), (28 bytes).
    Removing n32h47x_48x_xspi.o(i.XSPI_SetTXFIFOStartLevel), (28 bytes).
    Removing n32h47x_48x_xspi.o(i.XSPI_SetTransType), (36 bytes).
    Removing n32h47x_48x_xspi.o(i.XSPI_SetWaitCycles), (36 bytes).
    Removing n32h47x_48x_xspi.o(i.XSPI_StructInit), (134 bytes).
    Removing n32h47x_48x_xspi.o(i.XSPI_XIP_Cmd), (44 bytes).
    Removing led.o(.rev16_text), (4 bytes).
    Removing led.o(.revsh_text), (4 bytes).
    Removing led.o(.rrx_text), (6 bytes).
    Removing led.o(i.LED), (116 bytes).
    Removing led.o(i.LED_Configuration), (200 bytes).
    Removing led.o(.bss), (60 bytes).
    Removing led.o(.constdata), (60 bytes).
    Removing usart.o(.rev16_text), (4 bytes).
    Removing usart.o(.revsh_text), (4 bytes).
    Removing usart.o(.rrx_text), (6 bytes).
    Removing usart.o(i.fputc), (36 bytes).
    Removing tim.o(.rev16_text), (4 bytes).
    Removing tim.o(.revsh_text), (4 bytes).
    Removing tim.o(.rrx_text), (6 bytes).
    Removing adc.o(.rev16_text), (4 bytes).
    Removing adc.o(.revsh_text), (4 bytes).
    Removing adc.o(.rrx_text), (6 bytes).
    Removing crc.o(i.ParseModbusMessage), (328 bytes).
    Removing crc.o(i.ParseModbusRespond), (264 bytes).
    Removing crc.o(i.get_function_code_description), (344 bytes).
    Removing crc.o(i.get_reg_addr_description), (124 bytes).
    Removing crc.o(i.usMBCRC161), (56 bytes).
    Removing crc.o(.constdata), (512 bytes).
    Removing init.o(.rev16_text), (4 bytes).
    Removing init.o(.revsh_text), (4 bytes).
    Removing init.o(.rrx_text), (6 bytes).
    Removing init.o(i.ADC_INIT), (250 bytes).
    Removing init.o(i.DWT_INIT), (40 bytes).
    Removing init.o(i.GPIO_INIT), (68 bytes).
    Removing init.o(i.GPIO_Write_Delayms), (32 bytes).
    Removing init.o(i.GPIO_Write_Delayus), (32 bytes).
    Removing init.o(i.RCC_INIT), (748 bytes).
    Removing init.o(i.SI2C_INIT), (136 bytes).
    Removing init.o(i.USART_INIT), (344 bytes).
    Removing init.o(i.USARTx_IRQn), (120 bytes).
    Removing init.o(i.delay_loop), (30 bytes).
    Removing init.o(i.delay_ms), (24 bytes).
    Removing init.o(i.delay_us), (48 bytes).
    Removing init.o(.constdata), (92 bytes).
    Removing dfltui.o(.text), (26 bytes).
    Removing dfltul.o(.text), (24 bytes).
    Removing dfixui.o(.text), (50 bytes).

1711 unused section(s) (total 70810 bytes) removed from the image.

==============================================================================

Image Symbol Table

    Local Symbols

    Symbol Name                              Value     Ov Type        Size  Object(Section)

    ../clib/microlib/division.c              0x00000000   Number         0  uldiv.o ABSOLUTE
    ../clib/microlib/division.c              0x00000000   Number         0  uidiv.o ABSOLUTE
    ../clib/microlib/init/entry.s            0x00000000   Number         0  entry10a.o ABSOLUTE
    ../clib/microlib/init/entry.s            0x00000000   Number         0  entry10b.o ABSOLUTE
    ../clib/microlib/init/entry.s            0x00000000   Number         0  entry.o ABSOLUTE
    ../clib/microlib/init/entry.s            0x00000000   Number         0  entry9a.o ABSOLUTE
    ../clib/microlib/init/entry.s            0x00000000   Number         0  entry11b.o ABSOLUTE
    ../clib/microlib/init/entry.s            0x00000000   Number         0  entry11a.o ABSOLUTE
    ../clib/microlib/init/entry.s            0x00000000   Number         0  entry9b.o ABSOLUTE
    ../clib/microlib/init/entry.s            0x00000000   Number         0  entry8b.o ABSOLUTE
    ../clib/microlib/init/entry.s            0x00000000   Number         0  entry8a.o ABSOLUTE
    ../clib/microlib/init/entry.s            0x00000000   Number         0  entry7b.o ABSOLUTE
    ../clib/microlib/init/entry.s            0x00000000   Number         0  entry7a.o ABSOLUTE
    ../clib/microlib/init/entry.s            0x00000000   Number         0  entry5.o ABSOLUTE
    ../clib/microlib/init/entry.s            0x00000000   Number         0  entry2.o ABSOLUTE
    ../clib/microlib/longlong.c              0x00000000   Number         0  llsshr.o ABSOLUTE
    ../clib/microlib/longlong.c              0x00000000   Number         0  llshl.o ABSOLUTE
    ../clib/microlib/longlong.c              0x00000000   Number         0  llushr.o ABSOLUTE
    ../clib/microlib/printf/printf.c         0x00000000   Number         0  printfa.o ABSOLUTE
    ../clib/microlib/printf/printf.c         0x00000000   Number         0  printfb.o ABSOLUTE
    ../clib/microlib/printf/printf.c         0x00000000   Number         0  printf0.o ABSOLUTE
    ../clib/microlib/printf/printf.c         0x00000000   Number         0  printf1.o ABSOLUTE
    ../clib/microlib/printf/printf.c         0x00000000   Number         0  printf2.o ABSOLUTE
    ../clib/microlib/printf/printf.c         0x00000000   Number         0  printf3.o ABSOLUTE
    ../clib/microlib/printf/printf.c         0x00000000   Number         0  printf8.o ABSOLUTE
    ../clib/microlib/printf/printf.c         0x00000000   Number         0  printf4.o ABSOLUTE
    ../clib/microlib/printf/printf.c         0x00000000   Number         0  printf5.o ABSOLUTE
    ../clib/microlib/printf/printf.c         0x00000000   Number         0  printf6.o ABSOLUTE
    ../clib/microlib/printf/printf.c         0x00000000   Number         0  printf7.o ABSOLUTE
    ../clib/microlib/printf/stubs.s          0x00000000   Number         0  stubs.o ABSOLUTE
    ../clib/microlib/stdio/streams.c         0x00000000   Number         0  stdout.o ABSOLUTE
    ../clib/microlib/string/memcpy.c         0x00000000   Number         0  memcpya.o ABSOLUTE
    ../clib/microlib/string/memcpy.c         0x00000000   Number         0  memcpyb.o ABSOLUTE
    ../clib/microlib/string/memset.c         0x00000000   Number         0  memseta.o ABSOLUTE
    ../clib/microlib/string/strlen.c         0x00000000   Number         0  strlen.o ABSOLUTE
    ../clib/microlib/stubs.s                 0x00000000   Number         0  iusefp.o ABSOLUTE
    ../fplib/microlib/fpadd.c                0x00000000   Number         0  dadd.o ABSOLUTE
    ../fplib/microlib/fpdiv.c                0x00000000   Number         0  ddiv.o ABSOLUTE
    ../fplib/microlib/fpepilogue.c           0x00000000   Number         0  depilogue.o ABSOLUTE
    ../fplib/microlib/fpfix.c                0x00000000   Number         0  dfixul.o ABSOLUTE
    ../fplib/microlib/fpfix.c                0x00000000   Number         0  dfixui.o ABSOLUTE
    ../fplib/microlib/fpflt.c                0x00000000   Number         0  dfltul.o ABSOLUTE
    ../fplib/microlib/fpflt.c                0x00000000   Number         0  dfltui.o ABSOLUTE
    ../fplib/microlib/fpmul.c                0x00000000   Number         0  dmul.o ABSOLUTE
    ../mathlib/floor.c                       0x00000000   Number         0  floor.o ABSOLUTE
    ..\CORE\startup_n32h487.s                0x00000000   Number         0  startup_n32h487.o ABSOLUTE
    ..\FWLIB\src\misc.c                      0x00000000   Number         0  misc.o ABSOLUTE
    ..\FWLIB\src\n32h47x_48x_adc.c           0x00000000   Number         0  n32h47x_48x_adc.o ABSOLUTE
    ..\FWLIB\src\n32h47x_48x_comp.c          0x00000000   Number         0  n32h47x_48x_comp.o ABSOLUTE
    ..\FWLIB\src\n32h47x_48x_cordic.c        0x00000000   Number         0  n32h47x_48x_cordic.o ABSOLUTE
    ..\FWLIB\src\n32h47x_48x_crc.c           0x00000000   Number         0  n32h47x_48x_crc.o ABSOLUTE
    ..\FWLIB\src\n32h47x_48x_dac.c           0x00000000   Number         0  n32h47x_48x_dac.o ABSOLUTE
    ..\FWLIB\src\n32h47x_48x_dbg.c           0x00000000   Number         0  n32h47x_48x_dbg.o ABSOLUTE
    ..\FWLIB\src\n32h47x_48x_dma.c           0x00000000   Number         0  n32h47x_48x_dma.o ABSOLUTE
    ..\FWLIB\src\n32h47x_48x_dvp.c           0x00000000   Number         0  n32h47x_48x_dvp.o ABSOLUTE
    ..\FWLIB\src\n32h47x_48x_eth.c           0x00000000   Number         0  n32h47x_48x_eth.o ABSOLUTE
    ..\FWLIB\src\n32h47x_48x_exti.c          0x00000000   Number         0  n32h47x_48x_exti.o ABSOLUTE
    ..\FWLIB\src\n32h47x_48x_fdcan.c         0x00000000   Number         0  n32h47x_48x_fdcan.o ABSOLUTE
    ..\FWLIB\src\n32h47x_48x_femc.c          0x00000000   Number         0  n32h47x_48x_femc.o ABSOLUTE
    ..\FWLIB\src\n32h47x_48x_flash.c         0x00000000   Number         0  n32h47x_48x_flash.o ABSOLUTE
    ..\FWLIB\src\n32h47x_48x_fmac.c          0x00000000   Number         0  n32h47x_48x_fmac.o ABSOLUTE
    ..\FWLIB\src\n32h47x_48x_gpio.c          0x00000000   Number         0  n32h47x_48x_gpio.o ABSOLUTE
    ..\FWLIB\src\n32h47x_48x_i2c.c           0x00000000   Number         0  n32h47x_48x_i2c.o ABSOLUTE
    ..\FWLIB\src\n32h47x_48x_iwdg.c          0x00000000   Number         0  n32h47x_48x_iwdg.o ABSOLUTE
    ..\FWLIB\src\n32h47x_48x_lptim.c         0x00000000   Number         0  n32h47x_48x_lptim.o ABSOLUTE
    ..\FWLIB\src\n32h47x_48x_pga.c           0x00000000   Number         0  n32h47x_48x_pga.o ABSOLUTE
    ..\FWLIB\src\n32h47x_48x_pwr.c           0x00000000   Number         0  n32h47x_48x_pwr.o ABSOLUTE
    ..\FWLIB\src\n32h47x_48x_rcc.c           0x00000000   Number         0  n32h47x_48x_rcc.o ABSOLUTE
    ..\FWLIB\src\n32h47x_48x_rtc.c           0x00000000   Number         0  n32h47x_48x_rtc.o ABSOLUTE
    ..\FWLIB\src\n32h47x_48x_sdio.c          0x00000000   Number         0  n32h47x_48x_sdio.o ABSOLUTE
    ..\FWLIB\src\n32h47x_48x_shrtim.c        0x00000000   Number         0  n32h47x_48x_shrtim.o ABSOLUTE
    ..\FWLIB\src\n32h47x_48x_spi.c           0x00000000   Number         0  n32h47x_48x_spi.o ABSOLUTE
    ..\FWLIB\src\n32h47x_48x_tim.c           0x00000000   Number         0  n32h47x_48x_tim.o ABSOLUTE
    ..\FWLIB\src\n32h47x_48x_usart.c         0x00000000   Number         0  n32h47x_48x_usart.o ABSOLUTE
    ..\FWLIB\src\n32h47x_48x_vrefbuf.c       0x00000000   Number         0  n32h47x_48x_vrefbuf.o ABSOLUTE
    ..\FWLIB\src\n32h47x_48x_wwdg.c          0x00000000   Number         0  n32h47x_48x_wwdg.o ABSOLUTE
    ..\FWLIB\src\n32h47x_48x_xspi.c          0x00000000   Number         0  n32h47x_48x_xspi.o ABSOLUTE
    ..\SYSTEM\src\adc.c                      0x00000000   Number         0  adc.o ABSOLUTE
    ..\SYSTEM\src\led.c                      0x00000000   Number         0  led.o ABSOLUTE
    ..\SYSTEM\src\tim.c                      0x00000000   Number         0  tim.o ABSOLUTE
    ..\SYSTEM\src\usart.c                    0x00000000   Number         0  usart.o ABSOLUTE
    ..\UTILS\src\CRC.c                       0x00000000   Number         0  crc.o ABSOLUTE
    ..\UTILS\src\init.c                      0x00000000   Number         0  init.o ABSOLUTE
    ..\\FWLIB\\src\\misc.c                   0x00000000   Number         0  misc.o ABSOLUTE
    ..\\FWLIB\\src\\n32h47x_48x_adc.c        0x00000000   Number         0  n32h47x_48x_adc.o ABSOLUTE
    ..\\FWLIB\\src\\n32h47x_48x_comp.c       0x00000000   Number         0  n32h47x_48x_comp.o ABSOLUTE
    ..\\FWLIB\\src\\n32h47x_48x_cordic.c     0x00000000   Number         0  n32h47x_48x_cordic.o ABSOLUTE
    ..\\FWLIB\\src\\n32h47x_48x_crc.c        0x00000000   Number         0  n32h47x_48x_crc.o ABSOLUTE
    ..\\FWLIB\\src\\n32h47x_48x_dac.c        0x00000000   Number         0  n32h47x_48x_dac.o ABSOLUTE
    ..\\FWLIB\\src\\n32h47x_48x_dbg.c        0x00000000   Number         0  n32h47x_48x_dbg.o ABSOLUTE
    ..\\FWLIB\\src\\n32h47x_48x_dma.c        0x00000000   Number         0  n32h47x_48x_dma.o ABSOLUTE
    ..\\FWLIB\\src\\n32h47x_48x_dvp.c        0x00000000   Number         0  n32h47x_48x_dvp.o ABSOLUTE
    ..\\FWLIB\\src\\n32h47x_48x_eth.c        0x00000000   Number         0  n32h47x_48x_eth.o ABSOLUTE
    ..\\FWLIB\\src\\n32h47x_48x_exti.c       0x00000000   Number         0  n32h47x_48x_exti.o ABSOLUTE
    ..\\FWLIB\\src\\n32h47x_48x_fdcan.c      0x00000000   Number         0  n32h47x_48x_fdcan.o ABSOLUTE
    ..\\FWLIB\\src\\n32h47x_48x_femc.c       0x00000000   Number         0  n32h47x_48x_femc.o ABSOLUTE
    ..\\FWLIB\\src\\n32h47x_48x_flash.c      0x00000000   Number         0  n32h47x_48x_flash.o ABSOLUTE
    ..\\FWLIB\\src\\n32h47x_48x_fmac.c       0x00000000   Number         0  n32h47x_48x_fmac.o ABSOLUTE
    ..\\FWLIB\\src\\n32h47x_48x_gpio.c       0x00000000   Number         0  n32h47x_48x_gpio.o ABSOLUTE
    ..\\FWLIB\\src\\n32h47x_48x_i2c.c        0x00000000   Number         0  n32h47x_48x_i2c.o ABSOLUTE
    ..\\FWLIB\\src\\n32h47x_48x_iwdg.c       0x00000000   Number         0  n32h47x_48x_iwdg.o ABSOLUTE
    ..\\FWLIB\\src\\n32h47x_48x_lptim.c      0x00000000   Number         0  n32h47x_48x_lptim.o ABSOLUTE
    ..\\FWLIB\\src\\n32h47x_48x_pga.c        0x00000000   Number         0  n32h47x_48x_pga.o ABSOLUTE
    ..\\FWLIB\\src\\n32h47x_48x_pwr.c        0x00000000   Number         0  n32h47x_48x_pwr.o ABSOLUTE
    ..\\FWLIB\\src\\n32h47x_48x_rcc.c        0x00000000   Number         0  n32h47x_48x_rcc.o ABSOLUTE
    ..\\FWLIB\\src\\n32h47x_48x_rtc.c        0x00000000   Number         0  n32h47x_48x_rtc.o ABSOLUTE
    ..\\FWLIB\\src\\n32h47x_48x_sdio.c       0x00000000   Number         0  n32h47x_48x_sdio.o ABSOLUTE
    ..\\FWLIB\\src\\n32h47x_48x_shrtim.c     0x00000000   Number         0  n32h47x_48x_shrtim.o ABSOLUTE
    ..\\FWLIB\\src\\n32h47x_48x_spi.c        0x00000000   Number         0  n32h47x_48x_spi.o ABSOLUTE
    ..\\FWLIB\\src\\n32h47x_48x_tim.c        0x00000000   Number         0  n32h47x_48x_tim.o ABSOLUTE
    ..\\FWLIB\\src\\n32h47x_48x_usart.c      0x00000000   Number         0  n32h47x_48x_usart.o ABSOLUTE
    ..\\FWLIB\\src\\n32h47x_48x_vrefbuf.c    0x00000000   Number         0  n32h47x_48x_vrefbuf.o ABSOLUTE
    ..\\FWLIB\\src\\n32h47x_48x_wwdg.c       0x00000000   Number         0  n32h47x_48x_wwdg.o ABSOLUTE
    ..\\FWLIB\\src\\n32h47x_48x_xspi.c       0x00000000   Number         0  n32h47x_48x_xspi.o ABSOLUTE
    ..\\SYSTEM\\src\\adc.c                   0x00000000   Number         0  adc.o ABSOLUTE
    ..\\SYSTEM\\src\\led.c                   0x00000000   Number         0  led.o ABSOLUTE
    ..\\SYSTEM\\src\\tim.c                   0x00000000   Number         0  tim.o ABSOLUTE
    ..\\SYSTEM\\src\\usart.c                 0x00000000   Number         0  usart.o ABSOLUTE
    ..\\UTILS\\src\\init.c                   0x00000000   Number         0  init.o ABSOLUTE
    cdrcmple.s                               0x00000000   Number         0  cdrcmple.o ABSOLUTE
    dc.s                                     0x00000000   Number         0  dc.o ABSOLUTE
    handlers.s                               0x00000000   Number         0  handlers.o ABSOLUTE
    init.s                                   0x00000000   Number         0  init.o ABSOLUTE
    main.c                                   0x00000000   Number         0  main.o ABSOLUTE
    main.c                                   0x00000000   Number         0  main.o ABSOLUTE
    n32h47x_48x_it.c                         0x00000000   Number         0  n32h47x_48x_it.o ABSOLUTE
    n32h47x_48x_it.c                         0x00000000   Number         0  n32h47x_48x_it.o ABSOLUTE
    system_n32h47x_48x.c                     0x00000000   Number         0  system_n32h47x_48x.o ABSOLUTE
    system_n32h47x_48x.c                     0x00000000   Number         0  system_n32h47x_48x.o ABSOLUTE
    RESET                                    0x08000000   Section      536  startup_n32h487.o(RESET)
    .ARM.Collect$$$$00000000                 0x08000218   Section        0  entry.o(.ARM.Collect$$$$00000000)
    .ARM.Collect$$$$00000001                 0x08000218   Section        4  entry2.o(.ARM.Collect$$$$00000001)
    .ARM.Collect$$$$00000004                 0x0800021c   Section        4  entry5.o(.ARM.Collect$$$$00000004)
    .ARM.Collect$$$$00000008                 0x08000220   Section        0  entry7b.o(.ARM.Collect$$$$00000008)
    .ARM.Collect$$$$0000000A                 0x08000220   Section        0  entry8b.o(.ARM.Collect$$$$0000000A)
    .ARM.Collect$$$$0000000B                 0x08000220   Section        8  entry9a.o(.ARM.Collect$$$$0000000B)
    .ARM.Collect$$$$0000000D                 0x08000228   Section        0  entry10a.o(.ARM.Collect$$$$0000000D)
    .ARM.Collect$$$$0000000F                 0x08000228   Section        0  entry11a.o(.ARM.Collect$$$$0000000F)
    .ARM.Collect$$$$00002712                 0x08000228   Section        4  entry2.o(.ARM.Collect$$$$00002712)
    __lit__00000000                          0x08000228   Data           4  entry2.o(.ARM.Collect$$$$00002712)
    .text                                    0x0800022c   Section       36  startup_n32h487.o(.text)
    $v0                                      0x0800022c   Number         0  startup_n32h487.o(.text)
    .text                                    0x08000250   Section        0  uldiv.o(.text)
    .text                                    0x080002b2   Section        0  llshl.o(.text)
    .text                                    0x080002d0   Section        0  llushr.o(.text)
    .text                                    0x080002f0   Section        0  strlen.o(.text)
    .text                                    0x080002fe   Section        0  uidiv.o(.text)
    .text                                    0x0800032a   Section        0  depilogue.o(.text)
    .text                                    0x0800032a   Section        0  iusefp.o(.text)
    .text                                    0x080003e4   Section        0  dadd.o(.text)
    .text                                    0x08000532   Section        0  dmul.o(.text)
    .text                                    0x08000616   Section        0  ddiv.o(.text)
    .text                                    0x080006f4   Section        0  dfixul.o(.text)
    .text                                    0x08000724   Section       48  cdrcmple.o(.text)
    .text                                    0x08000754   Section       36  init.o(.text)
    .text                                    0x08000778   Section        0  llsshr.o(.text)
    i.ADC_CalibrationOperation               0x0800079c   Section        0  n32h47x_48x_adc.o(i.ADC_CalibrationOperation)
    i.ADC_ClearFlag                          0x080007bc   Section        0  n32h47x_48x_adc.o(i.ADC_ClearFlag)
    i.ADC_ConfigClk                          0x080007c4   Section        0  n32h47x_48x_adc.o(i.ADC_ConfigClk)
    i.ADC_ConfigRegularChannel               0x0800084c   Section        0  n32h47x_48x_adc.o(i.ADC_ConfigRegularChannel)
    i.ADC_Enable                             0x0800091c   Section        0  n32h47x_48x_adc.o(i.ADC_Enable)
    i.ADC_EnableSoftwareStartConv            0x08000932   Section        0  n32h47x_48x_adc.o(i.ADC_EnableSoftwareStartConv)
    i.ADC_GetCalibrationStatus               0x08000948   Section        0  n32h47x_48x_adc.o(i.ADC_GetCalibrationStatus)
    i.ADC_GetDat                             0x08000974   Section        0  n32h47x_48x_adc.o(i.ADC_GetDat)
    i.ADC_GetFlagStatus                      0x0800097e   Section        0  n32h47x_48x_adc.o(i.ADC_GetFlagStatus)
    i.ADC_Init                               0x08000990   Section        0  n32h47x_48x_adc.o(i.ADC_Init)
    i.ADC_Initial                            0x08000a00   Section        0  adc.o(i.ADC_Initial)
    i.ADC_SelectClockMode                    0x08000a70   Section        0  n32h47x_48x_adc.o(i.ADC_SelectClockMode)
    i.ADC_init                               0x08000a88   Section        0  adc.o(i.ADC_init)
    i.BusFault_Handler                       0x08000aa8   Section        0  n32h47x_48x_it.o(i.BusFault_Handler)
    i.DMA_Config                             0x08000aac   Section        0  adc.o(i.DMA_Config)
    i.DMA_DeInit                             0x08000b0c   Section        0  n32h47x_48x_dma.o(i.DMA_DeInit)
    i.DMA_EnableChannel                      0x08000cc4   Section        0  n32h47x_48x_dma.o(i.DMA_EnableChannel)
    i.DMA_Init                               0x08000cdc   Section        0  n32h47x_48x_dma.o(i.DMA_Init)
    i.DMA_RequestRemap                       0x08000d40   Section        0  n32h47x_48x_dma.o(i.DMA_RequestRemap)
    i.DebugMon_Handler                       0x08000d4c   Section        0  n32h47x_48x_it.o(i.DebugMon_Handler)
    i.GPIO_Configuration                     0x08000d50   Section        0  usart.o(i.GPIO_Configuration)
    i.GPIO_Configuration_ADC                 0x08000d90   Section        0  adc.o(i.GPIO_Configuration_ADC)
    i.GPIO_InitPeripheral                    0x08000dac   Section        0  n32h47x_48x_gpio.o(i.GPIO_InitPeripheral)
    i.GPIO_InitStruct                        0x08000e4c   Section        0  n32h47x_48x_gpio.o(i.GPIO_InitStruct)
    i.HardFault_Handler                      0x08000e5e   Section        0  n32h47x_48x_it.o(i.HardFault_Handler)
    i.MemManage_Handler                      0x08000e62   Section        0  n32h47x_48x_it.o(i.MemManage_Handler)
    i.NMI_Handler                            0x08000e66   Section        0  n32h47x_48x_it.o(i.NMI_Handler)
    i.RCC_ConfigAdc1mClk                     0x08000e68   Section        0  n32h47x_48x_rcc.o(i.RCC_ConfigAdc1mClk)
    i.RCC_ConfigAdcHclk                      0x08000e84   Section        0  n32h47x_48x_rcc.o(i.RCC_ConfigAdcHclk)
    i.RCC_ConfigAdcPllClk                    0x08000e98   Section        0  n32h47x_48x_rcc.o(i.RCC_ConfigAdcPllClk)
    i.RCC_Configuration                      0x08000eb8   Section        0  usart.o(i.RCC_Configuration)
    i.RCC_Configuration_ADC                  0x08000ed4   Section        0  adc.o(i.RCC_Configuration_ADC)
    i.RCC_EnableAHB1PeriphClk                0x08000f04   Section        0  n32h47x_48x_rcc.o(i.RCC_EnableAHB1PeriphClk)
    i.RCC_EnableAHBPeriphClk                 0x08000f24   Section        0  n32h47x_48x_rcc.o(i.RCC_EnableAHBPeriphClk)
    i.RCC_EnableAPB2PeriphClk                0x08000f44   Section        0  n32h47x_48x_rcc.o(i.RCC_EnableAPB2PeriphClk)
    i.RCC_GetClocksFreqValue                 0x08000f64   Section        0  n32h47x_48x_rcc.o(i.RCC_GetClocksFreqValue)
    i.SVC_Handler                            0x0800117c   Section        0  n32h47x_48x_it.o(i.SVC_Handler)
    i.SetStartupVolt                         0x08001180   Section        0  system_n32h47x_48x.o(i.SetStartupVolt)
    SetStartupVolt                           0x08001181   Thumb Code   138  system_n32h47x_48x.o(i.SetStartupVolt)
    i.SetSysClock                            0x0800121c   Section        0  system_n32h47x_48x.o(i.SetSysClock)
    SetSysClock                              0x0800121d   Thumb Code   182  system_n32h47x_48x.o(i.SetSysClock)
    i.SysTick_Handler                        0x080012ec   Section        0  n32h47x_48x_it.o(i.SysTick_Handler)
    i.SystemInit                             0x080012f0   Section        0  system_n32h47x_48x.o(i.SystemInit)
    i.USART1_init                            0x08001388   Section        0  usart.o(i.USART1_init)
    i.USART_ClrFlag                          0x080013c8   Section        0  n32h47x_48x_usart.o(i.USART_ClrFlag)
    i.USART_Enable                           0x080013dc   Section        0  n32h47x_48x_usart.o(i.USART_Enable)
    i.USART_GetFlagStatus                    0x080013f2   Section        0  n32h47x_48x_usart.o(i.USART_GetFlagStatus)
    i.USART_Init                             0x08001404   Section        0  n32h47x_48x_usart.o(i.USART_Init)
    i.USART_Print                            0x080014fc   Section        0  usart.o(i.USART_Print)
    i.USART_SendData                         0x0800153c   Section        0  n32h47x_48x_usart.o(i.USART_SendData)
    i.USART_SendStr                          0x08001544   Section        0  usart.o(i.USART_SendStr)
    i.USART_StructInit                       0x08001596   Section        0  n32h47x_48x_usart.o(i.USART_StructInit)
    i.UsageFault_Handler                     0x080015b0   Section        0  n32h47x_48x_it.o(i.UsageFault_Handler)
    i.__0vsnprintf                           0x080015b4   Section        0  printfa.o(i.__0vsnprintf)
    i.__scatterload_copy                     0x080015e0   Section       14  handlers.o(i.__scatterload_copy)
    i.__scatterload_null                     0x080015ee   Section        2  handlers.o(i.__scatterload_null)
    i.__scatterload_zeroinit                 0x080015f0   Section       14  handlers.o(i.__scatterload_zeroinit)
    i._fp_digits                             0x08001600   Section        0  printfa.o(i._fp_digits)
    _fp_digits                               0x08001601   Thumb Code   366  printfa.o(i._fp_digits)
    i._printf_core                           0x08001784   Section        0  printfa.o(i._printf_core)
    _printf_core                             0x08001785   Thumb Code  1744  printfa.o(i._printf_core)
    i._printf_post_padding                   0x08001e60   Section        0  printfa.o(i._printf_post_padding)
    _printf_post_padding                     0x08001e61   Thumb Code    36  printfa.o(i._printf_post_padding)
    i._printf_pre_padding                    0x08001e84   Section        0  printfa.o(i._printf_pre_padding)
    _printf_pre_padding                      0x08001e85   Thumb Code    46  printfa.o(i._printf_pre_padding)
    i._snputc                                0x08001eb2   Section        0  printfa.o(i._snputc)
    _snputc                                  0x08001eb3   Thumb Code    22  printfa.o(i._snputc)
    i.main                                   0x08001ec8   Section        0  main.o(i.main)
    .constdata                               0x08001f24   Section       16  n32h47x_48x_rcc.o(.constdata)
    .data                                    0x20000000   Section        2  adc.o(.data)
    .bss                                     0x20000004   Section       28  usart.o(.bss)
    .bss                                     0x20000020   Section       80  adc.o(.bss)
    STACK                                    0x20000070   Section     4096  startup_n32h487.o(STACK)

    Global Symbols

    Symbol Name                              Value     Ov Type        Size  Object(Section)

    BuildAttributes$$THM_ISAv4$E$P$D$K$B$S$7EM$VFPi3$EXTD16$VFPS$VFMA$PE$A:L22UL41UL21$X:L11$S22US41US21$IEEE1$IW$USESV6$~STKCKD$USESV7$~SHL$OTIME$ROPI$IEEEJ$EBA8$MICROLIB$REQ8$PRES8$EABIv2 0x00000000   Number         0  anon$$obj.o ABSOLUTE
    __ARM_use_no_argv                        0x00000000   Number         0  main.o ABSOLUTE
    _printf_a                                0x00000000   Number         0  stubs.o ABSOLUTE
    _printf_c                                0x00000000   Number         0  stubs.o ABSOLUTE
    _printf_charcount                        0x00000000   Number         0  stubs.o ABSOLUTE
    _printf_d                                0x00000000   Number         0  stubs.o ABSOLUTE
    _printf_e                                0x00000000   Number         0  stubs.o ABSOLUTE
    _printf_f                                0x00000000   Number         0  stubs.o ABSOLUTE
    _printf_flags                            0x00000000   Number         0  stubs.o ABSOLUTE
    _printf_fp_dec                           0x00000000   Number         0  stubs.o ABSOLUTE
    _printf_fp_hex                           0x00000000   Number         0  stubs.o ABSOLUTE
    _printf_g                                0x00000000   Number         0  stubs.o ABSOLUTE
    _printf_i                                0x00000000   Number         0  stubs.o ABSOLUTE
    _printf_int_dec                          0x00000000   Number         0  stubs.o ABSOLUTE
    _printf_l                                0x00000000   Number         0  stubs.o ABSOLUTE
    _printf_lc                               0x00000000   Number         0  stubs.o ABSOLUTE
    _printf_ll                               0x00000000   Number         0  stubs.o ABSOLUTE
    _printf_lld                              0x00000000   Number         0  stubs.o ABSOLUTE
    _printf_lli                              0x00000000   Number         0  stubs.o ABSOLUTE
    _printf_llo                              0x00000000   Number         0  stubs.o ABSOLUTE
    _printf_llu                              0x00000000   Number         0  stubs.o ABSOLUTE
    _printf_llx                              0x00000000   Number         0  stubs.o ABSOLUTE
    _printf_longlong_dec                     0x00000000   Number         0  stubs.o ABSOLUTE
    _printf_longlong_hex                     0x00000000   Number         0  stubs.o ABSOLUTE
    _printf_longlong_oct                     0x00000000   Number         0  stubs.o ABSOLUTE
    _printf_ls                               0x00000000   Number         0  stubs.o ABSOLUTE
    _printf_mbtowc                           0x00000000   Number         0  stubs.o ABSOLUTE
    _printf_n                                0x00000000   Number         0  stubs.o ABSOLUTE
    _printf_o                                0x00000000   Number         0  stubs.o ABSOLUTE
    _printf_p                                0x00000000   Number         0  stubs.o ABSOLUTE
    _printf_percent                          0x00000000   Number         0  stubs.o ABSOLUTE
    _printf_pre_padding                      0x00000000   Number         0  stubs.o ABSOLUTE
    _printf_return_value                     0x00000000   Number         0  stubs.o ABSOLUTE
    _printf_s                                0x00000000   Number         0  stubs.o ABSOLUTE
    _printf_sizespec                         0x00000000   Number         0  stubs.o ABSOLUTE
    _printf_str                              0x00000000   Number         0  stubs.o ABSOLUTE
    _printf_truncate_signed                  0x00000000   Number         0  stubs.o ABSOLUTE
    _printf_truncate_unsigned                0x00000000   Number         0  stubs.o ABSOLUTE
    _printf_u                                0x00000000   Number         0  stubs.o ABSOLUTE
    _printf_wc                               0x00000000   Number         0  stubs.o ABSOLUTE
    _printf_wctomb                           0x00000000   Number         0  stubs.o ABSOLUTE
    _printf_widthprec                        0x00000000   Number         0  stubs.o ABSOLUTE
    _printf_x                                0x00000000   Number         0  stubs.o ABSOLUTE
    __cpp_initialize__aeabi_                  - Undefined Weak Reference
    __cxa_finalize                            - Undefined Weak Reference
    __decompress                              - Undefined Weak Reference
    _clock_init                               - Undefined Weak Reference
    _microlib_exit                            - Undefined Weak Reference
    __Vectors_Size                           0x00000218   Number         0  startup_n32h487.o ABSOLUTE
    __Vectors                                0x08000000   Data           4  startup_n32h487.o(RESET)
    __Vectors_End                            0x08000218   Data           0  startup_n32h487.o(RESET)
    __main                                   0x08000219   Thumb Code     0  entry.o(.ARM.Collect$$$$00000000)
    _main_stk                                0x08000219   Thumb Code     0  entry2.o(.ARM.Collect$$$$00000001)
    _main_scatterload                        0x0800021d   Thumb Code     0  entry5.o(.ARM.Collect$$$$00000004)
    __main_after_scatterload                 0x08000221   Thumb Code     0  entry5.o(.ARM.Collect$$$$00000004)
    _main_clock                              0x08000221   Thumb Code     0  entry7b.o(.ARM.Collect$$$$00000008)
    _main_cpp_init                           0x08000221   Thumb Code     0  entry8b.o(.ARM.Collect$$$$0000000A)
    _main_init                               0x08000221   Thumb Code     0  entry9a.o(.ARM.Collect$$$$0000000B)
    __rt_final_cpp                           0x08000229   Thumb Code     0  entry10a.o(.ARM.Collect$$$$0000000D)
    __rt_final_exit                          0x08000229   Thumb Code     0  entry11a.o(.ARM.Collect$$$$0000000F)
    Reset_Handler                            0x0800022d   Thumb Code     8  startup_n32h487.o(.text)
    PendSV_Handler                           0x08000243   Thumb Code     2  startup_n32h487.o(.text)
    ADC1_2_IRQHandler                        0x08000247   Thumb Code     0  startup_n32h487.o(.text)
    ADC3_ADC4_IRQHandler                     0x08000247   Thumb Code     0  startup_n32h487.o(.text)
    ATIM1_BRK_IRQHandler                     0x08000247   Thumb Code     0  startup_n32h487.o(.text)
    ATIM1_CC_IRQHandler                      0x08000247   Thumb Code     0  startup_n32h487.o(.text)
    ATIM1_TRG_COM_IRQHandler                 0x08000247   Thumb Code     0  startup_n32h487.o(.text)
    ATIM1_UP_IRQHandler                      0x08000247   Thumb Code     0  startup_n32h487.o(.text)
    ATIM2_BRK_IRQHandler                     0x08000247   Thumb Code     0  startup_n32h487.o(.text)
    ATIM2_CC_IRQHandler                      0x08000247   Thumb Code     0  startup_n32h487.o(.text)
    ATIM2_TRG_COM_IRQHandler                 0x08000247   Thumb Code     0  startup_n32h487.o(.text)
    ATIM2_UP_IRQHandler                      0x08000247   Thumb Code     0  startup_n32h487.o(.text)
    ATIM3_BRK_IRQHandler                     0x08000247   Thumb Code     0  startup_n32h487.o(.text)
    ATIM3_CC_IRQHandler                      0x08000247   Thumb Code     0  startup_n32h487.o(.text)
    ATIM3_TRG_COM_IRQHandler                 0x08000247   Thumb Code     0  startup_n32h487.o(.text)
    ATIM3_UP_IRQHandler                      0x08000247   Thumb Code     0  startup_n32h487.o(.text)
    BTIM1_IRQHandler                         0x08000247   Thumb Code     0  startup_n32h487.o(.text)
    BTIM2_IRQHandler                         0x08000247   Thumb Code     0  startup_n32h487.o(.text)
    Cordic_IRQ_IRQHandler                    0x08000247   Thumb Code     0  startup_n32h487.o(.text)
    DAC1_2_3_4_Underflow_IRQHandler          0x08000247   Thumb Code     0  startup_n32h487.o(.text)
    DAC5_6_7_8_Underflow_IRQHandler          0x08000247   Thumb Code     0  startup_n32h487.o(.text)
    DMA1_Channel1_IRQHandler                 0x08000247   Thumb Code     0  startup_n32h487.o(.text)
    DMA1_Channel2_IRQHandler                 0x08000247   Thumb Code     0  startup_n32h487.o(.text)
    DMA1_Channel3_IRQHandler                 0x08000247   Thumb Code     0  startup_n32h487.o(.text)
    DMA1_Channel4_IRQHandler                 0x08000247   Thumb Code     0  startup_n32h487.o(.text)
    DMA1_Channel5_IRQHandler                 0x08000247   Thumb Code     0  startup_n32h487.o(.text)
    DMA1_Channel6_IRQHandler                 0x08000247   Thumb Code     0  startup_n32h487.o(.text)
    DMA1_Channel7_IRQHandler                 0x08000247   Thumb Code     0  startup_n32h487.o(.text)
    DMA1_Channel8_IRQHandler                 0x08000247   Thumb Code     0  startup_n32h487.o(.text)
    DMA2_Channel1_IRQHandler                 0x08000247   Thumb Code     0  startup_n32h487.o(.text)
    DMA2_Channel2_IRQHandler                 0x08000247   Thumb Code     0  startup_n32h487.o(.text)
    DMA2_Channel3_IRQHandler                 0x08000247   Thumb Code     0  startup_n32h487.o(.text)
    DMA2_Channel4_IRQHandler                 0x08000247   Thumb Code     0  startup_n32h487.o(.text)
    DMA2_Channel5_IRQHandler                 0x08000247   Thumb Code     0  startup_n32h487.o(.text)
    DMA2_Channel6_IRQHandler                 0x08000247   Thumb Code     0  startup_n32h487.o(.text)
    DMA2_Channel7_IRQHandler                 0x08000247   Thumb Code     0  startup_n32h487.o(.text)
    DMA2_Channel8_IRQHandler                 0x08000247   Thumb Code     0  startup_n32h487.o(.text)
    DVP_IRQHandler                           0x08000247   Thumb Code     0  startup_n32h487.o(.text)
    ETH_IRQHandler                           0x08000247   Thumb Code     0  startup_n32h487.o(.text)
    ETH_WKUP_IRQHandler                      0x08000247   Thumb Code     0  startup_n32h487.o(.text)
    EXTI0_IRQHandler                         0x08000247   Thumb Code     0  startup_n32h487.o(.text)
    EXTI15_10_IRQHandler                     0x08000247   Thumb Code     0  startup_n32h487.o(.text)
    EXTI1_IRQHandler                         0x08000247   Thumb Code     0  startup_n32h487.o(.text)
    EXTI2_IRQHandler                         0x08000247   Thumb Code     0  startup_n32h487.o(.text)
    EXTI3_IRQHandler                         0x08000247   Thumb Code     0  startup_n32h487.o(.text)
    EXTI4_IRQHandler                         0x08000247   Thumb Code     0  startup_n32h487.o(.text)
    EXTI9_5_IRQHandler                       0x08000247   Thumb Code     0  startup_n32h487.o(.text)
    FDCAN1_INT0_IRQHandler                   0x08000247   Thumb Code     0  startup_n32h487.o(.text)
    FDCAN1_INT1_IRQHandler                   0x08000247   Thumb Code     0  startup_n32h487.o(.text)
    FDCAN2_INT0_IRQHandler                   0x08000247   Thumb Code     0  startup_n32h487.o(.text)
    FDCAN2_INT1_IRQHandler                   0x08000247   Thumb Code     0  startup_n32h487.o(.text)
    FDCAN3_INT0_IRQHandler                   0x08000247   Thumb Code     0  startup_n32h487.o(.text)
    FDCAN3_INT1_IRQHandler                   0x08000247   Thumb Code     0  startup_n32h487.o(.text)
    FEMC_IRQHandler                          0x08000247   Thumb Code     0  startup_n32h487.o(.text)
    FLASH_IRQHandler                         0x08000247   Thumb Code     0  startup_n32h487.o(.text)
    FMAC_IRQ_IRQHandler                      0x08000247   Thumb Code     0  startup_n32h487.o(.text)
    GTIM10_IRQHandler                        0x08000247   Thumb Code     0  startup_n32h487.o(.text)
    GTIM1_IRQHandler                         0x08000247   Thumb Code     0  startup_n32h487.o(.text)
    GTIM2_IRQHandler                         0x08000247   Thumb Code     0  startup_n32h487.o(.text)
    GTIM3_IRQHandler                         0x08000247   Thumb Code     0  startup_n32h487.o(.text)
    GTIM4_IRQHandler                         0x08000247   Thumb Code     0  startup_n32h487.o(.text)
    GTIM5_IRQHandler                         0x08000247   Thumb Code     0  startup_n32h487.o(.text)
    GTIM6_IRQHandler                         0x08000247   Thumb Code     0  startup_n32h487.o(.text)
    GTIM7_IRQHandler                         0x08000247   Thumb Code     0  startup_n32h487.o(.text)
    GTIM8_IRQHandler                         0x08000247   Thumb Code     0  startup_n32h487.o(.text)
    GTIM9_IRQHandler                         0x08000247   Thumb Code     0  startup_n32h487.o(.text)
    I2C1_ER_IRQHandler                       0x08000247   Thumb Code     0  startup_n32h487.o(.text)
    I2C1_EV_IRQHandler                       0x08000247   Thumb Code     0  startup_n32h487.o(.text)
    I2C2_ER_IRQHandler                       0x08000247   Thumb Code     0  startup_n32h487.o(.text)
    I2C2_EV_IRQHandler                       0x08000247   Thumb Code     0  startup_n32h487.o(.text)
    I2C3_ER_IRQHandler                       0x08000247   Thumb Code     0  startup_n32h487.o(.text)
    I2C3_EV_IRQHandler                       0x08000247   Thumb Code     0  startup_n32h487.o(.text)
    I2C4_ER_IRQHandler                       0x08000247   Thumb Code     0  startup_n32h487.o(.text)
    I2C4_EV_IRQHandler                       0x08000247   Thumb Code     0  startup_n32h487.o(.text)
    LPTIM1_WKUP_IRQHandler                   0x08000247   Thumb Code     0  startup_n32h487.o(.text)
    LPTIM2_WKUP_IRQHandler                   0x08000247   Thumb Code     0  startup_n32h487.o(.text)
    PVD_IRQHandler                           0x08000247   Thumb Code     0  startup_n32h487.o(.text)
    RCC_IRQHandler                           0x08000247   Thumb Code     0  startup_n32h487.o(.text)
    RTCAlarm_IRQHandler                      0x08000247   Thumb Code     0  startup_n32h487.o(.text)
    RTC_TAMPER_IRQHandler                    0x08000247   Thumb Code     0  startup_n32h487.o(.text)
    RTC_WKUP_IRQHandler                      0x08000247   Thumb Code     0  startup_n32h487.o(.text)
    SAC_IRQHandler                           0x08000247   Thumb Code     0  startup_n32h487.o(.text)
    SDIO_IRQHandler                          0x08000247   Thumb Code     0  startup_n32h487.o(.text)
    SMPU_IRQHandler                          0x08000247   Thumb Code     0  startup_n32h487.o(.text)
    SPI1_IRQHandler                          0x08000247   Thumb Code     0  startup_n32h487.o(.text)
    SPI2_I2S2_IRQHandler                     0x08000247   Thumb Code     0  startup_n32h487.o(.text)
    SPI3_I2S3_IRQHandler                     0x08000247   Thumb Code     0  startup_n32h487.o(.text)
    SPI4_IRQHandler                          0x08000247   Thumb Code     0  startup_n32h487.o(.text)
    SPI5_IRQHandler                          0x08000247   Thumb Code     0  startup_n32h487.o(.text)
    SPI6_IRQHandler                          0x08000247   Thumb Code     0  startup_n32h487.o(.text)
    SRAM_ERR_IRQHandler                      0x08000247   Thumb Code     0  startup_n32h487.o(.text)
    UART5_IRQHandler                         0x08000247   Thumb Code     0  startup_n32h487.o(.text)
    UART6_IRQHandler                         0x08000247   Thumb Code     0  startup_n32h487.o(.text)
    UART7_IRQHandler                         0x08000247   Thumb Code     0  startup_n32h487.o(.text)
    UART8_IRQHandler                         0x08000247   Thumb Code     0  startup_n32h487.o(.text)
    UCDR_IRQHandler                          0x08000247   Thumb Code     0  startup_n32h487.o(.text)
    USART1_IRQHandler                        0x08000247   Thumb Code     0  startup_n32h487.o(.text)
    USART2_IRQHandler                        0x08000247   Thumb Code     0  startup_n32h487.o(.text)
    USART3_IRQHandler                        0x08000247   Thumb Code     0  startup_n32h487.o(.text)
    USART4_IRQHandler                        0x08000247   Thumb Code     0  startup_n32h487.o(.text)
    USB_FS_HP_IRQHandler                     0x08000247   Thumb Code     0  startup_n32h487.o(.text)
    USB_FS_LP_IRQHandler                     0x08000247   Thumb Code     0  startup_n32h487.o(.text)
    USB_FS_WKUP_IRQHandler                   0x08000247   Thumb Code     0  startup_n32h487.o(.text)
    USB_HS_EPx_IN_IRQHandler                 0x08000247   Thumb Code     0  startup_n32h487.o(.text)
    USB_HS_EPx_OUT_IRQHandler                0x08000247   Thumb Code     0  startup_n32h487.o(.text)
    USB_HS_IRQHandler                        0x08000247   Thumb Code     0  startup_n32h487.o(.text)
    USB_HS_WKUP_IRQHandler                   0x08000247   Thumb Code     0  startup_n32h487.o(.text)
    WWDG_IRQHandler                          0x08000247   Thumb Code     0  startup_n32h487.o(.text)
    XSPI_IRQHandler                          0x08000247   Thumb Code     0  startup_n32h487.o(.text)
    __aeabi_uldivmod                         0x08000251   Thumb Code    98  uldiv.o(.text)
    __aeabi_llsl                             0x080002b3   Thumb Code    30  llshl.o(.text)
    _ll_shift_l                              0x080002b3   Thumb Code     0  llshl.o(.text)
    __aeabi_llsr                             0x080002d1   Thumb Code    32  llushr.o(.text)
    _ll_ushift_r                             0x080002d1   Thumb Code     0  llushr.o(.text)
    strlen                                   0x080002f1   Thumb Code    14  strlen.o(.text)
    __aeabi_uidiv                            0x080002ff   Thumb Code     0  uidiv.o(.text)
    __aeabi_uidivmod                         0x080002ff   Thumb Code    44  uidiv.o(.text)
    __I$use$fp                               0x0800032b   Thumb Code     0  iusefp.o(.text)
    _double_round                            0x0800032b   Thumb Code    30  depilogue.o(.text)
    _double_epilogue                         0x08000349   Thumb Code   156  depilogue.o(.text)
    __aeabi_dadd                             0x080003e5   Thumb Code   322  dadd.o(.text)
    __aeabi_dsub                             0x08000527   Thumb Code     6  dadd.o(.text)
    __aeabi_drsub                            0x0800052d   Thumb Code     6  dadd.o(.text)
    __aeabi_dmul                             0x08000533   Thumb Code   228  dmul.o(.text)
    __aeabi_ddiv                             0x08000617   Thumb Code   222  ddiv.o(.text)
    __aeabi_d2ulz                            0x080006f5   Thumb Code    48  dfixul.o(.text)
    __aeabi_cdrcmple                         0x08000725   Thumb Code    48  cdrcmple.o(.text)
    __scatterload                            0x08000755   Thumb Code    28  init.o(.text)
    __scatterload_rt2                        0x08000755   Thumb Code     0  init.o(.text)
    __aeabi_lasr                             0x08000779   Thumb Code    36  llsshr.o(.text)
    _ll_sshift_r                             0x08000779   Thumb Code     0  llsshr.o(.text)
    ADC_CalibrationOperation                 0x0800079d   Thumb Code    32  n32h47x_48x_adc.o(i.ADC_CalibrationOperation)
    ADC_ClearFlag                            0x080007bd   Thumb Code     8  n32h47x_48x_adc.o(i.ADC_ClearFlag)
    ADC_ConfigClk                            0x080007c5   Thumb Code   118  n32h47x_48x_adc.o(i.ADC_ConfigClk)
    ADC_ConfigRegularChannel                 0x0800084d   Thumb Code   208  n32h47x_48x_adc.o(i.ADC_ConfigRegularChannel)
    ADC_Enable                               0x0800091d   Thumb Code    22  n32h47x_48x_adc.o(i.ADC_Enable)
    ADC_EnableSoftwareStartConv              0x08000933   Thumb Code    22  n32h47x_48x_adc.o(i.ADC_EnableSoftwareStartConv)
    ADC_GetCalibrationStatus                 0x08000949   Thumb Code    44  n32h47x_48x_adc.o(i.ADC_GetCalibrationStatus)
    ADC_GetDat                               0x08000975   Thumb Code    10  n32h47x_48x_adc.o(i.ADC_GetDat)
    ADC_GetFlagStatus                        0x0800097f   Thumb Code    16  n32h47x_48x_adc.o(i.ADC_GetFlagStatus)
    ADC_Init                                 0x08000991   Thumb Code   104  n32h47x_48x_adc.o(i.ADC_Init)
    ADC_Initial                              0x08000a01   Thumb Code   104  adc.o(i.ADC_Initial)
    ADC_SelectClockMode                      0x08000a71   Thumb Code    24  n32h47x_48x_adc.o(i.ADC_SelectClockMode)
    ADC_init                                 0x08000a89   Thumb Code    28  adc.o(i.ADC_init)
    BusFault_Handler                         0x08000aa9   Thumb Code     4  n32h47x_48x_it.o(i.BusFault_Handler)
    DMA_Config                               0x08000aad   Thumb Code    80  adc.o(i.DMA_Config)
    DMA_DeInit                               0x08000b0d   Thumb Code   430  n32h47x_48x_dma.o(i.DMA_DeInit)
    DMA_EnableChannel                        0x08000cc5   Thumb Code    22  n32h47x_48x_dma.o(i.DMA_EnableChannel)
    DMA_Init                                 0x08000cdd   Thumb Code    86  n32h47x_48x_dma.o(i.DMA_Init)
    DMA_RequestRemap                         0x08000d41   Thumb Code    12  n32h47x_48x_dma.o(i.DMA_RequestRemap)
    DebugMon_Handler                         0x08000d4d   Thumb Code     2  n32h47x_48x_it.o(i.DebugMon_Handler)
    GPIO_Configuration                       0x08000d51   Thumb Code    58  usart.o(i.GPIO_Configuration)
    GPIO_Configuration_ADC                   0x08000d91   Thumb Code    24  adc.o(i.GPIO_Configuration_ADC)
    GPIO_InitPeripheral                      0x08000dad   Thumb Code   160  n32h47x_48x_gpio.o(i.GPIO_InitPeripheral)
    GPIO_InitStruct                          0x08000e4d   Thumb Code    18  n32h47x_48x_gpio.o(i.GPIO_InitStruct)
    HardFault_Handler                        0x08000e5f   Thumb Code     4  n32h47x_48x_it.o(i.HardFault_Handler)
    MemManage_Handler                        0x08000e63   Thumb Code     4  n32h47x_48x_it.o(i.MemManage_Handler)
    NMI_Handler                              0x08000e67   Thumb Code     2  n32h47x_48x_it.o(i.NMI_Handler)
    RCC_ConfigAdc1mClk                       0x08000e69   Thumb Code    22  n32h47x_48x_rcc.o(i.RCC_ConfigAdc1mClk)
    RCC_ConfigAdcHclk                        0x08000e85   Thumb Code    16  n32h47x_48x_rcc.o(i.RCC_ConfigAdcHclk)
    RCC_ConfigAdcPllClk                      0x08000e99   Thumb Code    26  n32h47x_48x_rcc.o(i.RCC_ConfigAdcPllClk)
    RCC_Configuration                        0x08000eb9   Thumb Code    28  usart.o(i.RCC_Configuration)
    RCC_Configuration_ADC                    0x08000ed5   Thumb Code    46  adc.o(i.RCC_Configuration_ADC)
    RCC_EnableAHB1PeriphClk                  0x08000f05   Thumb Code    26  n32h47x_48x_rcc.o(i.RCC_EnableAHB1PeriphClk)
    RCC_EnableAHBPeriphClk                   0x08000f25   Thumb Code    26  n32h47x_48x_rcc.o(i.RCC_EnableAHBPeriphClk)
    RCC_EnableAPB2PeriphClk                  0x08000f45   Thumb Code    26  n32h47x_48x_rcc.o(i.RCC_EnableAPB2PeriphClk)
    RCC_GetClocksFreqValue                   0x08000f65   Thumb Code   488  n32h47x_48x_rcc.o(i.RCC_GetClocksFreqValue)
    SVC_Handler                              0x0800117d   Thumb Code     2  n32h47x_48x_it.o(i.SVC_Handler)
    SysTick_Handler                          0x080012ed   Thumb Code     2  n32h47x_48x_it.o(i.SysTick_Handler)
    SystemInit                               0x080012f1   Thumb Code   128  system_n32h47x_48x.o(i.SystemInit)
    USART1_init                              0x08001389   Thumb Code    56  usart.o(i.USART1_init)
    USART_ClrFlag                            0x080013c9   Thumb Code    20  n32h47x_48x_usart.o(i.USART_ClrFlag)
    USART_Enable                             0x080013dd   Thumb Code    22  n32h47x_48x_usart.o(i.USART_Enable)
    USART_GetFlagStatus                      0x080013f3   Thumb Code    16  n32h47x_48x_usart.o(i.USART_GetFlagStatus)
    USART_Init                               0x08001405   Thumb Code   228  n32h47x_48x_usart.o(i.USART_Init)
    USART_Print                              0x080014fd   Thumb Code    64  usart.o(i.USART_Print)
    USART_SendData                           0x0800153d   Thumb Code     8  n32h47x_48x_usart.o(i.USART_SendData)
    USART_SendStr                            0x08001545   Thumb Code    82  usart.o(i.USART_SendStr)
    USART_StructInit                         0x08001597   Thumb Code    26  n32h47x_48x_usart.o(i.USART_StructInit)
    UsageFault_Handler                       0x080015b1   Thumb Code     4  n32h47x_48x_it.o(i.UsageFault_Handler)
    __0vsnprintf                             0x080015b5   Thumb Code    40  printfa.o(i.__0vsnprintf)
    __1vsnprintf                             0x080015b5   Thumb Code     0  printfa.o(i.__0vsnprintf)
    __2vsnprintf                             0x080015b5   Thumb Code     0  printfa.o(i.__0vsnprintf)
    __c89vsnprintf                           0x080015b5   Thumb Code     0  printfa.o(i.__0vsnprintf)
    vsnprintf                                0x080015b5   Thumb Code     0  printfa.o(i.__0vsnprintf)
    __scatterload_copy                       0x080015e1   Thumb Code    14  handlers.o(i.__scatterload_copy)
    __scatterload_null                       0x080015ef   Thumb Code     2  handlers.o(i.__scatterload_null)
    __scatterload_zeroinit                   0x080015f1   Thumb Code    14  handlers.o(i.__scatterload_zeroinit)
    main                                     0x08001ec9   Thumb Code    54  main.o(i.main)
    Region$$Table$$Base                      0x08001f34   Number         0  anon$$obj.o(Region$$Table)
    Region$$Table$$Limit                     0x08001f54   Number         0  anon$$obj.o(Region$$Table)
    ADCConvertedValue                        0x20000000   Data           2  adc.o(.data)
    USART_InitStructure                      0x20000004   Data          28  usart.o(.bss)
    ADC_InitStructure                        0x20000020   Data          24  adc.o(.bss)
    DMA_InitStructure                        0x20000038   Data          56  adc.o(.bss)
    __initial_sp                             0x20001070   Data           0  startup_n32h487.o(STACK)



==============================================================================

Memory Map of the image

  Image Entry point : 0x08000219

  Load Region LR_IROM1 (Base: 0x08000000, Size: 0x00001f58, Max: 0x00080000, ABSOLUTE)

    Execution Region ER_IROM1 (Exec base: 0x08000000, Load base: 0x08000000, Size: 0x00001f54, Max: 0x00080000, ABSOLUTE)

    Exec Addr    Load Addr    Size         Type   Attr      Idx    E Section Name        Object

    0x08000000   0x08000000   0x00000218   Data   RO          247    RESET               startup_n32h487.o
    0x08000218   0x08000218   0x00000000   Code   RO        10813  * .ARM.Collect$$$$00000000  mc_w.l(entry.o)
    0x08000218   0x08000218   0x00000004   Code   RO        11097    .ARM.Collect$$$$00000001  mc_w.l(entry2.o)
    0x0800021c   0x0800021c   0x00000004   Code   RO        11100    .ARM.Collect$$$$00000004  mc_w.l(entry5.o)
    0x08000220   0x08000220   0x00000000   Code   RO        11102    .ARM.Collect$$$$00000008  mc_w.l(entry7b.o)
    0x08000220   0x08000220   0x00000000   Code   RO        11104    .ARM.Collect$$$$0000000A  mc_w.l(entry8b.o)
    0x08000220   0x08000220   0x00000008   Code   RO        11105    .ARM.Collect$$$$0000000B  mc_w.l(entry9a.o)
    0x08000228   0x08000228   0x00000000   Code   RO        11107    .ARM.Collect$$$$0000000D  mc_w.l(entry10a.o)
    0x08000228   0x08000228   0x00000000   Code   RO        11109    .ARM.Collect$$$$0000000F  mc_w.l(entry11a.o)
    0x08000228   0x08000228   0x00000004   Code   RO        11098    .ARM.Collect$$$$00002712  mc_w.l(entry2.o)
    0x0800022c   0x0800022c   0x00000024   Code   RO          248    .text               startup_n32h487.o
    0x08000250   0x08000250   0x00000062   Code   RO        10816    .text               mc_w.l(uldiv.o)
    0x080002b2   0x080002b2   0x0000001e   Code   RO        10818    .text               mc_w.l(llshl.o)
    0x080002d0   0x080002d0   0x00000020   Code   RO        10820    .text               mc_w.l(llushr.o)
    0x080002f0   0x080002f0   0x0000000e   Code   RO        10826    .text               mc_w.l(strlen.o)
    0x080002fe   0x080002fe   0x0000002c   Code   RO        11112    .text               mc_w.l(uidiv.o)
    0x0800032a   0x0800032a   0x00000000   Code   RO        11114    .text               mc_w.l(iusefp.o)
    0x0800032a   0x0800032a   0x000000ba   Code   RO        11115    .text               mf_w.l(depilogue.o)
    0x080003e4   0x080003e4   0x0000014e   Code   RO        11117    .text               mf_w.l(dadd.o)
    0x08000532   0x08000532   0x000000e4   Code   RO        11119    .text               mf_w.l(dmul.o)
    0x08000616   0x08000616   0x000000de   Code   RO        11121    .text               mf_w.l(ddiv.o)
    0x080006f4   0x080006f4   0x00000030   Code   RO        11123    .text               mf_w.l(dfixul.o)
    0x08000724   0x08000724   0x00000030   Code   RO        11125    .text               mf_w.l(cdrcmple.o)
    0x08000754   0x08000754   0x00000024   Code   RO        11127    .text               mc_w.l(init.o)
    0x08000778   0x08000778   0x00000024   Code   RO        11129    .text               mc_w.l(llsshr.o)
    0x0800079c   0x0800079c   0x00000020   Code   RO          317    i.ADC_CalibrationOperation  n32h47x_48x_adc.o
    0x080007bc   0x080007bc   0x00000008   Code   RO          323    i.ADC_ClearFlag     n32h47x_48x_adc.o
    0x080007c4   0x080007c4   0x00000088   Code   RO          329    i.ADC_ConfigClk     n32h47x_48x_adc.o
    0x0800084c   0x0800084c   0x000000d0   Code   RO          340    i.ADC_ConfigRegularChannel  n32h47x_48x_adc.o
    0x0800091c   0x0800091c   0x00000016   Code   RO          343    i.ADC_Enable        n32h47x_48x_adc.o
    0x08000932   0x08000932   0x00000016   Code   RO          355    i.ADC_EnableSoftwareStartConv  n32h47x_48x_adc.o
    0x08000948   0x08000948   0x0000002c   Code   RO          361    i.ADC_GetCalibrationStatus  n32h47x_48x_adc.o
    0x08000974   0x08000974   0x0000000a   Code   RO          362    i.ADC_GetDat        n32h47x_48x_adc.o
    0x0800097e   0x0800097e   0x00000010   Code   RO          365    i.ADC_GetFlagStatus  n32h47x_48x_adc.o
    0x0800098e   0x0800098e   0x00000002   PAD
    0x08000990   0x08000990   0x00000070   Code   RO          373    i.ADC_Init          n32h47x_48x_adc.o
    0x08000a00   0x08000a00   0x00000070   Code   RO        10593    i.ADC_Initial       adc.o
    0x08000a70   0x08000a70   0x00000018   Code   RO          375    i.ADC_SelectClockMode  n32h47x_48x_adc.o
    0x08000a88   0x08000a88   0x00000020   Code   RO        10594    i.ADC_init          adc.o
    0x08000aa8   0x08000aa8   0x00000004   Code   RO           95    i.BusFault_Handler  n32h47x_48x_it.o
    0x08000aac   0x08000aac   0x00000060   Code   RO        10595    i.DMA_Config        adc.o
    0x08000b0c   0x08000b0c   0x000001b8   Code   RO         1408    i.DMA_DeInit        n32h47x_48x_dma.o
    0x08000cc4   0x08000cc4   0x00000016   Code   RO         1409    i.DMA_EnableChannel  n32h47x_48x_dma.o
    0x08000cda   0x08000cda   0x00000002   PAD
    0x08000cdc   0x08000cdc   0x00000064   Code   RO         1413    i.DMA_Init          n32h47x_48x_dma.o
    0x08000d40   0x08000d40   0x0000000c   Code   RO         1414    i.DMA_RequestRemap  n32h47x_48x_dma.o
    0x08000d4c   0x08000d4c   0x00000002   Code   RO           96    i.DebugMon_Handler  n32h47x_48x_it.o
    0x08000d4e   0x08000d4e   0x00000002   PAD
    0x08000d50   0x08000d50   0x00000040   Code   RO        10505    i.GPIO_Configuration  usart.o
    0x08000d90   0x08000d90   0x0000001c   Code   RO        10596    i.GPIO_Configuration_ADC  adc.o
    0x08000dac   0x08000dac   0x000000a0   Code   RO         3588    i.GPIO_InitPeripheral  n32h47x_48x_gpio.o
    0x08000e4c   0x08000e4c   0x00000012   Code   RO         3589    i.GPIO_InitStruct   n32h47x_48x_gpio.o
    0x08000e5e   0x08000e5e   0x00000004   Code   RO           97    i.HardFault_Handler  n32h47x_48x_it.o
    0x08000e62   0x08000e62   0x00000004   Code   RO           98    i.MemManage_Handler  n32h47x_48x_it.o
    0x08000e66   0x08000e66   0x00000002   Code   RO           99    i.NMI_Handler       n32h47x_48x_it.o
    0x08000e68   0x08000e68   0x0000001c   Code   RO         4815    i.RCC_ConfigAdc1mClk  n32h47x_48x_rcc.o
    0x08000e84   0x08000e84   0x00000014   Code   RO         4816    i.RCC_ConfigAdcHclk  n32h47x_48x_rcc.o
    0x08000e98   0x08000e98   0x00000020   Code   RO         4817    i.RCC_ConfigAdcPllClk  n32h47x_48x_rcc.o
    0x08000eb8   0x08000eb8   0x0000001c   Code   RO        10506    i.RCC_Configuration  usart.o
    0x08000ed4   0x08000ed4   0x0000002e   Code   RO        10597    i.RCC_Configuration_ADC  adc.o
    0x08000f02   0x08000f02   0x00000002   PAD
    0x08000f04   0x08000f04   0x00000020   Code   RO         4848    i.RCC_EnableAHB1PeriphClk  n32h47x_48x_rcc.o
    0x08000f24   0x08000f24   0x00000020   Code   RO         4849    i.RCC_EnableAHBPeriphClk  n32h47x_48x_rcc.o
    0x08000f44   0x08000f44   0x00000020   Code   RO         4853    i.RCC_EnableAPB2PeriphClk  n32h47x_48x_rcc.o
    0x08000f64   0x08000f64   0x00000218   Code   RO         4871    i.RCC_GetClocksFreqValue  n32h47x_48x_rcc.o
    0x0800117c   0x0800117c   0x00000002   Code   RO          100    i.SVC_Handler       n32h47x_48x_it.o
    0x0800117e   0x0800117e   0x00000002   PAD
    0x08001180   0x08001180   0x0000009c   Code   RO          202    i.SetStartupVolt    system_n32h47x_48x.o
    0x0800121c   0x0800121c   0x000000d0   Code   RO          203    i.SetSysClock       system_n32h47x_48x.o
    0x080012ec   0x080012ec   0x00000002   Code   RO          101    i.SysTick_Handler   n32h47x_48x_it.o
    0x080012ee   0x080012ee   0x00000002   PAD
    0x080012f0   0x080012f0   0x00000098   Code   RO          205    i.SystemInit        system_n32h47x_48x.o
    0x08001388   0x08001388   0x00000040   Code   RO        10507    i.USART1_init       usart.o
    0x080013c8   0x080013c8   0x00000014   Code   RO         9831    i.USART_ClrFlag     n32h47x_48x_usart.o
    0x080013dc   0x080013dc   0x00000016   Code   RO         9840    i.USART_Enable      n32h47x_48x_usart.o
    0x080013f2   0x080013f2   0x00000010   Code   RO         9849    i.USART_GetFlagStatus  n32h47x_48x_usart.o
    0x08001402   0x08001402   0x00000002   PAD
    0x08001404   0x08001404   0x000000f8   Code   RO         9855    i.USART_Init        n32h47x_48x_usart.o
    0x080014fc   0x080014fc   0x00000040   Code   RO        10508    i.USART_Print       usart.o
    0x0800153c   0x0800153c   0x00000008   Code   RO         9862    i.USART_SendData    n32h47x_48x_usart.o
    0x08001544   0x08001544   0x00000052   Code   RO        10509    i.USART_SendStr     usart.o
    0x08001596   0x08001596   0x0000001a   Code   RO         9867    i.USART_StructInit  n32h47x_48x_usart.o
    0x080015b0   0x080015b0   0x00000004   Code   RO          102    i.UsageFault_Handler  n32h47x_48x_it.o
    0x080015b4   0x080015b4   0x0000002c   Code   RO        11068    i.__0vsnprintf      mc_w.l(printfa.o)
    0x080015e0   0x080015e0   0x0000000e   Code   RO        11133    i.__scatterload_copy  mc_w.l(handlers.o)
    0x080015ee   0x080015ee   0x00000002   Code   RO        11134    i.__scatterload_null  mc_w.l(handlers.o)
    0x080015f0   0x080015f0   0x0000000e   Code   RO        11135    i.__scatterload_zeroinit  mc_w.l(handlers.o)
    0x080015fe   0x080015fe   0x00000002   PAD
    0x08001600   0x08001600   0x00000184   Code   RO        11070    i._fp_digits        mc_w.l(printfa.o)
    0x08001784   0x08001784   0x000006dc   Code   RO        11071    i._printf_core      mc_w.l(printfa.o)
    0x08001e60   0x08001e60   0x00000024   Code   RO        11072    i._printf_post_padding  mc_w.l(printfa.o)
    0x08001e84   0x08001e84   0x0000002e   Code   RO        11073    i._printf_pre_padding  mc_w.l(printfa.o)
    0x08001eb2   0x08001eb2   0x00000016   Code   RO        11074    i._snputc           mc_w.l(printfa.o)
    0x08001ec8   0x08001ec8   0x0000005c   Code   RO            4    i.main              main.o
    0x08001f24   0x08001f24   0x00000010   Data   RO         4884    .constdata          n32h47x_48x_rcc.o
    0x08001f34   0x08001f34   0x00000020   Data   RO        11131    Region$$Table       anon$$obj.o


    Execution Region RW_IRAM1 (Exec base: 0x20000000, Load base: 0x08001f54, Size: 0x00001070, Max: 0x00030000, ABSOLUTE)

    Exec Addr    Load Addr    Size         Type   Attr      Idx    E Section Name        Object

    0x20000000   0x08001f54   0x00000002   Data   RW        10599    .data               adc.o
    0x20000002   0x08001f56   0x00000002   PAD
    0x20000004        -       0x0000001c   Zero   RW        10511    .bss                usart.o
    0x20000020        -       0x00000050   Zero   RW        10598    .bss                adc.o
    0x20000070        -       0x00001000   Zero   RW          245    STACK               startup_n32h487.o


==============================================================================

Image component sizes


      Code (inc. data)   RO Data    RW Data    ZI Data      Debug   Object Name

       314         32          0          2         80     566119   adc.o
        92         38          0          0          0      66731   main.o
         0          0          0          0          0     536464   misc.o
       634         26          0          0          0      33718   n32h47x_48x_adc.o
       574         24          0          0          0      17311   n32h47x_48x_dma.o
       178          0          0          0          0       1720   n32h47x_48x_gpio.o
        24          0          0          0          0      83317   n32h47x_48x_it.o
       712         82         16          0          0       5553   n32h47x_48x_rcc.o
       340         20          0          0          0       4234   n32h47x_48x_usart.o
        36          8        536          0       4096        828   startup_n32h487.o
       516         68          0          0          0       3365   system_n32h47x_48x.o
       302         14          0          0         28       4303   usart.o

    ----------------------------------------------------------------------
      3736        312        584          4       4204    1323663   Object Totals
         0          0         32          0          0          0   (incl. Generated)
        14          0          0          2          0          0   (incl. Padding)

    ----------------------------------------------------------------------

      Code (inc. data)   RO Data    RW Data    ZI Data      Debug   Library Member Name

         0          0          0          0          0          0   entry.o
         0          0          0          0          0          0   entry10a.o
         0          0          0          0          0          0   entry11a.o
         8          4          0          0          0          0   entry2.o
         4          0          0          0          0          0   entry5.o
         0          0          0          0          0          0   entry7b.o
         0          0          0          0          0          0   entry8b.o
         8          4          0          0          0          0   entry9a.o
        30          0          0          0          0          0   handlers.o
        36          8          0          0          0         68   init.o
         0          0          0          0          0          0   iusefp.o
        30          0          0          0          0         68   llshl.o
        36          0          0          0          0         68   llsshr.o
        32          0          0          0          0         68   llushr.o
      2292         84          0          0          0        516   printfa.o
        14          0          0          0          0         68   strlen.o
        44          0          0          0          0         80   uidiv.o
        98          0          0          0          0         92   uldiv.o
        48          0          0          0          0         68   cdrcmple.o
       334          0          0          0          0        148   dadd.o
       222          0          0          0          0        100   ddiv.o
       186          0          0          0          0        176   depilogue.o
        48          0          0          0          0         68   dfixul.o
       228          0          0          0          0         96   dmul.o

    ----------------------------------------------------------------------
      3700        100          0          0          0       1684   Library Totals
         2          0          0          0          0          0   (incl. Padding)

    ----------------------------------------------------------------------

      Code (inc. data)   RO Data    RW Data    ZI Data      Debug   Library Name

      2632        100          0          0          0       1028   mc_w.l
      1066          0          0          0          0        656   mf_w.l

    ----------------------------------------------------------------------
      3700        100          0          0          0       1684   Library Totals

    ----------------------------------------------------------------------

==============================================================================


      Code (inc. data)   RO Data    RW Data    ZI Data      Debug   

      7436        412        584          4       4204    1320019   Grand Totals
      7436        412        584          4       4204    1320019   ELF Image Totals
      7436        412        584          4          0          0   ROM Totals

==============================================================================

    Total RO  Size (Code + RO Data)                 8020 (   7.83kB)
    Total RW  Size (RW Data + ZI Data)              4208 (   4.11kB)
    Total ROM Size (Code + RO Data + RW Data)       8024 (   7.84kB)

==============================================================================

