<!doctype html public "-//w3c//dtd html 4.0 transitional//en">
<html><head>
<title>Static Call Graph - [.\Objects\project.axf]</title></head>
<body><HR>
<H1>Static Call Graph for image .\Objects\project.axf</H1><HR>
<BR><P>#&#060CALLGRAPH&#062# ARM Linker, 5060750: Last Updated: Sat Aug 30 14:04:19 2025
<BR><P>
<H3>Maximum Stack Usage =        164 bytes + Unknown(Cycles, Untraceable Function Pointers)</H3><H3>
Call chain for Maximum Stack Depth:</H3>
main &rArr; LED_Configuration &rArr; GPIO_INIT &rArr; GPIO_InitPeripheral
<P>
<H3>
Mutually Recursive functions
</H3> <LI><a href="#[8]">PendSV_Handler</a>&nbsp;&nbsp;&nbsp;&rArr;&nbsp;&nbsp;&nbsp;<a href="#[8]">PendSV_Handler</a><BR>
 <LI><a href="#[1c]">ADC1_2_IRQHandler</a>&nbsp;&nbsp;&nbsp;&rArr;&nbsp;&nbsp;&nbsp;<a href="#[1c]">ADC1_2_IRQHandler</a><BR>
</UL>
<P>
<H3>
Function Pointers
</H3><UL>
 <LI><a href="#[1c]">ADC1_2_IRQHandler</a> from startup_n32h487.o(.text) referenced from startup_n32h487.o(RESET)
 <LI><a href="#[39]">ADC3_ADC4_IRQHandler</a> from startup_n32h487.o(.text) referenced from startup_n32h487.o(RESET)
 <LI><a href="#[22]">ATIM1_BRK_IRQHandler</a> from startup_n32h487.o(.text) referenced from startup_n32h487.o(RESET)
 <LI><a href="#[25]">ATIM1_CC_IRQHandler</a> from startup_n32h487.o(.text) referenced from startup_n32h487.o(RESET)
 <LI><a href="#[24]">ATIM1_TRG_COM_IRQHandler</a> from startup_n32h487.o(.text) referenced from startup_n32h487.o(RESET)
 <LI><a href="#[23]">ATIM1_UP_IRQHandler</a> from startup_n32h487.o(.text) referenced from startup_n32h487.o(RESET)
 <LI><a href="#[35]">ATIM2_BRK_IRQHandler</a> from startup_n32h487.o(.text) referenced from startup_n32h487.o(RESET)
 <LI><a href="#[38]">ATIM2_CC_IRQHandler</a> from startup_n32h487.o(.text) referenced from startup_n32h487.o(RESET)
 <LI><a href="#[37]">ATIM2_TRG_COM_IRQHandler</a> from startup_n32h487.o(.text) referenced from startup_n32h487.o(RESET)
 <LI><a href="#[36]">ATIM2_UP_IRQHandler</a> from startup_n32h487.o(.text) referenced from startup_n32h487.o(RESET)
 <LI><a href="#[62]">ATIM3_BRK_IRQHandler</a> from startup_n32h487.o(.text) referenced from startup_n32h487.o(RESET)
 <LI><a href="#[65]">ATIM3_CC_IRQHandler</a> from startup_n32h487.o(.text) referenced from startup_n32h487.o(RESET)
 <LI><a href="#[64]">ATIM3_TRG_COM_IRQHandler</a> from startup_n32h487.o(.text) referenced from startup_n32h487.o(RESET)
 <LI><a href="#[63]">ATIM3_UP_IRQHandler</a> from startup_n32h487.o(.text) referenced from startup_n32h487.o(RESET)
 <LI><a href="#[40]">BTIM1_IRQHandler</a> from startup_n32h487.o(.text) referenced from startup_n32h487.o(RESET)
 <LI><a href="#[41]">BTIM2_IRQHandler</a> from startup_n32h487.o(.text) referenced from startup_n32h487.o(RESET)
 <LI><a href="#[4]">BusFault_Handler</a> from n32h47x_48x_it.o(i.BusFault_Handler) referenced from startup_n32h487.o(RESET)
 <LI><a href="#[6a]">Cordic_IRQ_IRQHandler</a> from startup_n32h487.o(.text) referenced from startup_n32h487.o(RESET)
 <LI><a href="#[71]">DAC1_2_3_4_Underflow_IRQHandler</a> from startup_n32h487.o(.text) referenced from startup_n32h487.o(RESET)
 <LI><a href="#[72]">DAC5_6_7_8_Underflow_IRQHandler</a> from startup_n32h487.o(.text) referenced from startup_n32h487.o(RESET)
 <LI><a href="#[15]">DMA1_Channel1_IRQHandler</a> from startup_n32h487.o(.text) referenced from startup_n32h487.o(RESET)
 <LI><a href="#[16]">DMA1_Channel2_IRQHandler</a> from startup_n32h487.o(.text) referenced from startup_n32h487.o(RESET)
 <LI><a href="#[17]">DMA1_Channel3_IRQHandler</a> from startup_n32h487.o(.text) referenced from startup_n32h487.o(RESET)
 <LI><a href="#[18]">DMA1_Channel4_IRQHandler</a> from startup_n32h487.o(.text) referenced from startup_n32h487.o(RESET)
 <LI><a href="#[19]">DMA1_Channel5_IRQHandler</a> from startup_n32h487.o(.text) referenced from startup_n32h487.o(RESET)
 <LI><a href="#[1a]">DMA1_Channel6_IRQHandler</a> from startup_n32h487.o(.text) referenced from startup_n32h487.o(RESET)
 <LI><a href="#[1b]">DMA1_Channel7_IRQHandler</a> from startup_n32h487.o(.text) referenced from startup_n32h487.o(RESET)
 <LI><a href="#[55]">DMA1_Channel8_IRQHandler</a> from startup_n32h487.o(.text) referenced from startup_n32h487.o(RESET)
 <LI><a href="#[42]">DMA2_Channel1_IRQHandler</a> from startup_n32h487.o(.text) referenced from startup_n32h487.o(RESET)
 <LI><a href="#[43]">DMA2_Channel2_IRQHandler</a> from startup_n32h487.o(.text) referenced from startup_n32h487.o(RESET)
 <LI><a href="#[44]">DMA2_Channel3_IRQHandler</a> from startup_n32h487.o(.text) referenced from startup_n32h487.o(RESET)
 <LI><a href="#[45]">DMA2_Channel4_IRQHandler</a> from startup_n32h487.o(.text) referenced from startup_n32h487.o(RESET)
 <LI><a href="#[46]">DMA2_Channel5_IRQHandler</a> from startup_n32h487.o(.text) referenced from startup_n32h487.o(RESET)
 <LI><a href="#[4d]">DMA2_Channel6_IRQHandler</a> from startup_n32h487.o(.text) referenced from startup_n32h487.o(RESET)
 <LI><a href="#[4e]">DMA2_Channel7_IRQHandler</a> from startup_n32h487.o(.text) referenced from startup_n32h487.o(RESET)
 <LI><a href="#[56]">DMA2_Channel8_IRQHandler</a> from startup_n32h487.o(.text) referenced from startup_n32h487.o(RESET)
 <LI><a href="#[57]">DVP_IRQHandler</a> from startup_n32h487.o(.text) referenced from startup_n32h487.o(RESET)
 <LI><a href="#[7]">DebugMon_Handler</a> from n32h47x_48x_it.o(i.DebugMon_Handler) referenced from startup_n32h487.o(RESET)
 <LI><a href="#[5f]">ETH_IRQHandler</a> from startup_n32h487.o(.text) referenced from startup_n32h487.o(RESET)
 <LI><a href="#[60]">ETH_WKUP_IRQHandler</a> from startup_n32h487.o(.text) referenced from startup_n32h487.o(RESET)
 <LI><a href="#[10]">EXTI0_IRQHandler</a> from startup_n32h487.o(.text) referenced from startup_n32h487.o(RESET)
 <LI><a href="#[32]">EXTI15_10_IRQHandler</a> from startup_n32h487.o(.text) referenced from startup_n32h487.o(RESET)
 <LI><a href="#[11]">EXTI1_IRQHandler</a> from startup_n32h487.o(.text) referenced from startup_n32h487.o(RESET)
 <LI><a href="#[12]">EXTI2_IRQHandler</a> from startup_n32h487.o(.text) referenced from startup_n32h487.o(RESET)
 <LI><a href="#[13]">EXTI3_IRQHandler</a> from startup_n32h487.o(.text) referenced from startup_n32h487.o(RESET)
 <LI><a href="#[14]">EXTI4_IRQHandler</a> from startup_n32h487.o(.text) referenced from startup_n32h487.o(RESET)
 <LI><a href="#[21]">EXTI9_5_IRQHandler</a> from startup_n32h487.o(.text) referenced from startup_n32h487.o(RESET)
 <LI><a href="#[1f]">FDCAN1_INT0_IRQHandler</a> from startup_n32h487.o(.text) referenced from startup_n32h487.o(RESET)
 <LI><a href="#[20]">FDCAN1_INT1_IRQHandler</a> from startup_n32h487.o(.text) referenced from startup_n32h487.o(RESET)
 <LI><a href="#[48]">FDCAN2_INT0_IRQHandler</a> from startup_n32h487.o(.text) referenced from startup_n32h487.o(RESET)
 <LI><a href="#[49]">FDCAN2_INT1_IRQHandler</a> from startup_n32h487.o(.text) referenced from startup_n32h487.o(RESET)
 <LI><a href="#[4a]">FDCAN3_INT0_IRQHandler</a> from startup_n32h487.o(.text) referenced from startup_n32h487.o(RESET)
 <LI><a href="#[4b]">FDCAN3_INT1_IRQHandler</a> from startup_n32h487.o(.text) referenced from startup_n32h487.o(RESET)
 <LI><a href="#[74]">FEMC_IRQHandler</a> from startup_n32h487.o(.text) referenced from startup_n32h487.o(RESET)
 <LI><a href="#[e]">FLASH_IRQHandler</a> from startup_n32h487.o(.text) referenced from startup_n32h487.o(RESET)
 <LI><a href="#[69]">FMAC_IRQ_IRQHandler</a> from startup_n32h487.o(.text) referenced from startup_n32h487.o(RESET)
 <LI><a href="#[70]">GTIM10_IRQHandler</a> from startup_n32h487.o(.text) referenced from startup_n32h487.o(RESET)
 <LI><a href="#[26]">GTIM1_IRQHandler</a> from startup_n32h487.o(.text) referenced from startup_n32h487.o(RESET)
 <LI><a href="#[27]">GTIM2_IRQHandler</a> from startup_n32h487.o(.text) referenced from startup_n32h487.o(RESET)
 <LI><a href="#[28]">GTIM3_IRQHandler</a> from startup_n32h487.o(.text) referenced from startup_n32h487.o(RESET)
 <LI><a href="#[3c]">GTIM4_IRQHandler</a> from startup_n32h487.o(.text) referenced from startup_n32h487.o(RESET)
 <LI><a href="#[61]">GTIM5_IRQHandler</a> from startup_n32h487.o(.text) referenced from startup_n32h487.o(RESET)
 <LI><a href="#[66]">GTIM6_IRQHandler</a> from startup_n32h487.o(.text) referenced from startup_n32h487.o(RESET)
 <LI><a href="#[6d]">GTIM7_IRQHandler</a> from startup_n32h487.o(.text) referenced from startup_n32h487.o(RESET)
 <LI><a href="#[6e]">GTIM8_IRQHandler</a> from startup_n32h487.o(.text) referenced from startup_n32h487.o(RESET)
 <LI><a href="#[6f]">GTIM9_IRQHandler</a> from startup_n32h487.o(.text) referenced from startup_n32h487.o(RESET)
 <LI><a href="#[2]">HardFault_Handler</a> from n32h47x_48x_it.o(i.HardFault_Handler) referenced from startup_n32h487.o(RESET)
 <LI><a href="#[2a]">I2C1_ER_IRQHandler</a> from startup_n32h487.o(.text) referenced from startup_n32h487.o(RESET)
 <LI><a href="#[29]">I2C1_EV_IRQHandler</a> from startup_n32h487.o(.text) referenced from startup_n32h487.o(RESET)
 <LI><a href="#[2c]">I2C2_ER_IRQHandler</a> from startup_n32h487.o(.text) referenced from startup_n32h487.o(RESET)
 <LI><a href="#[2b]">I2C2_EV_IRQHandler</a> from startup_n32h487.o(.text) referenced from startup_n32h487.o(RESET)
 <LI><a href="#[50]">I2C3_ER_IRQHandler</a> from startup_n32h487.o(.text) referenced from startup_n32h487.o(RESET)
 <LI><a href="#[4f]">I2C3_EV_IRQHandler</a> from startup_n32h487.o(.text) referenced from startup_n32h487.o(RESET)
 <LI><a href="#[52]">I2C4_ER_IRQHandler</a> from startup_n32h487.o(.text) referenced from startup_n32h487.o(RESET)
 <LI><a href="#[51]">I2C4_EV_IRQHandler</a> from startup_n32h487.o(.text) referenced from startup_n32h487.o(RESET)
 <LI><a href="#[67]">LPTIM1_WKUP_IRQHandler</a> from startup_n32h487.o(.text) referenced from startup_n32h487.o(RESET)
 <LI><a href="#[68]">LPTIM2_WKUP_IRQHandler</a> from startup_n32h487.o(.text) referenced from startup_n32h487.o(RESET)
 <LI><a href="#[3]">MemManage_Handler</a> from n32h47x_48x_it.o(i.MemManage_Handler) referenced from startup_n32h487.o(RESET)
 <LI><a href="#[1]">NMI_Handler</a> from n32h47x_48x_it.o(i.NMI_Handler) referenced from startup_n32h487.o(RESET)
 <LI><a href="#[b]">PVD_IRQHandler</a> from startup_n32h487.o(.text) referenced from startup_n32h487.o(RESET)
 <LI><a href="#[8]">PendSV_Handler</a> from startup_n32h487.o(.text) referenced from startup_n32h487.o(RESET)
 <LI><a href="#[f]">RCC_IRQHandler</a> from startup_n32h487.o(.text) referenced from startup_n32h487.o(RESET)
 <LI><a href="#[33]">RTCAlarm_IRQHandler</a> from startup_n32h487.o(.text) referenced from startup_n32h487.o(RESET)
 <LI><a href="#[c]">RTC_TAMPER_IRQHandler</a> from startup_n32h487.o(.text) referenced from startup_n32h487.o(RESET)
 <LI><a href="#[d]">RTC_WKUP_IRQHandler</a> from startup_n32h487.o(.text) referenced from startup_n32h487.o(RESET)
 <LI><a href="#[0]">Reset_Handler</a> from startup_n32h487.o(.text) referenced from startup_n32h487.o(RESET)
 <LI><a href="#[58]">SAC_IRQHandler</a> from startup_n32h487.o(.text) referenced from startup_n32h487.o(RESET)
 <LI><a href="#[3b]">SDIO_IRQHandler</a> from startup_n32h487.o(.text) referenced from startup_n32h487.o(RESET)
 <LI><a href="#[59]">SMPU_IRQHandler</a> from startup_n32h487.o(.text) referenced from startup_n32h487.o(RESET)
 <LI><a href="#[2d]">SPI1_IRQHandler</a> from startup_n32h487.o(.text) referenced from startup_n32h487.o(RESET)
 <LI><a href="#[2e]">SPI2_I2S2_IRQHandler</a> from startup_n32h487.o(.text) referenced from startup_n32h487.o(RESET)
 <LI><a href="#[3d]">SPI3_I2S3_IRQHandler</a> from startup_n32h487.o(.text) referenced from startup_n32h487.o(RESET)
 <LI><a href="#[5e]">SPI4_IRQHandler</a> from startup_n32h487.o(.text) referenced from startup_n32h487.o(RESET)
 <LI><a href="#[6b]">SPI5_IRQHandler</a> from startup_n32h487.o(.text) referenced from startup_n32h487.o(RESET)
 <LI><a href="#[6c]">SPI6_IRQHandler</a> from startup_n32h487.o(.text) referenced from startup_n32h487.o(RESET)
 <LI><a href="#[47]">SRAM_ERR_IRQHandler</a> from startup_n32h487.o(.text) referenced from startup_n32h487.o(RESET)
 <LI><a href="#[6]">SVC_Handler</a> from n32h47x_48x_it.o(i.SVC_Handler) referenced from startup_n32h487.o(RESET)
 <LI><a href="#[9]">SysTick_Handler</a> from n32h47x_48x_it.o(i.SysTick_Handler) referenced from startup_n32h487.o(RESET)
 <LI><a href="#[76]">SystemInit</a> from system_n32h47x_48x.o(i.SystemInit) referenced from startup_n32h487.o(.text)
 <LI><a href="#[3f]">UART5_IRQHandler</a> from startup_n32h487.o(.text) referenced from startup_n32h487.o(RESET)
 <LI><a href="#[53]">UART6_IRQHandler</a> from usart.o(i.UART6_IRQHandler) referenced from startup_n32h487.o(RESET)
 <LI><a href="#[54]">UART7_IRQHandler</a> from usart.o(i.UART7_IRQHandler) referenced from startup_n32h487.o(RESET)
 <LI><a href="#[5d]">UART8_IRQHandler</a> from startup_n32h487.o(.text) referenced from startup_n32h487.o(RESET)
 <LI><a href="#[3a]">UCDR_IRQHandler</a> from startup_n32h487.o(.text) referenced from startup_n32h487.o(RESET)
 <LI><a href="#[2f]">USART1_IRQHandler</a> from usart.o(i.USART1_IRQHandler) referenced from startup_n32h487.o(RESET)
 <LI><a href="#[30]">USART2_IRQHandler</a> from startup_n32h487.o(.text) referenced from startup_n32h487.o(RESET)
 <LI><a href="#[31]">USART3_IRQHandler</a> from startup_n32h487.o(.text) referenced from startup_n32h487.o(RESET)
 <LI><a href="#[3e]">USART4_IRQHandler</a> from usart.o(i.USART4_IRQHandler) referenced from startup_n32h487.o(RESET)
 <LI><a href="#[1d]">USB_FS_HP_IRQHandler</a> from startup_n32h487.o(.text) referenced from startup_n32h487.o(RESET)
 <LI><a href="#[1e]">USB_FS_LP_IRQHandler</a> from startup_n32h487.o(.text) referenced from startup_n32h487.o(RESET)
 <LI><a href="#[34]">USB_FS_WKUP_IRQHandler</a> from startup_n32h487.o(.text) referenced from startup_n32h487.o(RESET)
 <LI><a href="#[5b]">USB_HS_EPx_IN_IRQHandler</a> from startup_n32h487.o(.text) referenced from startup_n32h487.o(RESET)
 <LI><a href="#[5a]">USB_HS_EPx_OUT_IRQHandler</a> from startup_n32h487.o(.text) referenced from startup_n32h487.o(RESET)
 <LI><a href="#[73]">USB_HS_IRQHandler</a> from startup_n32h487.o(.text) referenced from startup_n32h487.o(RESET)
 <LI><a href="#[5c]">USB_HS_WKUP_IRQHandler</a> from startup_n32h487.o(.text) referenced from startup_n32h487.o(RESET)
 <LI><a href="#[5]">UsageFault_Handler</a> from n32h47x_48x_it.o(i.UsageFault_Handler) referenced from startup_n32h487.o(RESET)
 <LI><a href="#[a]">WWDG_IRQHandler</a> from startup_n32h487.o(.text) referenced from startup_n32h487.o(RESET)
 <LI><a href="#[4c]">XSPI_IRQHandler</a> from startup_n32h487.o(.text) referenced from startup_n32h487.o(RESET)
 <LI><a href="#[77]">__main</a> from entry.o(.ARM.Collect$$$$00000000) referenced from startup_n32h487.o(.text)
 <LI><a href="#[75]">main</a> from main.o(i.main) referenced from entry9a.o(.ARM.Collect$$$$0000000B)
</UL>
<P>
<H3>
Global Symbols
</H3>
<P><STRONG><a name="[77]"></a>__main</STRONG> (Thumb, 0 bytes, Stack size unknown bytes, entry.o(.ARM.Collect$$$$00000000))
<BR>[Address Reference Count : 1]<UL><LI> startup_n32h487.o(.text)
</UL>
<P><STRONG><a name="[9c]"></a>_main_stk</STRONG> (Thumb, 0 bytes, Stack size unknown bytes, entry2.o(.ARM.Collect$$$$00000001))

<P><STRONG><a name="[78]"></a>_main_scatterload</STRONG> (Thumb, 0 bytes, Stack size unknown bytes, entry5.o(.ARM.Collect$$$$00000004))
<BR><BR>[Calls]<UL><LI><a href="#[79]">&gt;&gt;</a>&nbsp;&nbsp;&nbsp;__scatterload
</UL>

<P><STRONG><a name="[7d]"></a>__main_after_scatterload</STRONG> (Thumb, 0 bytes, Stack size unknown bytes, entry5.o(.ARM.Collect$$$$00000004))
<BR><BR>[Called By]<UL><LI><a href="#[79]">&gt;&gt;</a>&nbsp;&nbsp;&nbsp;__scatterload
</UL>

<P><STRONG><a name="[9d]"></a>_main_clock</STRONG> (Thumb, 0 bytes, Stack size unknown bytes, entry7b.o(.ARM.Collect$$$$00000008))

<P><STRONG><a name="[9e]"></a>_main_cpp_init</STRONG> (Thumb, 0 bytes, Stack size unknown bytes, entry8b.o(.ARM.Collect$$$$0000000A))

<P><STRONG><a name="[9f]"></a>_main_init</STRONG> (Thumb, 0 bytes, Stack size unknown bytes, entry9a.o(.ARM.Collect$$$$0000000B))

<P><STRONG><a name="[a0]"></a>__rt_final_cpp</STRONG> (Thumb, 0 bytes, Stack size unknown bytes, entry10a.o(.ARM.Collect$$$$0000000D))

<P><STRONG><a name="[a1]"></a>__rt_final_exit</STRONG> (Thumb, 0 bytes, Stack size unknown bytes, entry11a.o(.ARM.Collect$$$$0000000F))

<P><STRONG><a name="[0]"></a>Reset_Handler</STRONG> (Thumb, 8 bytes, Stack size 0 bytes, startup_n32h487.o(.text))
<BR>[Address Reference Count : 1]<UL><LI> startup_n32h487.o(RESET)
</UL>
<P><STRONG><a name="[8]"></a>PendSV_Handler</STRONG> (Thumb, 2 bytes, Stack size 0 bytes, startup_n32h487.o(.text))
<BR><BR>[Calls]<UL><LI><a href="#[8]">&gt;&gt;</a>&nbsp;&nbsp;&nbsp;PendSV_Handler
</UL>
<BR>[Called By]<UL><LI><a href="#[8]">&gt;&gt;</a>&nbsp;&nbsp;&nbsp;PendSV_Handler
</UL>
<BR>[Address Reference Count : 1]<UL><LI> startup_n32h487.o(RESET)
</UL>
<P><STRONG><a name="[1c]"></a>ADC1_2_IRQHandler</STRONG> (Thumb, 0 bytes, Stack size 0 bytes, startup_n32h487.o(.text))
<BR><BR>[Calls]<UL><LI><a href="#[1c]">&gt;&gt;</a>&nbsp;&nbsp;&nbsp;ADC1_2_IRQHandler
</UL>
<BR>[Called By]<UL><LI><a href="#[1c]">&gt;&gt;</a>&nbsp;&nbsp;&nbsp;ADC1_2_IRQHandler
</UL>
<BR>[Address Reference Count : 1]<UL><LI> startup_n32h487.o(RESET)
</UL>
<P><STRONG><a name="[39]"></a>ADC3_ADC4_IRQHandler</STRONG> (Thumb, 0 bytes, Stack size 0 bytes, startup_n32h487.o(.text))
<BR>[Address Reference Count : 1]<UL><LI> startup_n32h487.o(RESET)
</UL>
<P><STRONG><a name="[22]"></a>ATIM1_BRK_IRQHandler</STRONG> (Thumb, 0 bytes, Stack size 0 bytes, startup_n32h487.o(.text))
<BR>[Address Reference Count : 1]<UL><LI> startup_n32h487.o(RESET)
</UL>
<P><STRONG><a name="[25]"></a>ATIM1_CC_IRQHandler</STRONG> (Thumb, 0 bytes, Stack size 0 bytes, startup_n32h487.o(.text))
<BR>[Address Reference Count : 1]<UL><LI> startup_n32h487.o(RESET)
</UL>
<P><STRONG><a name="[24]"></a>ATIM1_TRG_COM_IRQHandler</STRONG> (Thumb, 0 bytes, Stack size 0 bytes, startup_n32h487.o(.text))
<BR>[Address Reference Count : 1]<UL><LI> startup_n32h487.o(RESET)
</UL>
<P><STRONG><a name="[23]"></a>ATIM1_UP_IRQHandler</STRONG> (Thumb, 0 bytes, Stack size 0 bytes, startup_n32h487.o(.text))
<BR>[Address Reference Count : 1]<UL><LI> startup_n32h487.o(RESET)
</UL>
<P><STRONG><a name="[35]"></a>ATIM2_BRK_IRQHandler</STRONG> (Thumb, 0 bytes, Stack size 0 bytes, startup_n32h487.o(.text))
<BR>[Address Reference Count : 1]<UL><LI> startup_n32h487.o(RESET)
</UL>
<P><STRONG><a name="[38]"></a>ATIM2_CC_IRQHandler</STRONG> (Thumb, 0 bytes, Stack size 0 bytes, startup_n32h487.o(.text))
<BR>[Address Reference Count : 1]<UL><LI> startup_n32h487.o(RESET)
</UL>
<P><STRONG><a name="[37]"></a>ATIM2_TRG_COM_IRQHandler</STRONG> (Thumb, 0 bytes, Stack size 0 bytes, startup_n32h487.o(.text))
<BR>[Address Reference Count : 1]<UL><LI> startup_n32h487.o(RESET)
</UL>
<P><STRONG><a name="[36]"></a>ATIM2_UP_IRQHandler</STRONG> (Thumb, 0 bytes, Stack size 0 bytes, startup_n32h487.o(.text))
<BR>[Address Reference Count : 1]<UL><LI> startup_n32h487.o(RESET)
</UL>
<P><STRONG><a name="[62]"></a>ATIM3_BRK_IRQHandler</STRONG> (Thumb, 0 bytes, Stack size 0 bytes, startup_n32h487.o(.text))
<BR>[Address Reference Count : 1]<UL><LI> startup_n32h487.o(RESET)
</UL>
<P><STRONG><a name="[65]"></a>ATIM3_CC_IRQHandler</STRONG> (Thumb, 0 bytes, Stack size 0 bytes, startup_n32h487.o(.text))
<BR>[Address Reference Count : 1]<UL><LI> startup_n32h487.o(RESET)
</UL>
<P><STRONG><a name="[64]"></a>ATIM3_TRG_COM_IRQHandler</STRONG> (Thumb, 0 bytes, Stack size 0 bytes, startup_n32h487.o(.text))
<BR>[Address Reference Count : 1]<UL><LI> startup_n32h487.o(RESET)
</UL>
<P><STRONG><a name="[63]"></a>ATIM3_UP_IRQHandler</STRONG> (Thumb, 0 bytes, Stack size 0 bytes, startup_n32h487.o(.text))
<BR>[Address Reference Count : 1]<UL><LI> startup_n32h487.o(RESET)
</UL>
<P><STRONG><a name="[40]"></a>BTIM1_IRQHandler</STRONG> (Thumb, 0 bytes, Stack size 0 bytes, startup_n32h487.o(.text))
<BR>[Address Reference Count : 1]<UL><LI> startup_n32h487.o(RESET)
</UL>
<P><STRONG><a name="[41]"></a>BTIM2_IRQHandler</STRONG> (Thumb, 0 bytes, Stack size 0 bytes, startup_n32h487.o(.text))
<BR>[Address Reference Count : 1]<UL><LI> startup_n32h487.o(RESET)
</UL>
<P><STRONG><a name="[6a]"></a>Cordic_IRQ_IRQHandler</STRONG> (Thumb, 0 bytes, Stack size 0 bytes, startup_n32h487.o(.text))
<BR>[Address Reference Count : 1]<UL><LI> startup_n32h487.o(RESET)
</UL>
<P><STRONG><a name="[71]"></a>DAC1_2_3_4_Underflow_IRQHandler</STRONG> (Thumb, 0 bytes, Stack size 0 bytes, startup_n32h487.o(.text))
<BR>[Address Reference Count : 1]<UL><LI> startup_n32h487.o(RESET)
</UL>
<P><STRONG><a name="[72]"></a>DAC5_6_7_8_Underflow_IRQHandler</STRONG> (Thumb, 0 bytes, Stack size 0 bytes, startup_n32h487.o(.text))
<BR>[Address Reference Count : 1]<UL><LI> startup_n32h487.o(RESET)
</UL>
<P><STRONG><a name="[15]"></a>DMA1_Channel1_IRQHandler</STRONG> (Thumb, 0 bytes, Stack size 0 bytes, startup_n32h487.o(.text))
<BR>[Address Reference Count : 1]<UL><LI> startup_n32h487.o(RESET)
</UL>
<P><STRONG><a name="[16]"></a>DMA1_Channel2_IRQHandler</STRONG> (Thumb, 0 bytes, Stack size 0 bytes, startup_n32h487.o(.text))
<BR>[Address Reference Count : 1]<UL><LI> startup_n32h487.o(RESET)
</UL>
<P><STRONG><a name="[17]"></a>DMA1_Channel3_IRQHandler</STRONG> (Thumb, 0 bytes, Stack size 0 bytes, startup_n32h487.o(.text))
<BR>[Address Reference Count : 1]<UL><LI> startup_n32h487.o(RESET)
</UL>
<P><STRONG><a name="[18]"></a>DMA1_Channel4_IRQHandler</STRONG> (Thumb, 0 bytes, Stack size 0 bytes, startup_n32h487.o(.text))
<BR>[Address Reference Count : 1]<UL><LI> startup_n32h487.o(RESET)
</UL>
<P><STRONG><a name="[19]"></a>DMA1_Channel5_IRQHandler</STRONG> (Thumb, 0 bytes, Stack size 0 bytes, startup_n32h487.o(.text))
<BR>[Address Reference Count : 1]<UL><LI> startup_n32h487.o(RESET)
</UL>
<P><STRONG><a name="[1a]"></a>DMA1_Channel6_IRQHandler</STRONG> (Thumb, 0 bytes, Stack size 0 bytes, startup_n32h487.o(.text))
<BR>[Address Reference Count : 1]<UL><LI> startup_n32h487.o(RESET)
</UL>
<P><STRONG><a name="[1b]"></a>DMA1_Channel7_IRQHandler</STRONG> (Thumb, 0 bytes, Stack size 0 bytes, startup_n32h487.o(.text))
<BR>[Address Reference Count : 1]<UL><LI> startup_n32h487.o(RESET)
</UL>
<P><STRONG><a name="[55]"></a>DMA1_Channel8_IRQHandler</STRONG> (Thumb, 0 bytes, Stack size 0 bytes, startup_n32h487.o(.text))
<BR>[Address Reference Count : 1]<UL><LI> startup_n32h487.o(RESET)
</UL>
<P><STRONG><a name="[42]"></a>DMA2_Channel1_IRQHandler</STRONG> (Thumb, 0 bytes, Stack size 0 bytes, startup_n32h487.o(.text))
<BR>[Address Reference Count : 1]<UL><LI> startup_n32h487.o(RESET)
</UL>
<P><STRONG><a name="[43]"></a>DMA2_Channel2_IRQHandler</STRONG> (Thumb, 0 bytes, Stack size 0 bytes, startup_n32h487.o(.text))
<BR>[Address Reference Count : 1]<UL><LI> startup_n32h487.o(RESET)
</UL>
<P><STRONG><a name="[44]"></a>DMA2_Channel3_IRQHandler</STRONG> (Thumb, 0 bytes, Stack size 0 bytes, startup_n32h487.o(.text))
<BR>[Address Reference Count : 1]<UL><LI> startup_n32h487.o(RESET)
</UL>
<P><STRONG><a name="[45]"></a>DMA2_Channel4_IRQHandler</STRONG> (Thumb, 0 bytes, Stack size 0 bytes, startup_n32h487.o(.text))
<BR>[Address Reference Count : 1]<UL><LI> startup_n32h487.o(RESET)
</UL>
<P><STRONG><a name="[46]"></a>DMA2_Channel5_IRQHandler</STRONG> (Thumb, 0 bytes, Stack size 0 bytes, startup_n32h487.o(.text))
<BR>[Address Reference Count : 1]<UL><LI> startup_n32h487.o(RESET)
</UL>
<P><STRONG><a name="[4d]"></a>DMA2_Channel6_IRQHandler</STRONG> (Thumb, 0 bytes, Stack size 0 bytes, startup_n32h487.o(.text))
<BR>[Address Reference Count : 1]<UL><LI> startup_n32h487.o(RESET)
</UL>
<P><STRONG><a name="[4e]"></a>DMA2_Channel7_IRQHandler</STRONG> (Thumb, 0 bytes, Stack size 0 bytes, startup_n32h487.o(.text))
<BR>[Address Reference Count : 1]<UL><LI> startup_n32h487.o(RESET)
</UL>
<P><STRONG><a name="[56]"></a>DMA2_Channel8_IRQHandler</STRONG> (Thumb, 0 bytes, Stack size 0 bytes, startup_n32h487.o(.text))
<BR>[Address Reference Count : 1]<UL><LI> startup_n32h487.o(RESET)
</UL>
<P><STRONG><a name="[57]"></a>DVP_IRQHandler</STRONG> (Thumb, 0 bytes, Stack size 0 bytes, startup_n32h487.o(.text))
<BR>[Address Reference Count : 1]<UL><LI> startup_n32h487.o(RESET)
</UL>
<P><STRONG><a name="[5f]"></a>ETH_IRQHandler</STRONG> (Thumb, 0 bytes, Stack size 0 bytes, startup_n32h487.o(.text))
<BR>[Address Reference Count : 1]<UL><LI> startup_n32h487.o(RESET)
</UL>
<P><STRONG><a name="[60]"></a>ETH_WKUP_IRQHandler</STRONG> (Thumb, 0 bytes, Stack size 0 bytes, startup_n32h487.o(.text))
<BR>[Address Reference Count : 1]<UL><LI> startup_n32h487.o(RESET)
</UL>
<P><STRONG><a name="[10]"></a>EXTI0_IRQHandler</STRONG> (Thumb, 0 bytes, Stack size 0 bytes, startup_n32h487.o(.text))
<BR>[Address Reference Count : 1]<UL><LI> startup_n32h487.o(RESET)
</UL>
<P><STRONG><a name="[32]"></a>EXTI15_10_IRQHandler</STRONG> (Thumb, 0 bytes, Stack size 0 bytes, startup_n32h487.o(.text))
<BR>[Address Reference Count : 1]<UL><LI> startup_n32h487.o(RESET)
</UL>
<P><STRONG><a name="[11]"></a>EXTI1_IRQHandler</STRONG> (Thumb, 0 bytes, Stack size 0 bytes, startup_n32h487.o(.text))
<BR>[Address Reference Count : 1]<UL><LI> startup_n32h487.o(RESET)
</UL>
<P><STRONG><a name="[12]"></a>EXTI2_IRQHandler</STRONG> (Thumb, 0 bytes, Stack size 0 bytes, startup_n32h487.o(.text))
<BR>[Address Reference Count : 1]<UL><LI> startup_n32h487.o(RESET)
</UL>
<P><STRONG><a name="[13]"></a>EXTI3_IRQHandler</STRONG> (Thumb, 0 bytes, Stack size 0 bytes, startup_n32h487.o(.text))
<BR>[Address Reference Count : 1]<UL><LI> startup_n32h487.o(RESET)
</UL>
<P><STRONG><a name="[14]"></a>EXTI4_IRQHandler</STRONG> (Thumb, 0 bytes, Stack size 0 bytes, startup_n32h487.o(.text))
<BR>[Address Reference Count : 1]<UL><LI> startup_n32h487.o(RESET)
</UL>
<P><STRONG><a name="[21]"></a>EXTI9_5_IRQHandler</STRONG> (Thumb, 0 bytes, Stack size 0 bytes, startup_n32h487.o(.text))
<BR>[Address Reference Count : 1]<UL><LI> startup_n32h487.o(RESET)
</UL>
<P><STRONG><a name="[1f]"></a>FDCAN1_INT0_IRQHandler</STRONG> (Thumb, 0 bytes, Stack size 0 bytes, startup_n32h487.o(.text))
<BR>[Address Reference Count : 1]<UL><LI> startup_n32h487.o(RESET)
</UL>
<P><STRONG><a name="[20]"></a>FDCAN1_INT1_IRQHandler</STRONG> (Thumb, 0 bytes, Stack size 0 bytes, startup_n32h487.o(.text))
<BR>[Address Reference Count : 1]<UL><LI> startup_n32h487.o(RESET)
</UL>
<P><STRONG><a name="[48]"></a>FDCAN2_INT0_IRQHandler</STRONG> (Thumb, 0 bytes, Stack size 0 bytes, startup_n32h487.o(.text))
<BR>[Address Reference Count : 1]<UL><LI> startup_n32h487.o(RESET)
</UL>
<P><STRONG><a name="[49]"></a>FDCAN2_INT1_IRQHandler</STRONG> (Thumb, 0 bytes, Stack size 0 bytes, startup_n32h487.o(.text))
<BR>[Address Reference Count : 1]<UL><LI> startup_n32h487.o(RESET)
</UL>
<P><STRONG><a name="[4a]"></a>FDCAN3_INT0_IRQHandler</STRONG> (Thumb, 0 bytes, Stack size 0 bytes, startup_n32h487.o(.text))
<BR>[Address Reference Count : 1]<UL><LI> startup_n32h487.o(RESET)
</UL>
<P><STRONG><a name="[4b]"></a>FDCAN3_INT1_IRQHandler</STRONG> (Thumb, 0 bytes, Stack size 0 bytes, startup_n32h487.o(.text))
<BR>[Address Reference Count : 1]<UL><LI> startup_n32h487.o(RESET)
</UL>
<P><STRONG><a name="[74]"></a>FEMC_IRQHandler</STRONG> (Thumb, 0 bytes, Stack size 0 bytes, startup_n32h487.o(.text))
<BR>[Address Reference Count : 1]<UL><LI> startup_n32h487.o(RESET)
</UL>
<P><STRONG><a name="[e]"></a>FLASH_IRQHandler</STRONG> (Thumb, 0 bytes, Stack size 0 bytes, startup_n32h487.o(.text))
<BR>[Address Reference Count : 1]<UL><LI> startup_n32h487.o(RESET)
</UL>
<P><STRONG><a name="[69]"></a>FMAC_IRQ_IRQHandler</STRONG> (Thumb, 0 bytes, Stack size 0 bytes, startup_n32h487.o(.text))
<BR>[Address Reference Count : 1]<UL><LI> startup_n32h487.o(RESET)
</UL>
<P><STRONG><a name="[70]"></a>GTIM10_IRQHandler</STRONG> (Thumb, 0 bytes, Stack size 0 bytes, startup_n32h487.o(.text))
<BR>[Address Reference Count : 1]<UL><LI> startup_n32h487.o(RESET)
</UL>
<P><STRONG><a name="[26]"></a>GTIM1_IRQHandler</STRONG> (Thumb, 0 bytes, Stack size 0 bytes, startup_n32h487.o(.text))
<BR>[Address Reference Count : 1]<UL><LI> startup_n32h487.o(RESET)
</UL>
<P><STRONG><a name="[27]"></a>GTIM2_IRQHandler</STRONG> (Thumb, 0 bytes, Stack size 0 bytes, startup_n32h487.o(.text))
<BR>[Address Reference Count : 1]<UL><LI> startup_n32h487.o(RESET)
</UL>
<P><STRONG><a name="[28]"></a>GTIM3_IRQHandler</STRONG> (Thumb, 0 bytes, Stack size 0 bytes, startup_n32h487.o(.text))
<BR>[Address Reference Count : 1]<UL><LI> startup_n32h487.o(RESET)
</UL>
<P><STRONG><a name="[3c]"></a>GTIM4_IRQHandler</STRONG> (Thumb, 0 bytes, Stack size 0 bytes, startup_n32h487.o(.text))
<BR>[Address Reference Count : 1]<UL><LI> startup_n32h487.o(RESET)
</UL>
<P><STRONG><a name="[61]"></a>GTIM5_IRQHandler</STRONG> (Thumb, 0 bytes, Stack size 0 bytes, startup_n32h487.o(.text))
<BR>[Address Reference Count : 1]<UL><LI> startup_n32h487.o(RESET)
</UL>
<P><STRONG><a name="[66]"></a>GTIM6_IRQHandler</STRONG> (Thumb, 0 bytes, Stack size 0 bytes, startup_n32h487.o(.text))
<BR>[Address Reference Count : 1]<UL><LI> startup_n32h487.o(RESET)
</UL>
<P><STRONG><a name="[6d]"></a>GTIM7_IRQHandler</STRONG> (Thumb, 0 bytes, Stack size 0 bytes, startup_n32h487.o(.text))
<BR>[Address Reference Count : 1]<UL><LI> startup_n32h487.o(RESET)
</UL>
<P><STRONG><a name="[6e]"></a>GTIM8_IRQHandler</STRONG> (Thumb, 0 bytes, Stack size 0 bytes, startup_n32h487.o(.text))
<BR>[Address Reference Count : 1]<UL><LI> startup_n32h487.o(RESET)
</UL>
<P><STRONG><a name="[6f]"></a>GTIM9_IRQHandler</STRONG> (Thumb, 0 bytes, Stack size 0 bytes, startup_n32h487.o(.text))
<BR>[Address Reference Count : 1]<UL><LI> startup_n32h487.o(RESET)
</UL>
<P><STRONG><a name="[2a]"></a>I2C1_ER_IRQHandler</STRONG> (Thumb, 0 bytes, Stack size 0 bytes, startup_n32h487.o(.text))
<BR>[Address Reference Count : 1]<UL><LI> startup_n32h487.o(RESET)
</UL>
<P><STRONG><a name="[29]"></a>I2C1_EV_IRQHandler</STRONG> (Thumb, 0 bytes, Stack size 0 bytes, startup_n32h487.o(.text))
<BR>[Address Reference Count : 1]<UL><LI> startup_n32h487.o(RESET)
</UL>
<P><STRONG><a name="[2c]"></a>I2C2_ER_IRQHandler</STRONG> (Thumb, 0 bytes, Stack size 0 bytes, startup_n32h487.o(.text))
<BR>[Address Reference Count : 1]<UL><LI> startup_n32h487.o(RESET)
</UL>
<P><STRONG><a name="[2b]"></a>I2C2_EV_IRQHandler</STRONG> (Thumb, 0 bytes, Stack size 0 bytes, startup_n32h487.o(.text))
<BR>[Address Reference Count : 1]<UL><LI> startup_n32h487.o(RESET)
</UL>
<P><STRONG><a name="[50]"></a>I2C3_ER_IRQHandler</STRONG> (Thumb, 0 bytes, Stack size 0 bytes, startup_n32h487.o(.text))
<BR>[Address Reference Count : 1]<UL><LI> startup_n32h487.o(RESET)
</UL>
<P><STRONG><a name="[4f]"></a>I2C3_EV_IRQHandler</STRONG> (Thumb, 0 bytes, Stack size 0 bytes, startup_n32h487.o(.text))
<BR>[Address Reference Count : 1]<UL><LI> startup_n32h487.o(RESET)
</UL>
<P><STRONG><a name="[52]"></a>I2C4_ER_IRQHandler</STRONG> (Thumb, 0 bytes, Stack size 0 bytes, startup_n32h487.o(.text))
<BR>[Address Reference Count : 1]<UL><LI> startup_n32h487.o(RESET)
</UL>
<P><STRONG><a name="[51]"></a>I2C4_EV_IRQHandler</STRONG> (Thumb, 0 bytes, Stack size 0 bytes, startup_n32h487.o(.text))
<BR>[Address Reference Count : 1]<UL><LI> startup_n32h487.o(RESET)
</UL>
<P><STRONG><a name="[67]"></a>LPTIM1_WKUP_IRQHandler</STRONG> (Thumb, 0 bytes, Stack size 0 bytes, startup_n32h487.o(.text))
<BR>[Address Reference Count : 1]<UL><LI> startup_n32h487.o(RESET)
</UL>
<P><STRONG><a name="[68]"></a>LPTIM2_WKUP_IRQHandler</STRONG> (Thumb, 0 bytes, Stack size 0 bytes, startup_n32h487.o(.text))
<BR>[Address Reference Count : 1]<UL><LI> startup_n32h487.o(RESET)
</UL>
<P><STRONG><a name="[b]"></a>PVD_IRQHandler</STRONG> (Thumb, 0 bytes, Stack size 0 bytes, startup_n32h487.o(.text))
<BR>[Address Reference Count : 1]<UL><LI> startup_n32h487.o(RESET)
</UL>
<P><STRONG><a name="[f]"></a>RCC_IRQHandler</STRONG> (Thumb, 0 bytes, Stack size 0 bytes, startup_n32h487.o(.text))
<BR>[Address Reference Count : 1]<UL><LI> startup_n32h487.o(RESET)
</UL>
<P><STRONG><a name="[33]"></a>RTCAlarm_IRQHandler</STRONG> (Thumb, 0 bytes, Stack size 0 bytes, startup_n32h487.o(.text))
<BR>[Address Reference Count : 1]<UL><LI> startup_n32h487.o(RESET)
</UL>
<P><STRONG><a name="[c]"></a>RTC_TAMPER_IRQHandler</STRONG> (Thumb, 0 bytes, Stack size 0 bytes, startup_n32h487.o(.text))
<BR>[Address Reference Count : 1]<UL><LI> startup_n32h487.o(RESET)
</UL>
<P><STRONG><a name="[d]"></a>RTC_WKUP_IRQHandler</STRONG> (Thumb, 0 bytes, Stack size 0 bytes, startup_n32h487.o(.text))
<BR>[Address Reference Count : 1]<UL><LI> startup_n32h487.o(RESET)
</UL>
<P><STRONG><a name="[58]"></a>SAC_IRQHandler</STRONG> (Thumb, 0 bytes, Stack size 0 bytes, startup_n32h487.o(.text))
<BR>[Address Reference Count : 1]<UL><LI> startup_n32h487.o(RESET)
</UL>
<P><STRONG><a name="[3b]"></a>SDIO_IRQHandler</STRONG> (Thumb, 0 bytes, Stack size 0 bytes, startup_n32h487.o(.text))
<BR>[Address Reference Count : 1]<UL><LI> startup_n32h487.o(RESET)
</UL>
<P><STRONG><a name="[59]"></a>SMPU_IRQHandler</STRONG> (Thumb, 0 bytes, Stack size 0 bytes, startup_n32h487.o(.text))
<BR>[Address Reference Count : 1]<UL><LI> startup_n32h487.o(RESET)
</UL>
<P><STRONG><a name="[2d]"></a>SPI1_IRQHandler</STRONG> (Thumb, 0 bytes, Stack size 0 bytes, startup_n32h487.o(.text))
<BR>[Address Reference Count : 1]<UL><LI> startup_n32h487.o(RESET)
</UL>
<P><STRONG><a name="[2e]"></a>SPI2_I2S2_IRQHandler</STRONG> (Thumb, 0 bytes, Stack size 0 bytes, startup_n32h487.o(.text))
<BR>[Address Reference Count : 1]<UL><LI> startup_n32h487.o(RESET)
</UL>
<P><STRONG><a name="[3d]"></a>SPI3_I2S3_IRQHandler</STRONG> (Thumb, 0 bytes, Stack size 0 bytes, startup_n32h487.o(.text))
<BR>[Address Reference Count : 1]<UL><LI> startup_n32h487.o(RESET)
</UL>
<P><STRONG><a name="[5e]"></a>SPI4_IRQHandler</STRONG> (Thumb, 0 bytes, Stack size 0 bytes, startup_n32h487.o(.text))
<BR>[Address Reference Count : 1]<UL><LI> startup_n32h487.o(RESET)
</UL>
<P><STRONG><a name="[6b]"></a>SPI5_IRQHandler</STRONG> (Thumb, 0 bytes, Stack size 0 bytes, startup_n32h487.o(.text))
<BR>[Address Reference Count : 1]<UL><LI> startup_n32h487.o(RESET)
</UL>
<P><STRONG><a name="[6c]"></a>SPI6_IRQHandler</STRONG> (Thumb, 0 bytes, Stack size 0 bytes, startup_n32h487.o(.text))
<BR>[Address Reference Count : 1]<UL><LI> startup_n32h487.o(RESET)
</UL>
<P><STRONG><a name="[47]"></a>SRAM_ERR_IRQHandler</STRONG> (Thumb, 0 bytes, Stack size 0 bytes, startup_n32h487.o(.text))
<BR>[Address Reference Count : 1]<UL><LI> startup_n32h487.o(RESET)
</UL>
<P><STRONG><a name="[3f]"></a>UART5_IRQHandler</STRONG> (Thumb, 0 bytes, Stack size 0 bytes, startup_n32h487.o(.text))
<BR>[Address Reference Count : 1]<UL><LI> startup_n32h487.o(RESET)
</UL>
<P><STRONG><a name="[5d]"></a>UART8_IRQHandler</STRONG> (Thumb, 0 bytes, Stack size 0 bytes, startup_n32h487.o(.text))
<BR>[Address Reference Count : 1]<UL><LI> startup_n32h487.o(RESET)
</UL>
<P><STRONG><a name="[3a]"></a>UCDR_IRQHandler</STRONG> (Thumb, 0 bytes, Stack size 0 bytes, startup_n32h487.o(.text))
<BR>[Address Reference Count : 1]<UL><LI> startup_n32h487.o(RESET)
</UL>
<P><STRONG><a name="[30]"></a>USART2_IRQHandler</STRONG> (Thumb, 0 bytes, Stack size 0 bytes, startup_n32h487.o(.text))
<BR>[Address Reference Count : 1]<UL><LI> startup_n32h487.o(RESET)
</UL>
<P><STRONG><a name="[31]"></a>USART3_IRQHandler</STRONG> (Thumb, 0 bytes, Stack size 0 bytes, startup_n32h487.o(.text))
<BR>[Address Reference Count : 1]<UL><LI> startup_n32h487.o(RESET)
</UL>
<P><STRONG><a name="[1d]"></a>USB_FS_HP_IRQHandler</STRONG> (Thumb, 0 bytes, Stack size 0 bytes, startup_n32h487.o(.text))
<BR>[Address Reference Count : 1]<UL><LI> startup_n32h487.o(RESET)
</UL>
<P><STRONG><a name="[1e]"></a>USB_FS_LP_IRQHandler</STRONG> (Thumb, 0 bytes, Stack size 0 bytes, startup_n32h487.o(.text))
<BR>[Address Reference Count : 1]<UL><LI> startup_n32h487.o(RESET)
</UL>
<P><STRONG><a name="[34]"></a>USB_FS_WKUP_IRQHandler</STRONG> (Thumb, 0 bytes, Stack size 0 bytes, startup_n32h487.o(.text))
<BR>[Address Reference Count : 1]<UL><LI> startup_n32h487.o(RESET)
</UL>
<P><STRONG><a name="[5b]"></a>USB_HS_EPx_IN_IRQHandler</STRONG> (Thumb, 0 bytes, Stack size 0 bytes, startup_n32h487.o(.text))
<BR>[Address Reference Count : 1]<UL><LI> startup_n32h487.o(RESET)
</UL>
<P><STRONG><a name="[5a]"></a>USB_HS_EPx_OUT_IRQHandler</STRONG> (Thumb, 0 bytes, Stack size 0 bytes, startup_n32h487.o(.text))
<BR>[Address Reference Count : 1]<UL><LI> startup_n32h487.o(RESET)
</UL>
<P><STRONG><a name="[73]"></a>USB_HS_IRQHandler</STRONG> (Thumb, 0 bytes, Stack size 0 bytes, startup_n32h487.o(.text))
<BR>[Address Reference Count : 1]<UL><LI> startup_n32h487.o(RESET)
</UL>
<P><STRONG><a name="[5c]"></a>USB_HS_WKUP_IRQHandler</STRONG> (Thumb, 0 bytes, Stack size 0 bytes, startup_n32h487.o(.text))
<BR>[Address Reference Count : 1]<UL><LI> startup_n32h487.o(RESET)
</UL>
<P><STRONG><a name="[a]"></a>WWDG_IRQHandler</STRONG> (Thumb, 0 bytes, Stack size 0 bytes, startup_n32h487.o(.text))
<BR>[Address Reference Count : 1]<UL><LI> startup_n32h487.o(RESET)
</UL>
<P><STRONG><a name="[4c]"></a>XSPI_IRQHandler</STRONG> (Thumb, 0 bytes, Stack size 0 bytes, startup_n32h487.o(.text))
<BR>[Address Reference Count : 1]<UL><LI> startup_n32h487.o(RESET)
</UL>
<P><STRONG><a name="[a2]"></a>__aeabi_memcpy</STRONG> (Thumb, 36 bytes, Stack size 0 bytes, memcpya.o(.text), UNUSED)

<P><STRONG><a name="[82]"></a>__aeabi_memcpy4</STRONG> (Thumb, 0 bytes, Stack size 0 bytes, memcpya.o(.text))
<BR><BR>[Called By]<UL><LI><a href="#[89]">&gt;&gt;</a>&nbsp;&nbsp;&nbsp;LED_Configuration
<LI><a href="#[7e]">&gt;&gt;</a>&nbsp;&nbsp;&nbsp;GPIO_INIT
</UL>

<P><STRONG><a name="[a3]"></a>__aeabi_memcpy8</STRONG> (Thumb, 0 bytes, Stack size 0 bytes, memcpya.o(.text), UNUSED)

<P><STRONG><a name="[7b]"></a>__aeabi_memset</STRONG> (Thumb, 14 bytes, Stack size 0 bytes, memseta.o(.text), UNUSED)
<BR><BR>[Called By]<UL><LI><a href="#[7c]">&gt;&gt;</a>&nbsp;&nbsp;&nbsp;_memset$wrapper
<LI><a href="#[7a]">&gt;&gt;</a>&nbsp;&nbsp;&nbsp;__aeabi_memclr
</UL>

<P><STRONG><a name="[a4]"></a>__aeabi_memset4</STRONG> (Thumb, 0 bytes, Stack size 0 bytes, memseta.o(.text), UNUSED)

<P><STRONG><a name="[a5]"></a>__aeabi_memset8</STRONG> (Thumb, 0 bytes, Stack size 0 bytes, memseta.o(.text), UNUSED)

<P><STRONG><a name="[7a]"></a>__aeabi_memclr</STRONG> (Thumb, 4 bytes, Stack size 0 bytes, memseta.o(.text), UNUSED)
<BR><BR>[Calls]<UL><LI><a href="#[7b]">&gt;&gt;</a>&nbsp;&nbsp;&nbsp;__aeabi_memset
</UL>

<P><STRONG><a name="[81]"></a>__aeabi_memclr4</STRONG> (Thumb, 0 bytes, Stack size 0 bytes, memseta.o(.text))
<BR><BR>[Called By]<UL><LI><a href="#[7e]">&gt;&gt;</a>&nbsp;&nbsp;&nbsp;GPIO_INIT
</UL>

<P><STRONG><a name="[a6]"></a>__aeabi_memclr8</STRONG> (Thumb, 0 bytes, Stack size 0 bytes, memseta.o(.text), UNUSED)

<P><STRONG><a name="[7c]"></a>_memset$wrapper</STRONG> (Thumb, 18 bytes, Stack size 8 bytes, memseta.o(.text), UNUSED)
<BR><BR>[Calls]<UL><LI><a href="#[7b]">&gt;&gt;</a>&nbsp;&nbsp;&nbsp;__aeabi_memset
</UL>

<P><STRONG><a name="[79]"></a>__scatterload</STRONG> (Thumb, 28 bytes, Stack size 0 bytes, init.o(.text))
<BR><BR>[Calls]<UL><LI><a href="#[7d]">&gt;&gt;</a>&nbsp;&nbsp;&nbsp;__main_after_scatterload
</UL>
<BR>[Called By]<UL><LI><a href="#[78]">&gt;&gt;</a>&nbsp;&nbsp;&nbsp;_main_scatterload
</UL>

<P><STRONG><a name="[a7]"></a>__scatterload_rt2</STRONG> (Thumb, 0 bytes, Stack size 0 bytes, init.o(.text), UNUSED)

<P><STRONG><a name="[4]"></a>BusFault_Handler</STRONG> (Thumb, 4 bytes, Stack size 0 bytes, n32h47x_48x_it.o(i.BusFault_Handler))
<BR>[Address Reference Count : 1]<UL><LI> startup_n32h487.o(RESET)
</UL>
<P><STRONG><a name="[97]"></a>DMA_EnableChannel</STRONG> (Thumb, 22 bytes, Stack size 0 bytes, n32h47x_48x_dma.o(i.DMA_EnableChannel))
<BR><BR>[Called By]<UL><LI><a href="#[92]">&gt;&gt;</a>&nbsp;&nbsp;&nbsp;USART_IRQHandler
</UL>

<P><STRONG><a name="[95]"></a>DMA_GetCurrDataCounter</STRONG> (Thumb, 8 bytes, Stack size 0 bytes, n32h47x_48x_dma.o(i.DMA_GetCurrDataCounter))
<BR><BR>[Called By]<UL><LI><a href="#[92]">&gt;&gt;</a>&nbsp;&nbsp;&nbsp;USART_IRQHandler
</UL>

<P><STRONG><a name="[98]"></a>DMA_SetCurrDataCounter</STRONG> (Thumb, 4 bytes, Stack size 0 bytes, n32h47x_48x_dma.o(i.DMA_SetCurrDataCounter))
<BR><BR>[Called By]<UL><LI><a href="#[92]">&gt;&gt;</a>&nbsp;&nbsp;&nbsp;USART_IRQHandler
</UL>

<P><STRONG><a name="[7]"></a>DebugMon_Handler</STRONG> (Thumb, 2 bytes, Stack size 0 bytes, n32h47x_48x_it.o(i.DebugMon_Handler))
<BR>[Address Reference Count : 1]<UL><LI> startup_n32h487.o(RESET)
</UL>
<P><STRONG><a name="[8b]"></a>GPIO_ConfigPinRemap</STRONG> (Thumb, 70 bytes, Stack size 20 bytes, n32h47x_48x_gpio.o(i.GPIO_ConfigPinRemap))
<BR><BR>[Stack]<UL><LI>Max Depth = 20<LI>Call Chain = GPIO_ConfigPinRemap
</UL>
<BR>[Called By]<UL><LI><a href="#[89]">&gt;&gt;</a>&nbsp;&nbsp;&nbsp;LED_Configuration
</UL>

<P><STRONG><a name="[7e]"></a>GPIO_INIT</STRONG> (Thumb, 68 bytes, Stack size 72 bytes, init.o(i.GPIO_INIT))
<BR><BR>[Stack]<UL><LI>Max Depth = 92<LI>Call Chain = GPIO_INIT &rArr; GPIO_InitPeripheral
</UL>
<BR>[Calls]<UL><LI><a href="#[80]">&gt;&gt;</a>&nbsp;&nbsp;&nbsp;GPIO_InitStruct
<LI><a href="#[83]">&gt;&gt;</a>&nbsp;&nbsp;&nbsp;GPIO_InitPeripheral
<LI><a href="#[81]">&gt;&gt;</a>&nbsp;&nbsp;&nbsp;__aeabi_memclr4
<LI><a href="#[82]">&gt;&gt;</a>&nbsp;&nbsp;&nbsp;__aeabi_memcpy4
<LI><a href="#[7f]">&gt;&gt;</a>&nbsp;&nbsp;&nbsp;RCC_INIT
</UL>
<BR>[Called By]<UL><LI><a href="#[89]">&gt;&gt;</a>&nbsp;&nbsp;&nbsp;LED_Configuration
</UL>

<P><STRONG><a name="[83]"></a>GPIO_InitPeripheral</STRONG> (Thumb, 160 bytes, Stack size 20 bytes, n32h47x_48x_gpio.o(i.GPIO_InitPeripheral))
<BR><BR>[Stack]<UL><LI>Max Depth = 20<LI>Call Chain = GPIO_InitPeripheral
</UL>
<BR>[Called By]<UL><LI><a href="#[7e]">&gt;&gt;</a>&nbsp;&nbsp;&nbsp;GPIO_INIT
</UL>

<P><STRONG><a name="[80]"></a>GPIO_InitStruct</STRONG> (Thumb, 18 bytes, Stack size 0 bytes, n32h47x_48x_gpio.o(i.GPIO_InitStruct))
<BR><BR>[Called By]<UL><LI><a href="#[7e]">&gt;&gt;</a>&nbsp;&nbsp;&nbsp;GPIO_INIT
</UL>

<P><STRONG><a name="[88]"></a>GPIO_TogglePin</STRONG> (Thumb, 8 bytes, Stack size 0 bytes, n32h47x_48x_gpio.o(i.GPIO_TogglePin))
<BR><BR>[Called By]<UL><LI><a href="#[87]">&gt;&gt;</a>&nbsp;&nbsp;&nbsp;LED
</UL>

<P><STRONG><a name="[85]"></a>GPIO_WriteBits</STRONG> (Thumb, 10 bytes, Stack size 0 bytes, n32h47x_48x_gpio.o(i.GPIO_WriteBits))
<BR><BR>[Called By]<UL><LI><a href="#[87]">&gt;&gt;</a>&nbsp;&nbsp;&nbsp;LED
<LI><a href="#[84]">&gt;&gt;</a>&nbsp;&nbsp;&nbsp;GPIO_Write_Delayms
</UL>

<P><STRONG><a name="[84]"></a>GPIO_Write_Delayms</STRONG> (Thumb, 32 bytes, Stack size 24 bytes, init.o(i.GPIO_Write_Delayms))
<BR><BR>[Stack]<UL><LI>Max Depth = 40<LI>Call Chain = GPIO_Write_Delayms &rArr; delay_ms &rArr; delay_us
</UL>
<BR>[Calls]<UL><LI><a href="#[85]">&gt;&gt;</a>&nbsp;&nbsp;&nbsp;GPIO_WriteBits
<LI><a href="#[86]">&gt;&gt;</a>&nbsp;&nbsp;&nbsp;delay_ms
</UL>
<BR>[Called By]<UL><LI><a href="#[8f]">&gt;&gt;</a>&nbsp;&nbsp;&nbsp;RS485_Mode
</UL>

<P><STRONG><a name="[2]"></a>HardFault_Handler</STRONG> (Thumb, 4 bytes, Stack size 0 bytes, n32h47x_48x_it.o(i.HardFault_Handler))
<BR>[Address Reference Count : 1]<UL><LI> startup_n32h487.o(RESET)
</UL>
<P><STRONG><a name="[87]"></a>LED</STRONG> (Thumb, 110 bytes, Stack size 16 bytes, led.o(i.LED))
<BR><BR>[Stack]<UL><LI>Max Depth = 16<LI>Call Chain = LED
</UL>
<BR>[Calls]<UL><LI><a href="#[85]">&gt;&gt;</a>&nbsp;&nbsp;&nbsp;GPIO_WriteBits
<LI><a href="#[88]">&gt;&gt;</a>&nbsp;&nbsp;&nbsp;GPIO_TogglePin
</UL>
<BR>[Called By]<UL><LI><a href="#[75]">&gt;&gt;</a>&nbsp;&nbsp;&nbsp;main
</UL>

<P><STRONG><a name="[89]"></a>LED_Configuration</STRONG> (Thumb, 140 bytes, Stack size 72 bytes, led.o(i.LED_Configuration))
<BR><BR>[Stack]<UL><LI>Max Depth = 164<LI>Call Chain = LED_Configuration &rArr; GPIO_INIT &rArr; GPIO_InitPeripheral
</UL>
<BR>[Calls]<UL><LI><a href="#[8b]">&gt;&gt;</a>&nbsp;&nbsp;&nbsp;GPIO_ConfigPinRemap
<LI><a href="#[8a]">&gt;&gt;</a>&nbsp;&nbsp;&nbsp;RCC_EnableAPB2PeriphClk
<LI><a href="#[7e]">&gt;&gt;</a>&nbsp;&nbsp;&nbsp;GPIO_INIT
<LI><a href="#[82]">&gt;&gt;</a>&nbsp;&nbsp;&nbsp;__aeabi_memcpy4
</UL>
<BR>[Called By]<UL><LI><a href="#[75]">&gt;&gt;</a>&nbsp;&nbsp;&nbsp;main
</UL>

<P><STRONG><a name="[3]"></a>MemManage_Handler</STRONG> (Thumb, 4 bytes, Stack size 0 bytes, n32h47x_48x_it.o(i.MemManage_Handler))
<BR>[Address Reference Count : 1]<UL><LI> startup_n32h487.o(RESET)
</UL>
<P><STRONG><a name="[1]"></a>NMI_Handler</STRONG> (Thumb, 2 bytes, Stack size 0 bytes, n32h47x_48x_it.o(i.NMI_Handler))
<BR>[Address Reference Count : 1]<UL><LI> startup_n32h487.o(RESET)
</UL>
<P><STRONG><a name="[8c]"></a>RCC_EnableAHB1PeriphClk</STRONG> (Thumb, 26 bytes, Stack size 0 bytes, n32h47x_48x_rcc.o(i.RCC_EnableAHB1PeriphClk))
<BR><BR>[Called By]<UL><LI><a href="#[7f]">&gt;&gt;</a>&nbsp;&nbsp;&nbsp;RCC_INIT
</UL>

<P><STRONG><a name="[8e]"></a>RCC_EnableAHBPeriphClk</STRONG> (Thumb, 26 bytes, Stack size 0 bytes, n32h47x_48x_rcc.o(i.RCC_EnableAHBPeriphClk))
<BR><BR>[Called By]<UL><LI><a href="#[7f]">&gt;&gt;</a>&nbsp;&nbsp;&nbsp;RCC_INIT
</UL>

<P><STRONG><a name="[8d]"></a>RCC_EnableAPB1PeriphClk</STRONG> (Thumb, 26 bytes, Stack size 0 bytes, n32h47x_48x_rcc.o(i.RCC_EnableAPB1PeriphClk))
<BR><BR>[Called By]<UL><LI><a href="#[7f]">&gt;&gt;</a>&nbsp;&nbsp;&nbsp;RCC_INIT
</UL>

<P><STRONG><a name="[8a]"></a>RCC_EnableAPB2PeriphClk</STRONG> (Thumb, 26 bytes, Stack size 0 bytes, n32h47x_48x_rcc.o(i.RCC_EnableAPB2PeriphClk))
<BR><BR>[Called By]<UL><LI><a href="#[89]">&gt;&gt;</a>&nbsp;&nbsp;&nbsp;LED_Configuration
<LI><a href="#[7f]">&gt;&gt;</a>&nbsp;&nbsp;&nbsp;RCC_INIT
</UL>

<P><STRONG><a name="[7f]"></a>RCC_INIT</STRONG> (Thumb, 614 bytes, Stack size 8 bytes, init.o(i.RCC_INIT))
<BR><BR>[Stack]<UL><LI>Max Depth = 8<LI>Call Chain = RCC_INIT
</UL>
<BR>[Calls]<UL><LI><a href="#[8a]">&gt;&gt;</a>&nbsp;&nbsp;&nbsp;RCC_EnableAPB2PeriphClk
<LI><a href="#[8d]">&gt;&gt;</a>&nbsp;&nbsp;&nbsp;RCC_EnableAPB1PeriphClk
<LI><a href="#[8e]">&gt;&gt;</a>&nbsp;&nbsp;&nbsp;RCC_EnableAHBPeriphClk
<LI><a href="#[8c]">&gt;&gt;</a>&nbsp;&nbsp;&nbsp;RCC_EnableAHB1PeriphClk
</UL>
<BR>[Called By]<UL><LI><a href="#[7e]">&gt;&gt;</a>&nbsp;&nbsp;&nbsp;GPIO_INIT
</UL>

<P><STRONG><a name="[6]"></a>SVC_Handler</STRONG> (Thumb, 2 bytes, Stack size 0 bytes, n32h47x_48x_it.o(i.SVC_Handler))
<BR>[Address Reference Count : 1]<UL><LI> startup_n32h487.o(RESET)
</UL>
<P><STRONG><a name="[9]"></a>SysTick_Handler</STRONG> (Thumb, 2 bytes, Stack size 0 bytes, n32h47x_48x_it.o(i.SysTick_Handler))
<BR>[Address Reference Count : 1]<UL><LI> startup_n32h487.o(RESET)
</UL>
<P><STRONG><a name="[76]"></a>SystemInit</STRONG> (Thumb, 128 bytes, Stack size 8 bytes, system_n32h47x_48x.o(i.SystemInit))
<BR><BR>[Stack]<UL><LI>Max Depth = 28<LI>Call Chain = SystemInit &rArr; SetSysClock
</UL>
<BR>[Calls]<UL><LI><a href="#[90]">&gt;&gt;</a>&nbsp;&nbsp;&nbsp;SetSysClock
<LI><a href="#[91]">&gt;&gt;</a>&nbsp;&nbsp;&nbsp;SetStartupVolt
</UL>
<BR>[Address Reference Count : 1]<UL><LI> startup_n32h487.o(.text)
</UL>
<P><STRONG><a name="[53]"></a>UART6_IRQHandler</STRONG> (Thumb, 10 bytes, Stack size 8 bytes, usart.o(i.UART6_IRQHandler))
<BR><BR>[Stack]<UL><LI>Max Depth = 96<LI>Call Chain = UART6_IRQHandler &rArr; USART_IRQHandler &rArr; USART_SendStr &rArr; RS485_Mode &rArr; GPIO_Write_Delayms &rArr; delay_ms &rArr; delay_us
</UL>
<BR>[Calls]<UL><LI><a href="#[92]">&gt;&gt;</a>&nbsp;&nbsp;&nbsp;USART_IRQHandler
</UL>
<BR>[Address Reference Count : 1]<UL><LI> startup_n32h487.o(RESET)
</UL>
<P><STRONG><a name="[54]"></a>UART7_IRQHandler</STRONG> (Thumb, 10 bytes, Stack size 8 bytes, usart.o(i.UART7_IRQHandler))
<BR><BR>[Stack]<UL><LI>Max Depth = 96<LI>Call Chain = UART7_IRQHandler &rArr; USART_IRQHandler &rArr; USART_SendStr &rArr; RS485_Mode &rArr; GPIO_Write_Delayms &rArr; delay_ms &rArr; delay_us
</UL>
<BR>[Calls]<UL><LI><a href="#[92]">&gt;&gt;</a>&nbsp;&nbsp;&nbsp;USART_IRQHandler
</UL>
<BR>[Address Reference Count : 1]<UL><LI> startup_n32h487.o(RESET)
</UL>
<P><STRONG><a name="[2f]"></a>USART1_IRQHandler</STRONG> (Thumb, 10 bytes, Stack size 8 bytes, usart.o(i.USART1_IRQHandler))
<BR><BR>[Stack]<UL><LI>Max Depth = 96<LI>Call Chain = USART1_IRQHandler &rArr; USART_IRQHandler &rArr; USART_SendStr &rArr; RS485_Mode &rArr; GPIO_Write_Delayms &rArr; delay_ms &rArr; delay_us
</UL>
<BR>[Calls]<UL><LI><a href="#[92]">&gt;&gt;</a>&nbsp;&nbsp;&nbsp;USART_IRQHandler
</UL>
<BR>[Address Reference Count : 1]<UL><LI> startup_n32h487.o(RESET)
</UL>
<P><STRONG><a name="[3e]"></a>USART4_IRQHandler</STRONG> (Thumb, 10 bytes, Stack size 8 bytes, usart.o(i.USART4_IRQHandler))
<BR><BR>[Stack]<UL><LI>Max Depth = 96<LI>Call Chain = USART4_IRQHandler &rArr; USART_IRQHandler &rArr; USART_SendStr &rArr; RS485_Mode &rArr; GPIO_Write_Delayms &rArr; delay_ms &rArr; delay_us
</UL>
<BR>[Calls]<UL><LI><a href="#[92]">&gt;&gt;</a>&nbsp;&nbsp;&nbsp;USART_IRQHandler
</UL>
<BR>[Address Reference Count : 1]<UL><LI> startup_n32h487.o(RESET)
</UL>
<P><STRONG><a name="[99]"></a>USART_ClrFlag</STRONG> (Thumb, 20 bytes, Stack size 0 bytes, n32h47x_48x_usart.o(i.USART_ClrFlag))
<BR><BR>[Called By]<UL><LI><a href="#[96]">&gt;&gt;</a>&nbsp;&nbsp;&nbsp;USART_SendStr
</UL>

<P><STRONG><a name="[93]"></a>USART_GetFlagStatus</STRONG> (Thumb, 16 bytes, Stack size 0 bytes, n32h47x_48x_usart.o(i.USART_GetFlagStatus))
<BR><BR>[Called By]<UL><LI><a href="#[96]">&gt;&gt;</a>&nbsp;&nbsp;&nbsp;USART_SendStr
<LI><a href="#[92]">&gt;&gt;</a>&nbsp;&nbsp;&nbsp;USART_IRQHandler
</UL>

<P><STRONG><a name="[94]"></a>USART_GetIntStatus</STRONG> (Thumb, 58 bytes, Stack size 8 bytes, n32h47x_48x_usart.o(i.USART_GetIntStatus))
<BR><BR>[Stack]<UL><LI>Max Depth = 8<LI>Call Chain = USART_GetIntStatus
</UL>
<BR>[Called By]<UL><LI><a href="#[92]">&gt;&gt;</a>&nbsp;&nbsp;&nbsp;USART_IRQHandler
</UL>

<P><STRONG><a name="[92]"></a>USART_IRQHandler</STRONG> (Thumb, 190 bytes, Stack size 8 bytes, usart.o(i.USART_IRQHandler))
<BR><BR>[Stack]<UL><LI>Max Depth = 88<LI>Call Chain = USART_IRQHandler &rArr; USART_SendStr &rArr; RS485_Mode &rArr; GPIO_Write_Delayms &rArr; delay_ms &rArr; delay_us
</UL>
<BR>[Calls]<UL><LI><a href="#[98]">&gt;&gt;</a>&nbsp;&nbsp;&nbsp;DMA_SetCurrDataCounter
<LI><a href="#[95]">&gt;&gt;</a>&nbsp;&nbsp;&nbsp;DMA_GetCurrDataCounter
<LI><a href="#[97]">&gt;&gt;</a>&nbsp;&nbsp;&nbsp;DMA_EnableChannel
<LI><a href="#[96]">&gt;&gt;</a>&nbsp;&nbsp;&nbsp;USART_SendStr
<LI><a href="#[94]">&gt;&gt;</a>&nbsp;&nbsp;&nbsp;USART_GetIntStatus
<LI><a href="#[93]">&gt;&gt;</a>&nbsp;&nbsp;&nbsp;USART_GetFlagStatus
</UL>
<BR>[Called By]<UL><LI><a href="#[3e]">&gt;&gt;</a>&nbsp;&nbsp;&nbsp;USART4_IRQHandler
<LI><a href="#[2f]">&gt;&gt;</a>&nbsp;&nbsp;&nbsp;USART1_IRQHandler
<LI><a href="#[54]">&gt;&gt;</a>&nbsp;&nbsp;&nbsp;UART7_IRQHandler
<LI><a href="#[53]">&gt;&gt;</a>&nbsp;&nbsp;&nbsp;UART6_IRQHandler
</UL>

<P><STRONG><a name="[9a]"></a>USART_SendData</STRONG> (Thumb, 8 bytes, Stack size 0 bytes, n32h47x_48x_usart.o(i.USART_SendData))
<BR><BR>[Called By]<UL><LI><a href="#[96]">&gt;&gt;</a>&nbsp;&nbsp;&nbsp;USART_SendStr
</UL>

<P><STRONG><a name="[96]"></a>USART_SendStr</STRONG> (Thumb, 74 bytes, Stack size 24 bytes, usart.o(i.USART_SendStr))
<BR><BR>[Stack]<UL><LI>Max Depth = 80<LI>Call Chain = USART_SendStr &rArr; RS485_Mode &rArr; GPIO_Write_Delayms &rArr; delay_ms &rArr; delay_us
</UL>
<BR>[Calls]<UL><LI><a href="#[8f]">&gt;&gt;</a>&nbsp;&nbsp;&nbsp;RS485_Mode
<LI><a href="#[9a]">&gt;&gt;</a>&nbsp;&nbsp;&nbsp;USART_SendData
<LI><a href="#[93]">&gt;&gt;</a>&nbsp;&nbsp;&nbsp;USART_GetFlagStatus
<LI><a href="#[99]">&gt;&gt;</a>&nbsp;&nbsp;&nbsp;USART_ClrFlag
</UL>
<BR>[Called By]<UL><LI><a href="#[92]">&gt;&gt;</a>&nbsp;&nbsp;&nbsp;USART_IRQHandler
</UL>

<P><STRONG><a name="[5]"></a>UsageFault_Handler</STRONG> (Thumb, 4 bytes, Stack size 0 bytes, n32h47x_48x_it.o(i.UsageFault_Handler))
<BR>[Address Reference Count : 1]<UL><LI> startup_n32h487.o(RESET)
</UL>
<P><STRONG><a name="[a8]"></a>__scatterload_copy</STRONG> (Thumb, 14 bytes, Stack size unknown bytes, handlers.o(i.__scatterload_copy), UNUSED)

<P><STRONG><a name="[a9]"></a>__scatterload_null</STRONG> (Thumb, 2 bytes, Stack size unknown bytes, handlers.o(i.__scatterload_null), UNUSED)

<P><STRONG><a name="[aa]"></a>__scatterload_zeroinit</STRONG> (Thumb, 14 bytes, Stack size unknown bytes, handlers.o(i.__scatterload_zeroinit), UNUSED)

<P><STRONG><a name="[86]"></a>delay_ms</STRONG> (Thumb, 24 bytes, Stack size 8 bytes, init.o(i.delay_ms))
<BR><BR>[Stack]<UL><LI>Max Depth = 16<LI>Call Chain = delay_ms &rArr; delay_us
</UL>
<BR>[Calls]<UL><LI><a href="#[9b]">&gt;&gt;</a>&nbsp;&nbsp;&nbsp;delay_us
</UL>
<BR>[Called By]<UL><LI><a href="#[84]">&gt;&gt;</a>&nbsp;&nbsp;&nbsp;GPIO_Write_Delayms
</UL>

<P><STRONG><a name="[9b]"></a>delay_us</STRONG> (Thumb, 34 bytes, Stack size 8 bytes, init.o(i.delay_us))
<BR><BR>[Stack]<UL><LI>Max Depth = 8<LI>Call Chain = delay_us
</UL>
<BR>[Called By]<UL><LI><a href="#[86]">&gt;&gt;</a>&nbsp;&nbsp;&nbsp;delay_ms
</UL>

<P><STRONG><a name="[75]"></a>main</STRONG> (Thumb, 24 bytes, Stack size 0 bytes, main.o(i.main))
<BR><BR>[Stack]<UL><LI>Max Depth = 164<LI>Call Chain = main &rArr; LED_Configuration &rArr; GPIO_INIT &rArr; GPIO_InitPeripheral
</UL>
<BR>[Calls]<UL><LI><a href="#[89]">&gt;&gt;</a>&nbsp;&nbsp;&nbsp;LED_Configuration
<LI><a href="#[87]">&gt;&gt;</a>&nbsp;&nbsp;&nbsp;LED
</UL>
<BR>[Address Reference Count : 1]<UL><LI> entry9a.o(.ARM.Collect$$$$0000000B)
</UL><P>
<H3>
Local Symbols
</H3>
<P><STRONG><a name="[91]"></a>SetStartupVolt</STRONG> (Thumb, 138 bytes, Stack size 12 bytes, system_n32h47x_48x.o(i.SetStartupVolt))
<BR><BR>[Stack]<UL><LI>Max Depth = 12<LI>Call Chain = SetStartupVolt
</UL>
<BR>[Called By]<UL><LI><a href="#[76]">&gt;&gt;</a>&nbsp;&nbsp;&nbsp;SystemInit
</UL>

<P><STRONG><a name="[90]"></a>SetSysClock</STRONG> (Thumb, 182 bytes, Stack size 20 bytes, system_n32h47x_48x.o(i.SetSysClock))
<BR><BR>[Stack]<UL><LI>Max Depth = 20<LI>Call Chain = SetSysClock
</UL>
<BR>[Called By]<UL><LI><a href="#[76]">&gt;&gt;</a>&nbsp;&nbsp;&nbsp;SystemInit
</UL>

<P><STRONG><a name="[8f]"></a>RS485_Mode</STRONG> (Thumb, 118 bytes, Stack size 16 bytes, usart.o(i.RS485_Mode))
<BR><BR>[Stack]<UL><LI>Max Depth = 56<LI>Call Chain = RS485_Mode &rArr; GPIO_Write_Delayms &rArr; delay_ms &rArr; delay_us
</UL>
<BR>[Calls]<UL><LI><a href="#[84]">&gt;&gt;</a>&nbsp;&nbsp;&nbsp;GPIO_Write_Delayms
</UL>
<BR>[Called By]<UL><LI><a href="#[96]">&gt;&gt;</a>&nbsp;&nbsp;&nbsp;USART_SendStr
</UL>
<P>
<H3>
Undefined Global Symbols
</H3><HR></body></html>
